Archive member included to satisfy reference by file (symbol)

/Applications/ArmGNUToolchain/12.2.rel1/arm-none-eabi/bin/../lib/gcc/arm-none-eabi/12.2.1/thumb/v6-m/nofp/libgcc.a(_dvmd_tls.o)
                              CMakeFiles/lab06.dir/Users/conor/Desktop/pico/pico-sdk/src/rp2_common/pico_divider/divider.S.obj (__aeabi_idiv0)
/Applications/ArmGNUToolchain/12.2.rel1/arm-none-eabi/bin/../lib/gcc/arm-none-eabi/12.2.1/../../../../arm-none-eabi/lib/thumb/v6-m/nofp/libc.a(libc_a-calloc.o)
                              CMakeFiles/lab06.dir/Users/conor/Desktop/pico/pico-sdk/src/rp2_common/pico_malloc/pico_malloc.c.obj (calloc)
/Applications/ArmGNUToolchain/12.2.rel1/arm-none-eabi/bin/../lib/gcc/arm-none-eabi/12.2.1/../../../../arm-none-eabi/lib/thumb/v6-m/nofp/libc.a(libc_a-callocr.o)
                              /Applications/ArmGNUToolchain/12.2.rel1/arm-none-eabi/bin/../lib/gcc/arm-none-eabi/12.2.1/../../../../arm-none-eabi/lib/thumb/v6-m/nofp/libc.a(libc_a-calloc.o) (_calloc_r)
/Applications/ArmGNUToolchain/12.2.rel1/arm-none-eabi/bin/../lib/gcc/arm-none-eabi/12.2.1/../../../../arm-none-eabi/lib/thumb/v6-m/nofp/libc.a(libc_a-malloc.o)
                              CMakeFiles/lab06.dir/Users/conor/Desktop/pico/pico-sdk/src/rp2_common/pico_malloc/pico_malloc.c.obj (malloc)
/Applications/ArmGNUToolchain/12.2.rel1/arm-none-eabi/bin/../lib/gcc/arm-none-eabi/12.2.1/../../../../arm-none-eabi/lib/thumb/v6-m/nofp/libc.a(libc_a-mallocr.o)
                              /Applications/ArmGNUToolchain/12.2.rel1/arm-none-eabi/bin/../lib/gcc/arm-none-eabi/12.2.1/../../../../arm-none-eabi/lib/thumb/v6-m/nofp/libc.a(libc_a-callocr.o) (_malloc_r)
/Applications/ArmGNUToolchain/12.2.rel1/arm-none-eabi/bin/../lib/gcc/arm-none-eabi/12.2.1/../../../../arm-none-eabi/lib/thumb/v6-m/nofp/libc.a(libc_a-mlock.o)
                              /Applications/ArmGNUToolchain/12.2.rel1/arm-none-eabi/bin/../lib/gcc/arm-none-eabi/12.2.1/../../../../arm-none-eabi/lib/thumb/v6-m/nofp/libc.a(libc_a-mallocr.o) (__malloc_lock)
/Applications/ArmGNUToolchain/12.2.rel1/arm-none-eabi/bin/../lib/gcc/arm-none-eabi/12.2.1/../../../../arm-none-eabi/lib/thumb/v6-m/nofp/libc.a(libc_a-realloc.o)
                              CMakeFiles/lab06.dir/Users/conor/Desktop/pico/pico-sdk/src/rp2_common/pico_malloc/pico_malloc.c.obj (realloc)
/Applications/ArmGNUToolchain/12.2.rel1/arm-none-eabi/bin/../lib/gcc/arm-none-eabi/12.2.1/../../../../arm-none-eabi/lib/thumb/v6-m/nofp/libc.a(libc_a-reallocr.o)
                              /Applications/ArmGNUToolchain/12.2.rel1/arm-none-eabi/bin/../lib/gcc/arm-none-eabi/12.2.1/../../../../arm-none-eabi/lib/thumb/v6-m/nofp/libc.a(libc_a-realloc.o) (_realloc_r)
/Applications/ArmGNUToolchain/12.2.rel1/arm-none-eabi/bin/../lib/gcc/arm-none-eabi/12.2.1/../../../../arm-none-eabi/lib/thumb/v6-m/nofp/libc.a(libc_a-memmove.o)
                              /Applications/ArmGNUToolchain/12.2.rel1/arm-none-eabi/bin/../lib/gcc/arm-none-eabi/12.2.1/../../../../arm-none-eabi/lib/thumb/v6-m/nofp/libc.a(libc_a-reallocr.o) (memmove)
/Applications/ArmGNUToolchain/12.2.rel1/arm-none-eabi/bin/../lib/gcc/arm-none-eabi/12.2.1/../../../../arm-none-eabi/lib/thumb/v6-m/nofp/libc.a(libc_a-impure.o)
                              /Applications/ArmGNUToolchain/12.2.rel1/arm-none-eabi/bin/../lib/gcc/arm-none-eabi/12.2.1/../../../../arm-none-eabi/lib/thumb/v6-m/nofp/libc.a(libc_a-calloc.o) (_impure_ptr)
/Applications/ArmGNUToolchain/12.2.rel1/arm-none-eabi/bin/../lib/gcc/arm-none-eabi/12.2.1/../../../../arm-none-eabi/lib/thumb/v6-m/nofp/libc.a(libc_a-sbrkr.o)
                              /Applications/ArmGNUToolchain/12.2.rel1/arm-none-eabi/bin/../lib/gcc/arm-none-eabi/12.2.1/../../../../arm-none-eabi/lib/thumb/v6-m/nofp/libc.a(libc_a-mallocr.o) (_sbrk_r)
/Applications/ArmGNUToolchain/12.2.rel1/arm-none-eabi/bin/../lib/gcc/arm-none-eabi/12.2.1/../../../../arm-none-eabi/lib/thumb/v6-m/nofp/libc.a(libc_a-errno.o)
                              /Applications/ArmGNUToolchain/12.2.rel1/arm-none-eabi/bin/../lib/gcc/arm-none-eabi/12.2.1/../../../../arm-none-eabi/lib/thumb/v6-m/nofp/libc.a(libc_a-callocr.o) (__errno)
/Applications/ArmGNUToolchain/12.2.rel1/arm-none-eabi/bin/../lib/gcc/arm-none-eabi/12.2.1/../../../../arm-none-eabi/lib/thumb/v6-m/nofp/libc.a(libc_a-sysconf.o)
                              /Applications/ArmGNUToolchain/12.2.rel1/arm-none-eabi/bin/../lib/gcc/arm-none-eabi/12.2.1/../../../../arm-none-eabi/lib/thumb/v6-m/nofp/libc.a(libc_a-mallocr.o) (sysconf)
/Applications/ArmGNUToolchain/12.2.rel1/arm-none-eabi/bin/../lib/gcc/arm-none-eabi/12.2.1/../../../../arm-none-eabi/lib/thumb/v6-m/nofp/libc.a(libc_a-init.o)
                              /Applications/ArmGNUToolchain/12.2.rel1/arm-none-eabi/bin/../lib/gcc/arm-none-eabi/12.2.1/../../../../arm-none-eabi/lib/thumb/v6-m/nofp/crt0.o (__libc_init_array)
[...]
Memory Configuration

Name             Origin             Length             Attributes
FLASH            0x0000000010000000 0x0000000000200000 xr
RAM              0x0000000020000000 0x0000000000040000 xrw
SCRATCH_X        0x0000000020040000 0x0000000000001000 xrw
SCRATCH_Y        0x0000000020041000 0x0000000000001000 xrw
*default*        0x0000000000000000 0xffffffffffffffff

Linker script and memory map

LOAD /Applications/ArmGNUToolchain/12.2.rel1/arm-none-eabi/bin/../lib/gcc/arm-none-eabi/12.2.1/thumb/v6-m/nofp/crti.o
LOAD /Applications/ArmGNUToolchain/12.2.rel1/arm-none-eabi/bin/../lib/gcc/arm-none-eabi/12.2.1/thumb/v6-m/nofp/crtbegin.o
LOAD /Applications/ArmGNUToolchain/12.2.rel1/arm-none-eabi/bin/../lib/gcc/arm-none-eabi/12.2.1/../../../../arm-none-eabi/lib/thumb/v6-m/nofp/crt0.o

.flash_begin    0x0000000010000000        0x0
                0x0000000010000000                __flash_binary_start = .

.boot2          0x0000000010000000      0x100
                0x0000000010000000                __boot2_start__ = .
 *(.boot2)
 .boot2         0x0000000010000000      0x100 /var/folders/tb/ccwl9r592hn9v_xpq9s1bzlr0000gn/T//ccVf4rnR.o
                0x0000000010000100                __boot2_end__ = .
                0x0000000000000001                ASSERT (((__boot2_end__ - __boot2_start__) == 0x100), ERROR: Pico second stage bootloader must be 256 bytes in size)

.text           0x0000000010000100     0x45b8
                0x0000000010000100                __logical_binary_start = .
 *(.vectors)
 .vectors       0x0000000010000100       0xd4 CMakeFiles/lab06.dir/Users/conor/Desktop/pico/pico-sdk/src/rp2_common/pico_standard_link/crt0.S.obj
                0x0000000010000100                __VECTOR_TABLE
                0x0000000010000100                __vectors
                0x00000000100001c0                __default_isrs_start
                0x00000000100001c0                isr_invalid
                0x00000000100001c2                isr_nmi
                0x00000000100001c4                isr_hardfault
                0x00000000100001c6                isr_svcall
                0x00000000100001c8                isr_pendsv
                0x00000000100001ca                isr_systick
                0x00000000100001cc                isr_irq28
                0x00000000100001cc                isr_irq19
                0x00000000100001cc                isr_irq0
                0x00000000100001cc                isr_irq6
                0x00000000100001cc                isr_irq22
                0x00000000100001cc                isr_irq17
                0x00000000100001cc                isr_irq14
                0x00000000100001cc                isr_irq2
                0x00000000100001cc                isr_irq10
                0x00000000100001cc                isr_irq8
                0x00000000100001cc                isr_irq24
                0x00000000100001cc                isr_irq1
                0x00000000100001cc                isr_irq7
                0x00000000100001cc                isr_irq21
                0x00000000100001cc                isr_irq20
                0x00000000100001cc                isr_irq15
                0x00000000100001cc                isr_irq25
                0x00000000100001cc                isr_irq4
                0x00000000100001cc                isr_irq16
                0x00000000100001cc                isr_irq29
                0x00000000100001cc                isr_irq26
                0x00000000100001cc                __default_isrs_end
                0x00000000100001cc                isr_irq3
                0x00000000100001cc                isr_irq9
                0x00000000100001cc                __unhandled_user_irq
                0x00000000100001cc                isr_irq13
                0x00000000100001cc                isr_irq27
                0x00000000100001cc                isr_irq31
                0x00000000100001cc                isr_irq5
                0x00000000100001cc                isr_irq11
                0x00000000100001cc                isr_irq23
                0x00000000100001cc                isr_irq18
                0x00000000100001cc                isr_irq30
                0x00000000100001cc                isr_irq12
                0x00000000100001d2                unhandled_user_irq_num_in_r0
 *(.binary_info_header)
 .binary_info_header
                0x00000000100001d4       0x14 CMakeFiles/lab06.dir/Users/conor/Desktop/pico/pico-sdk/src/rp2_common/pico_standard_link/crt0.S.obj
                0x00000000100001e8                __binary_info_header_end = .
 *(.reset)
 .reset         0x00000000100001e8       0xa8 CMakeFiles/lab06.dir/Users/conor/Desktop/pico/pico-sdk/src/rp2_common/pico_standard_link/crt0.S.obj
                0x00000000100001e8                _entry_point
                0x0000000010000266                __get_current_exception
 .reset         0x0000000010000290       0x30 CMakeFiles/lab06.dir/Users/conor/Desktop/pico/pico-sdk/src/rp2_common/pico_standard_link/binary_info.c.obj
 *(.init)
 .init          0x00000000100002c0        0x4 /Applications/ArmGNUToolchain/12.2.rel1/arm-none-eabi/bin/../lib/gcc/arm-none-eabi/12.2.1/thumb/v6-m/nofp/crti.o
                0x00000000100002c0                _init
 *(EXCLUDE_FILE(*libm.a: *libc.a:*lib_a-mem*.o *libgcc.a:) .text*)
 .text.register_tm_clones
                0x00000000100002c4       0x28 /Applications/ArmGNUToolchain/12.2.rel1/arm-none-eabi/bin/../lib/gcc/arm-none-eabi/12.2.1/thumb/v6-m/nofp/crtbegin.o
 .text.frame_dummy
                0x00000000100002ec       0x24 /Applications/ArmGNUToolchain/12.2.rel1/arm-none-eabi/bin/../lib/gcc/arm-none-eabi/12.2.1/thumb/v6-m/nofp/crtbegin.o
 .text.wallis_float
                0x0000000010000310       0x6c CMakeFiles/lab06.dir/lab06.c.obj
                0x0000000010000310                wallis_float
 .text.core1_entry
                0x000000001000037c       0x14 CMakeFiles/lab06.dir/lab06.c.obj
                0x000000001000037c                core1_entry
 .text.startup.main
                0x0000000010000390      0x378 CMakeFiles/lab06.dir/lab06.c.obj
                0x0000000010000390                main
 .text.gpio_set_function
                0x0000000010000708       0x30 CMakeFiles/lab06.dir/Users/conor/Desktop/pico/pico-sdk/src/rp2_common/hardware_gpio/gpio.c.obj
                0x0000000010000708                gpio_set_function
 .text.hw_claim_or_assert
                0x0000000010000738       0x44 CMakeFiles/lab06.dir/Users/conor/Desktop/pico/pico-sdk/src/rp2_common/hardware_claim/claim.c.obj
                0x0000000010000738                hw_claim_or_assert
 .text.running_on_fpga
                0x000000001000077c       0x10 CMakeFiles/lab06.dir/Users/conor/Desktop/pico/pico-sdk/src/rp2_common/pico_platform/platform.c.obj
                0x000000001000077c                running_on_fpga
 .text.spin_locks_reset
                0x000000001000078c       0x1c CMakeFiles/lab06.dir/Users/conor/Desktop/pico/pico-sdk/src/rp2_common/hardware_sync/sync.c.obj
                0x000000001000078c                spin_locks_reset
 .text.next_striped_spin_lock_num
                0x00000000100007a8       0x18 CMakeFiles/lab06.dir/Users/conor/Desktop/pico/pico-sdk/src/rp2_common/hardware_sync/sync.c.obj
                0x00000000100007a8                next_striped_spin_lock_num
 .text.irq_set_enabled
                0x00000000100007c0       0x24 CMakeFiles/lab06.dir/Users/conor/Desktop/pico/pico-sdk/src/rp2_common/hardware_irq/irq.c.obj
                0x00000000100007c0                irq_set_enabled
 .text.irq_is_enabled
                0x00000000100007e4       0x18 CMakeFiles/lab06.dir/Users/conor/Desktop/pico/pico-sdk/src/rp2_common/hardware_irq/irq.c.obj
                0x00000000100007e4                irq_is_enabled
 .text.irq_get_vtable_handler
                0x00000000100007fc       0x10 CMakeFiles/lab06.dir/Users/conor/Desktop/pico/pico-sdk/src/rp2_common/hardware_irq/irq.c.obj
                0x00000000100007fc                irq_get_vtable_handler
 .text.irq_set_exclusive_handler
                0x000000001000080c       0x54 CMakeFiles/lab06.dir/Users/conor/Desktop/pico/pico-sdk/src/rp2_common/hardware_irq/irq.c.obj
                0x000000001000080c                irq_set_exclusive_handler
 .text.irq_remove_handler
                0x0000000010000860      0x1cc CMakeFiles/lab06.dir/Users/conor/Desktop/pico/pico-sdk/src/rp2_common/hardware_irq/irq.c.obj
                0x0000000010000860                irq_remove_handler
 .text.irq_add_tail_to_free_list
                0x0000000010000a2c       0xb4 CMakeFiles/lab06.dir/Users/conor/Desktop/pico/pico-sdk/src/rp2_common/hardware_irq/irq.c.obj
                0x0000000010000a2c                irq_add_tail_to_free_list
 .text.irq_init_priorities
                0x0000000010000ae0       0x24 CMakeFiles/lab06.dir/Users/conor/Desktop/pico/pico-sdk/src/rp2_common/hardware_irq/irq.c.obj
                0x0000000010000ae0                irq_init_priorities
 .text.lock_init
                0x0000000010000b04       0x10 CMakeFiles/lab06.dir/Users/conor/Desktop/pico/pico-sdk/src/common/pico_sync/lock_core.c.obj
                0x0000000010000b04                lock_init
 .text.timer_pool_entry_comparator
                0x0000000010000b14       0x34 CMakeFiles/lab06.dir/Users/conor/Desktop/pico/pico-sdk/src/common/pico_time/time.c.obj
                0x0000000010000b14                timer_pool_entry_comparator
 .text.add_alarm_under_lock.isra.0
                0x0000000010000b48      0x100 CMakeFiles/lab06.dir/Users/conor/Desktop/pico/pico-sdk/src/common/pico_time/time.c.obj
 .text.alarm_pool_alarm_callback
                0x0000000010000c48      0x1c4 CMakeFiles/lab06.dir/Users/conor/Desktop/pico/pico-sdk/src/common/pico_time/time.c.obj
 .text.alarm_pool_init_default
                0x0000000010000e0c       0x64 CMakeFiles/lab06.dir/Users/conor/Desktop/pico/pico-sdk/src/common/pico_time/time.c.obj
                0x0000000010000e0c                alarm_pool_init_default
 .text.hardware_alarm_irq_handler
                0x0000000010000e70       0xb8 CMakeFiles/lab06.dir/Users/conor/Desktop/pico/pico-sdk/src/rp2_common/hardware_timer/timer.c.obj
 .text.hardware_alarm_claim
                0x0000000010000f28       0x18 CMakeFiles/lab06.dir/Users/conor/Desktop/pico/pico-sdk/src/rp2_common/hardware_timer/timer.c.obj
                0x0000000010000f28                hardware_alarm_claim
 .text.time_us_64
                0x0000000010000f40       0x14 CMakeFiles/lab06.dir/Users/conor/Desktop/pico/pico-sdk/src/rp2_common/hardware_timer/timer.c.obj
                0x0000000010000f40                time_us_64
 .text.hardware_alarm_set_callback
                0x0000000010000f54       0x8c CMakeFiles/lab06.dir/Users/conor/Desktop/pico/pico-sdk/src/rp2_common/hardware_timer/timer.c.obj
                0x0000000010000f54                hardware_alarm_set_callback
 .text.hardware_alarm_set_target
                0x0000000010000fe0       0xdc CMakeFiles/lab06.dir/Users/conor/Desktop/pico/pico-sdk/src/rp2_common/hardware_timer/timer.c.obj
                0x0000000010000fe0                hardware_alarm_set_target
 .text.hardware_alarm_cancel
                0x00000000100010bc       0x3c CMakeFiles/lab06.dir/Users/conor/Desktop/pico/pico-sdk/src/rp2_common/hardware_timer/timer.c.obj
                0x00000000100010bc                hardware_alarm_cancel
 .text.ph_merge_nodes
                0x00000000100010f8       0x64 CMakeFiles/lab06.dir/Users/conor/Desktop/pico/pico-sdk/src/common/pico_util/pheap.c.obj
 .text.ph_post_alloc_init
                0x000000001000115c       0x3c CMakeFiles/lab06.dir/Users/conor/Desktop/pico/pico-sdk/src/common/pico_util/pheap.c.obj
                0x000000001000115c                ph_post_alloc_init
 .text.ph_merge_two_pass
                0x0000000010001198       0x98 CMakeFiles/lab06.dir/Users/conor/Desktop/pico/pico-sdk/src/common/pico_util/pheap.c.obj
                0x0000000010001198                ph_merge_two_pass
 .text.ph_remove_any_head
                0x0000000010001230      0x12c CMakeFiles/lab06.dir/Users/conor/Desktop/pico/pico-sdk/src/common/pico_util/pheap.c.obj
 .text.ph_remove_head
                0x000000001000135c      0x130 CMakeFiles/lab06.dir/Users/conor/Desktop/pico/pico-sdk/src/common/pico_util/pheap.c.obj
                0x000000001000135c                ph_remove_head
 .text.ph_remove_and_free_node
                0x000000001000148c       0x78 CMakeFiles/lab06.dir/Users/conor/Desktop/pico/pico-sdk/src/common/pico_util/pheap.c.obj
                0x000000001000148c                ph_remove_and_free_node
 .text.mutex_init
                0x0000000010001504       0x1c CMakeFiles/lab06.dir/Users/conor/Desktop/pico/pico-sdk/src/common/pico_sync/mutex.c.obj
                0x0000000010001504                mutex_init
 .text.recursive_mutex_init
                0x0000000010001520       0x1c CMakeFiles/lab06.dir/Users/conor/Desktop/pico/pico-sdk/src/common/pico_sync/mutex.c.obj
                0x0000000010001520                recursive_mutex_init
 .text.uart_init
                0x000000001000153c       0xe0 CMakeFiles/lab06.dir/Users/conor/Desktop/pico/pico-sdk/src/rp2_common/hardware_uart/uart.c.obj
                0x000000001000153c                uart_init
 .text.runtime_init
                0x000000001000161c       0xf0 CMakeFiles/lab06.dir/Users/conor/Desktop/pico/pico-sdk/src/rp2_common/pico_runtime/runtime.c.obj
                0x000000001000161c                runtime_init
 .text.exit     0x000000001000170c        0x4 CMakeFiles/lab06.dir/Users/conor/Desktop/pico/pico-sdk/src/rp2_common/pico_runtime/runtime.c.obj
                0x000000001000170c                exit
 .text.panic    0x0000000010001710       0x30 CMakeFiles/lab06.dir/Users/conor/Desktop/pico/pico-sdk/src/rp2_common/pico_runtime/runtime.c.obj
                0x0000000010001710                panic
 .text.hard_assertion_failure
                0x0000000010001740        0xc CMakeFiles/lab06.dir/Users/conor/Desktop/pico/pico-sdk/src/rp2_common/pico_runtime/runtime.c.obj
                0x0000000010001740                hard_assertion_failure
 .text.clocks_init
                0x000000001000174c      0x2b4 CMakeFiles/lab06.dir/Users/conor/Desktop/pico/pico-sdk/src/rp2_common/hardware_clocks/clocks.c.obj
                0x000000001000174c                clocks_init
 .text.clock_get_hz
                0x0000000010001a00        0xc CMakeFiles/lab06.dir/Users/conor/Desktop/pico/pico-sdk/src/rp2_common/hardware_clocks/clocks.c.obj
                0x0000000010001a00                clock_get_hz
 .text.pll_init
                0x0000000010001a0c       0xa8 CMakeFiles/lab06.dir/Users/conor/Desktop/pico/pico-sdk/src/rp2_common/hardware_pll/pll.c.obj
                0x0000000010001a0c                pll_init
 .text.watchdog_start_tick
                0x0000000010001ab4       0x10 CMakeFiles/lab06.dir/Users/conor/Desktop/pico/pico-sdk/src/rp2_common/hardware_watchdog/watchdog.c.obj
                0x0000000010001ab4                watchdog_start_tick
 .text.xosc_init
                0x0000000010001ac4       0x28 CMakeFiles/lab06.dir/Users/conor/Desktop/pico/pico-sdk/src/rp2_common/hardware_xosc/xosc.c.obj
                0x0000000010001ac4                xosc_init
 .text._out_null
                0x0000000010001aec        0x4 CMakeFiles/lab06.dir/Users/conor/Desktop/pico/pico-sdk/src/rp2_common/pico_printf/printf.c.obj
 .text._out_rev
                0x0000000010001af0       0x90 CMakeFiles/lab06.dir/Users/conor/Desktop/pico/pico-sdk/src/rp2_common/pico_printf/printf.c.obj
 .text._ntoa_format
                0x0000000010001b80      0x1f4 CMakeFiles/lab06.dir/Users/conor/Desktop/pico/pico-sdk/src/rp2_common/pico_printf/printf.c.obj
 .text._out_char
                0x0000000010001d74       0x10 CMakeFiles/lab06.dir/Users/conor/Desktop/pico/pico-sdk/src/rp2_common/pico_printf/printf.c.obj
 .text._out_fct
                0x0000000010001d84       0x10 CMakeFiles/lab06.dir/Users/conor/Desktop/pico/pico-sdk/src/rp2_common/pico_printf/printf.c.obj
 .text._etoa    0x0000000010001d94      0x454 CMakeFiles/lab06.dir/Users/conor/Desktop/pico/pico-sdk/src/rp2_common/pico_printf/printf.c.obj
 .text._ftoa    0x00000000100021e8      0x3c4 CMakeFiles/lab06.dir/Users/conor/Desktop/pico/pico-sdk/src/rp2_common/pico_printf/printf.c.obj
 .text._vsnprintf
                0x00000000100025ac      0xb24 CMakeFiles/lab06.dir/Users/conor/Desktop/pico/pico-sdk/src/rp2_common/pico_printf/printf.c.obj
 .text.vfctprintf
                0x00000000100030d0       0x20 CMakeFiles/lab06.dir/Users/conor/Desktop/pico/pico-sdk/src/rp2_common/pico_printf/printf.c.obj
                0x00000000100030d0                vfctprintf
 .text.weak_raw_vprintf
                0x00000000100030f0       0x30 CMakeFiles/lab06.dir/Users/conor/Desktop/pico/pico-sdk/src/rp2_common/pico_printf/printf.c.obj
                0x00000000100030f0                weak_raw_vprintf
 .text          0x0000000010003120       0x10 CMakeFiles/lab06.dir/Users/conor/Desktop/pico/pico-sdk/src/rp2_common/pico_bit_ops/bit_ops_aeabi.S.obj
 .text.rom_func_lookup
                0x0000000010003130       0x10 CMakeFiles/lab06.dir/Users/conor/Desktop/pico/pico-sdk/src/rp2_common/pico_bootrom/bootrom.c.obj
                0x0000000010003130                rom_func_lookup
 .text.rom_data_lookup
                0x0000000010003140       0x10 CMakeFiles/lab06.dir/Users/conor/Desktop/pico/pico-sdk/src/rp2_common/pico_bootrom/bootrom.c.obj
                0x0000000010003140                rom_data_lookup
 .text.rom_funcs_lookup
                0x0000000010003150       0x44 CMakeFiles/lab06.dir/Users/conor/Desktop/pico/pico-sdk/src/rp2_common/pico_bootrom/bootrom.c.obj
                0x0000000010003150                rom_funcs_lookup
 .text.__wrap___aeabi_idiv
                0x0000000010003194       0x50 CMakeFiles/lab06.dir/Users/conor/Desktop/pico/pico-sdk/src/rp2_common/pico_divider/divider.S.obj
                0x0000000010003194                __wrap___aeabi_idivmod
                0x0000000010003194                divmod_s32s32
                0x0000000010003194                div_s32s32
                0x0000000010003194                __wrap___aeabi_idiv
                0x000000001000319c                divmod_s32s32_unsafe
                0x00000000100031c8                divmod_s32s32_savestate
 .text.__wrap___aeabi_uidiv
                0x00000000100031e4       0x4c CMakeFiles/lab06.dir/Users/conor/Desktop/pico/pico-sdk/src/rp2_common/pico_divider/divider.S.obj
                0x00000000100031e4                __wrap___aeabi_uidiv
                0x00000000100031e4                __wrap___aeabi_uidivmod
                0x00000000100031e4                div_u32u32
                0x00000000100031e4                divmod_u32u32
                0x00000000100031ec                divmod_u32u32_unsafe
                0x0000000010003214                divmod_u32u32_savestate
 .text.__wrap___aeabi_ldiv
                0x0000000010003230      0x434 CMakeFiles/lab06.dir/Users/conor/Desktop/pico/pico-sdk/src/rp2_common/pico_divider/divider.S.obj
                0x0000000010003230                __wrap___aeabi_ldivmod
                0x0000000010003230                div_s64s64
                0x0000000010003230                divmod_s64s64
                0x0000000010003268                divmod_u64u64
                0x0000000010003268                div_u64u64
                0x0000000010003268                __wrap___aeabi_uldivmod
                0x0000000010003278                divmod_u64u64_savestate
                0x00000000100032a0                divmod_s64s64_unsafe
                0x0000000010003328                divmod_u64u64_unsafe
 .text.__wrap___aeabi_darithmetic
                0x0000000010003664       0x80 CMakeFiles/lab06.dir/Users/conor/Desktop/pico/pico-sdk/src/rp2_common/pico_double/double_aeabi.S.obj
                0x0000000010003664                __wrap___aeabi_drsub
                0x000000001000366a                __wrap___aeabi_dsub
                0x000000001000367c                __wrap___aeabi_dadd
                0x000000001000368e                __wrap___aeabi_ddiv
                0x00000000100036ca                __wrap___aeabi_dmul
 .text.__wrap___aeabi_cdcmple
                0x00000000100036e4       0x6c CMakeFiles/lab06.dir/Users/conor/Desktop/pico/pico-sdk/src/rp2_common/pico_double/double_aeabi.S.obj
                0x00000000100036e4                __wrap___aeabi_cdrcmple
                0x00000000100036f4                __wrap___aeabi_cdcmple
                0x00000000100036f4                __wrap___aeabi_cdcmpeq
 .text.__wrap___aeabi_dcmplt
                0x0000000010003750        0xc CMakeFiles/lab06.dir/Users/conor/Desktop/pico/pico-sdk/src/rp2_common/pico_double/double_aeabi.S.obj
                0x0000000010003750                __wrap___aeabi_dcmplt
 .text.__wrap___aeabi_dcmple
                0x000000001000375c       0x10 CMakeFiles/lab06.dir/Users/conor/Desktop/pico/pico-sdk/src/rp2_common/pico_double/double_aeabi.S.obj
                0x000000001000375c                __wrap___aeabi_dcmple
 .text.__wrap___aeabi_dcmpge
                0x000000001000376c       0x10 CMakeFiles/lab06.dir/Users/conor/Desktop/pico/pico-sdk/src/rp2_common/pico_double/double_aeabi.S.obj
                0x000000001000376c                __wrap___aeabi_dcmpge
 .text.__wrap___aeabi_dcmpgt
                0x000000001000377c        0xa CMakeFiles/lab06.dir/Users/conor/Desktop/pico/pico-sdk/src/rp2_common/pico_double/double_aeabi.S.obj
                0x000000001000377c                __wrap___aeabi_dcmpgt
 .text.__wrap___aeabi_dcmpun
                0x0000000010003786       0x1c CMakeFiles/lab06.dir/Users/conor/Desktop/pico/pico-sdk/src/rp2_common/pico_double/double_aeabi.S.obj
                0x0000000010003786                __wrap___aeabi_dcmpun
 *fill*         0x00000000100037a2        0x2 
 .text.__wrap___aeabi_i2d
                0x00000000100037a4       0x38 CMakeFiles/lab06.dir/Users/conor/Desktop/pico/pico-sdk/src/rp2_common/pico_double/double_aeabi.S.obj
                0x00000000100037a4                __wrap___aeabi_ui2d
                0x00000000100037ac                __wrap___aeabi_i2d
 .text.__wrap___aeabi_d2iz
                0x00000000100037dc       0x48 CMakeFiles/lab06.dir/Users/conor/Desktop/pico/pico-sdk/src/rp2_common/pico_double/double_aeabi.S.obj
                0x00000000100037dc                __wrap___aeabi_d2iz
                0x00000000100037dc                double2int_z
 .text.__wrap___aeabi_d2uiz
                0x0000000010003824       0x18 CMakeFiles/lab06.dir/Users/conor/Desktop/pico/pico-sdk/src/rp2_common/pico_double/double_aeabi.S.obj
                0x0000000010003824                double2uint
                0x0000000010003824                __wrap___aeabi_d2uiz
 .text.__wrap___aeabi_d2f
                0x000000001000383c       0x18 CMakeFiles/lab06.dir/Users/conor/Desktop/pico/pico-sdk/src/rp2_common/pico_double/double_aeabi.S.obj
                0x000000001000383c                __wrap___aeabi_d2f
 .text.__aeabi_double_init
                0x0000000010003854       0x98 CMakeFiles/lab06.dir/Users/conor/Desktop/pico/pico-sdk/src/rp2_common/pico_double/double_init_rom.c.obj
                0x0000000010003854                __aeabi_double_init
 .text.double_table_shim_on_use_helper
                0x00000000100038ec       0x2c CMakeFiles/lab06.dir/Users/conor/Desktop/pico/pico-sdk/src/rp2_common/pico_double/double_v1_rom_shim.S.obj
                0x00000000100038ec                double_table_shim_on_use_helper
 .text.__wrap___aeabi_dsub
                0x0000000010003918       0x10 CMakeFiles/lab06.dir/Users/conor/Desktop/pico/pico-sdk/src/rp2_common/pico_double/double_v1_rom_shim.S.obj
                0x0000000010003918                drsub_shim
                0x000000001000391e                dsub_shim
 .text.dadd_shim
                0x0000000010003928      0x15c CMakeFiles/lab06.dir/Users/conor/Desktop/pico/pico-sdk/src/rp2_common/pico_double/double_v1_rom_shim.S.obj
                0x0000000010003928                dadd_shim
 .text.dmul_shim
                0x0000000010003a84      0x15c CMakeFiles/lab06.dir/Users/conor/Desktop/pico/pico-sdk/src/rp2_common/pico_double/double_v1_rom_shim.S.obj
                0x0000000010003a84                dmul_shim
 .text.ddiv_shim
                0x0000000010003be0      0x1b0 CMakeFiles/lab06.dir/Users/conor/Desktop/pico/pico-sdk/src/rp2_common/pico_double/double_v1_rom_shim.S.obj
                0x0000000010003be0                ddiv_shim
 .text.double2uint_shim
                0x0000000010003d90        0xe CMakeFiles/lab06.dir/Users/conor/Desktop/pico/pico-sdk/src/rp2_common/pico_double/double_v1_rom_shim.S.obj
                0x0000000010003d90                double2uint_shim
                0x0000000010003d92                double2ufix_shim
 *fill*         0x0000000010003d9e        0x2 
 .text.double2uint64_shim
                0x0000000010003da0       0x70 CMakeFiles/lab06.dir/Users/conor/Desktop/pico/pico-sdk/src/rp2_common/pico_double/double_v1_rom_shim.S.obj
                0x0000000010003da0                double2uint64_shim
                0x0000000010003da2                double2ufix64_shim
                0x0000000010003dc2                d2fix_a
 .text.double2float_shim
                0x0000000010003e10       0x5c CMakeFiles/lab06.dir/Users/conor/Desktop/pico/pico-sdk/src/rp2_common/pico_double/double_v1_rom_shim.S.obj
                0x0000000010003e10                double2float_shim
 .text.dunpacks
                0x0000000010003e6c       0x3c CMakeFiles/lab06.dir/Users/conor/Desktop/pico/pico-sdk/src/rp2_common/pico_double/double_v1_rom_shim.S.obj
                0x0000000010003e6c                dunpacks
 .text.__wrap___aeabi_farithmetic
                0x0000000010003ea8       0x48 CMakeFiles/lab06.dir/Users/conor/Desktop/pico/pico-sdk/src/rp2_common/pico_float/float_aeabi.S.obj
                0x0000000010003ea8                __wrap___aeabi_frsub
                0x0000000010003eae                __wrap___aeabi_fsub
                0x0000000010003eb4                __wrap___aeabi_fadd
                0x0000000010003eba                __wrap___aeabi_fdiv
                0x0000000010003ee2                __wrap___aeabi_fmul
 .text.__wrap___aeabi_cfcmple
                0x0000000010003ef0       0x50 CMakeFiles/lab06.dir/Users/conor/Desktop/pico/pico-sdk/src/rp2_common/pico_float/float_aeabi.S.obj
                0x0000000010003ef0                __wrap___aeabi_cfrcmple
                0x0000000010003efc                __wrap___aeabi_cfcmpeq
                0x0000000010003efc                __wrap___aeabi_cfcmple
 .text.__wrap___aeabi_fcmple
                0x0000000010003f40       0x10 CMakeFiles/lab06.dir/Users/conor/Desktop/pico/pico-sdk/src/rp2_common/pico_float/float_aeabi.S.obj
                0x0000000010003f40                __wrap___aeabi_fcmple
 .text.__wrap___aeabi_f2d
                0x0000000010003f50       0x14 CMakeFiles/lab06.dir/Users/conor/Desktop/pico/pico-sdk/src/rp2_common/pico_float/float_aeabi.S.obj
                0x0000000010003f50                __wrap___aeabi_f2d
 .text.__aeabi_float_init
                0x0000000010003f64       0x64 CMakeFiles/lab06.dir/Users/conor/Desktop/pico/pico-sdk/src/rp2_common/pico_float/float_init_rom.c.obj
                0x0000000010003f64                __aeabi_float_init
 .text.float_table_shim_on_use_helper
                0x0000000010003fc8       0x2c CMakeFiles/lab06.dir/Users/conor/Desktop/pico/pico-sdk/src/rp2_common/pico_float/float_v1_rom_shim.S.obj
                0x0000000010003fc8                float_table_shim_on_use_helper
 .text.float2double_shim
                0x0000000010003ff4       0x30 CMakeFiles/lab06.dir/Users/conor/Desktop/pico/pico-sdk/src/rp2_common/pico_float/float_v1_rom_shim.S.obj
                0x0000000010003ff4                float2double_shim
 .text          0x0000000010004024       0x10 CMakeFiles/lab06.dir/Users/conor/Desktop/pico/pico-sdk/src/rp2_common/pico_mem_ops/mem_ops_aeabi.S.obj
                0x0000000010004024                __aeabi_mem_init
 .text.memset   0x0000000010004034        0xc CMakeFiles/lab06.dir/Users/conor/Desktop/pico/pico-sdk/src/rp2_common/pico_mem_ops/mem_ops_aeabi.S.obj
                0x0000000010004034                __wrap_memset
 .text.memcpy   0x0000000010004040        0xc CMakeFiles/lab06.dir/Users/conor/Desktop/pico/pico-sdk/src/rp2_common/pico_mem_ops/mem_ops_aeabi.S.obj
                0x0000000010004040                __wrap___aeabi_memcpy
                0x0000000010004040                __wrap_memcpy
 .text.stdio_out_chars_crlf
                0x000000001000404c       0xbc CMakeFiles/lab06.dir/Users/conor/Desktop/pico/pico-sdk/src/rp2_common/pico_stdio/stdio.c.obj
 .text.stdio_buffered_printer
                0x0000000010004108       0x64 CMakeFiles/lab06.dir/Users/conor/Desktop/pico/pico-sdk/src/rp2_common/pico_stdio/stdio.c.obj
 .text.__wrap_putchar
                0x000000001000416c       0xa4 CMakeFiles/lab06.dir/Users/conor/Desktop/pico/pico-sdk/src/rp2_common/pico_stdio/stdio.c.obj
                0x000000001000416c                __wrap_putchar
 .text.__wrap_puts
                0x0000000010004210       0xe8 CMakeFiles/lab06.dir/Users/conor/Desktop/pico/pico-sdk/src/rp2_common/pico_stdio/stdio.c.obj
                0x0000000010004210                __wrap_puts
 .text.stdio_set_driver_enabled
                0x00000000100042f8       0x30 CMakeFiles/lab06.dir/Users/conor/Desktop/pico/pico-sdk/src/rp2_common/pico_stdio/stdio.c.obj
                0x00000000100042f8                stdio_set_driver_enabled
 .text.__wrap_vprintf
                0x0000000010004328       0xd4 CMakeFiles/lab06.dir/Users/conor/Desktop/pico/pico-sdk/src/rp2_common/pico_stdio/stdio.c.obj
                0x0000000010004328                __wrap_vprintf
 .text.__wrap_printf
                0x00000000100043fc       0x18 CMakeFiles/lab06.dir/Users/conor/Desktop/pico/pico-sdk/src/rp2_common/pico_stdio/stdio.c.obj
                0x00000000100043fc                __wrap_printf
 .text.stdio_init_all
                0x0000000010004414        0x8 CMakeFiles/lab06.dir/Users/conor/Desktop/pico/pico-sdk/src/rp2_common/pico_stdio/stdio.c.obj
                0x0000000010004414                stdio_init_all
 .text.stdio_uart_out_chars
                0x000000001000441c       0x4c CMakeFiles/lab06.dir/Users/conor/Desktop/pico/pico-sdk/src/rp2_common/pico_stdio_uart/stdio_uart.c.obj
 .text.stdio_uart_in_chars
                0x0000000010004468       0x38 CMakeFiles/lab06.dir/Users/conor/Desktop/pico/pico-sdk/src/rp2_common/pico_stdio_uart/stdio_uart.c.obj
                0x0000000010004468                stdio_uart_in_chars
 .text.stdio_uart_init
                0x00000000100044a0       0x48 CMakeFiles/lab06.dir/Users/conor/Desktop/pico/pico-sdk/src/rp2_common/pico_stdio_uart/stdio_uart.c.obj
                0x00000000100044a0                stdio_uart_init
 .text.core1_trampoline
                0x00000000100044e8        0x4 CMakeFiles/lab06.dir/Users/conor/Desktop/pico/pico-sdk/src/rp2_common/pico_multicore/multicore.c.obj
 .text.core1_wrapper
                0x00000000100044ec        0xc CMakeFiles/lab06.dir/Users/conor/Desktop/pico/pico-sdk/src/rp2_common/pico_multicore/multicore.c.obj
                0x00000000100044ec                core1_wrapper
 .text.multicore_fifo_push_blocking
                0x00000000100044f8       0x14 CMakeFiles/lab06.dir/Users/conor/Desktop/pico/pico-sdk/src/rp2_common/pico_multicore/multicore.c.obj
                0x00000000100044f8                multicore_fifo_push_blocking
 .text.multicore_fifo_pop_blocking
                0x000000001000450c       0x1c CMakeFiles/lab06.dir/Users/conor/Desktop/pico/pico-sdk/src/rp2_common/pico_multicore/multicore.c.obj
                0x000000001000450c                multicore_fifo_pop_blocking
 .text.multicore_launch_core1_raw
                0x0000000010004528       0x84 CMakeFiles/lab06.dir/Users/conor/Desktop/pico/pico-sdk/src/rp2_common/pico_multicore/multicore.c.obj
                0x0000000010004528                multicore_launch_core1_raw
 .text.multicore_launch_core1
                0x00000000100045ac       0x58 CMakeFiles/lab06.dir/Users/conor/Desktop/pico/pico-sdk/src/rp2_common/pico_multicore/multicore.c.obj
                0x00000000100045ac                multicore_launch_core1
 .text.strlen   0x0000000010004604       0x5c /Applications/ArmGNUToolchain/12.2.rel1/arm-none-eabi/bin/../lib/gcc/arm-none-eabi/12.2.1/../../../../arm-none-eabi/lib/thumb/v6-m/nofp/libc.a(libc_a-strlen-stub.o)
                0x0000000010004604                strlen
 *(.fini)
 .fini          0x0000000010004660        0x4 /Applications/ArmGNUToolchain/12.2.rel1/arm-none-eabi/bin/../lib/gcc/arm-none-eabi/12.2.1/thumb/v6-m/nofp/crti.o
                0x0000000010004660                _fini
 *fill*         0x0000000010004664        0x4 
 .fini.__stub   0x0000000010004668       0x50 linker stubs
 *crtbegin.o(.ctors)
 *crtbegin?.o(.ctors)
 *(EXCLUDE_FILE(*crtend.o *crtend?.o) .ctors)
 *(SORT_BY_NAME(.ctors.*))
 *(.ctors)
 *crtbegin.o(.dtors)
 *crtbegin?.o(.dtors)
 *(EXCLUDE_FILE(*crtend.o *crtend?.o) .dtors)
 *(SORT_BY_NAME(.dtors.*))
 *(.dtors)
 *(.eh_frame*)
 .eh_frame      0x00000000100046b8        0x0 /Applications/ArmGNUToolchain/12.2.rel1/arm-none-eabi/bin/../lib/gcc/arm-none-eabi/12.2.1/thumb/v6-m/nofp/crtbegin.o
                0x00000000100046b8                . = ALIGN (0x4)

.glue_7         0x00000000100046b8        0x0
 .glue_7        0x00000000100046b8        0x0 linker stubs

.glue_7t        0x00000000100046b8        0x0
 .glue_7t       0x00000000100046b8        0x0 linker stubs

.vfp11_veneer   0x00000000100046b8        0x0
 .vfp11_veneer  0x00000000100046b8        0x0 linker stubs

.v4_bx          0x00000000100046b8        0x0
 .v4_bx         0x00000000100046b8        0x0 linker stubs

.iplt           0x00000000100046b8        0x0
 .iplt          0x00000000100046b8        0x0 /Applications/ArmGNUToolchain/12.2.rel1/arm-none-eabi/bin/../lib/gcc/arm-none-eabi/12.2.1/thumb/v6-m/nofp/crtbegin.o

.rodata         0x00000000100046b8      0x474
 *(EXCLUDE_FILE(*libm.a: *libc.a:*lib_a-mem*.o *libgcc.a:) .rodata*)
 .rodata.main.str1.4
                0x00000000100046b8      0x186 CMakeFiles/lab06.dir/lab06.c.obj
 *fill*         0x000000001000483e        0x2 
 .rodata.hardware_alarm_claim.str1.4
                0x0000000010004840       0x22 CMakeFiles/lab06.dir/Users/conor/Desktop/pico/pico-sdk/src/rp2_common/hardware_timer/timer.c.obj
 *fill*         0x0000000010004862        0x2 
 .rodata.panic.str1.4
                0x0000000010004864       0x10 CMakeFiles/lab06.dir/Users/conor/Desktop/pico/pico-sdk/src/rp2_common/pico_runtime/runtime.c.obj
                                         0x12 (size before relaxing)
 .rodata.hard_assertion_failure.str1.4
                0x0000000010004874        0xc CMakeFiles/lab06.dir/Users/conor/Desktop/pico/pico-sdk/src/rp2_common/pico_runtime/runtime.c.obj
 .rodata._ftoa.str1.4
                0x0000000010004880       0x15 CMakeFiles/lab06.dir/Users/conor/Desktop/pico/pico-sdk/src/rp2_common/pico_printf/printf.c.obj
 *fill*         0x0000000010004895        0x3 
 .rodata._vsnprintf
                0x0000000010004898      0x19c CMakeFiles/lab06.dir/Users/conor/Desktop/pico/pico-sdk/src/rp2_common/pico_printf/printf.c.obj
 *fill*         0x0000000010004a34        0x4 
 .rodata.pow10.0
                0x0000000010004a38       0x50 CMakeFiles/lab06.dir/Users/conor/Desktop/pico/pico-sdk/src/rp2_common/pico_printf/printf.c.obj
 .rodata.str1.4
                0x0000000010004a88       0x3c CMakeFiles/lab06.dir/Users/conor/Desktop/pico/pico-sdk/src/rp2_common/pico_standard_link/binary_info.c.obj
 .rodata.__bi_81
                0x0000000010004ac4        0xc CMakeFiles/lab06.dir/Users/conor/Desktop/pico/pico-sdk/src/rp2_common/pico_standard_link/binary_info.c.obj
 .rodata.__bi_75
                0x0000000010004ad0        0xc CMakeFiles/lab06.dir/Users/conor/Desktop/pico/pico-sdk/src/rp2_common/pico_standard_link/binary_info.c.obj
 .rodata.__bi_44
                0x0000000010004adc        0xc CMakeFiles/lab06.dir/Users/conor/Desktop/pico/pico-sdk/src/rp2_common/pico_standard_link/binary_info.c.obj
 .rodata.crlf_str.0
                0x0000000010004ae8        0x2 CMakeFiles/lab06.dir/Users/conor/Desktop/pico/pico-sdk/src/rp2_common/pico_stdio/stdio.c.obj
 *fill*         0x0000000010004aea        0x2 
 .rodata.str1.4
                0x0000000010004aec       0x2c CMakeFiles/lab06.dir/Users/conor/Desktop/pico/pico-sdk/src/rp2_common/pico_stdio_uart/stdio_uart.c.obj
 .rodata.__bi_28.4
                0x0000000010004b18        0xc CMakeFiles/lab06.dir/Users/conor/Desktop/pico/pico-sdk/src/rp2_common/pico_stdio_uart/stdio_uart.c.obj
 .rodata.__bi_29.5
                0x0000000010004b24        0x8 CMakeFiles/lab06.dir/Users/conor/Desktop/pico/pico-sdk/src/rp2_common/pico_stdio_uart/stdio_uart.c.obj
                0x0000000010004b2c                . = ALIGN (0x4)
 *(SORT_BY_ALIGNMENT(SORT_BY_NAME(.flashdata*)))
                0x0000000010004b2c                . = ALIGN (0x4)

.rel.dyn        0x0000000010004b2c        0x0
 .rel.iplt      0x0000000010004b2c        0x0 /Applications/ArmGNUToolchain/12.2.rel1/arm-none-eabi/bin/../lib/gcc/arm-none-eabi/12.2.1/thumb/v6-m/nofp/crtbegin.o

.ARM.extab
 *(.ARM.extab* .gnu.linkonce.armextab.*)
                0x0000000010004b2c                __exidx_start = .

.ARM.exidx
 *(.ARM.exidx* .gnu.linkonce.armexidx.*)
                0x0000000010004b2c                __exidx_end = .
                0x0000000010004b2c                . = ALIGN (0x4)
                0x0000000010004b2c                __binary_info_start = .

.binary_info    0x0000000010004b2c       0x24
 *(.binary_info.keep.*)
 .binary_info.keep.__bi_ptr81
                0x0000000010004b2c        0x4 CMakeFiles/lab06.dir/Users/conor/Desktop/pico/pico-sdk/src/rp2_common/pico_standard_link/binary_info.c.obj
 .binary_info.keep.__bi_ptr75
                0x0000000010004b30        0x4 CMakeFiles/lab06.dir/Users/conor/Desktop/pico/pico-sdk/src/rp2_common/pico_standard_link/binary_info.c.obj
 .binary_info.keep.__bi_ptr50
                0x0000000010004b34        0x4 CMakeFiles/lab06.dir/Users/conor/Desktop/pico/pico-sdk/src/rp2_common/pico_standard_link/binary_info.c.obj
 .binary_info.keep.__bi_ptr44
                0x0000000010004b38        0x4 CMakeFiles/lab06.dir/Users/conor/Desktop/pico/pico-sdk/src/rp2_common/pico_standard_link/binary_info.c.obj
 .binary_info.keep.__bi_ptr38
                0x0000000010004b3c        0x4 CMakeFiles/lab06.dir/Users/conor/Desktop/pico/pico-sdk/src/rp2_common/pico_standard_link/binary_info.c.obj
 .binary_info.keep.__bi_ptr30
                0x0000000010004b40        0x4 CMakeFiles/lab06.dir/Users/conor/Desktop/pico/pico-sdk/src/rp2_common/pico_standard_link/binary_info.c.obj
 .binary_info.keep.__bi_ptr22
                0x0000000010004b44        0x4 CMakeFiles/lab06.dir/Users/conor/Desktop/pico/pico-sdk/src/rp2_common/pico_standard_link/binary_info.c.obj
 *(.binary_info.*)
 .binary_info.__bi_ptr29
                0x0000000010004b48        0x4 CMakeFiles/lab06.dir/Users/conor/Desktop/pico/pico-sdk/src/rp2_common/pico_stdio_uart/stdio_uart.c.obj
 .binary_info.__bi_ptr28
                0x0000000010004b4c        0x4 CMakeFiles/lab06.dir/Users/conor/Desktop/pico/pico-sdk/src/rp2_common/pico_stdio_uart/stdio_uart.c.obj
                0x0000000010004b50                __binary_info_end = .
                0x0000000010004b50                . = ALIGN (0x4)
                0x0000000010004b50                __etext = .

.ram_vector_table
                0x0000000020000000       0xc0
 *(.ram_vector_table)
 .ram_vector_table
                0x0000000020000000       0xc0 CMakeFiles/lab06.dir/Users/conor/Desktop/pico/pico-sdk/src/rp2_common/pico_runtime/runtime.c.obj
                0x0000000020000000                ram_vector_table

.data           0x00000000200000c0      0x188 load address 0x0000000010004b50
                0x00000000200000c0                __data_start__ = .
 *(vtable)
 *(.time_critical*)
 .time_critical.mutex_enter_blocking
                0x00000000200000c0       0x48 CMakeFiles/lab06.dir/Users/conor/Desktop/pico/pico-sdk/src/common/pico_sync/mutex.c.obj
                0x00000000200000c0                mutex_enter_blocking
 .time_critical.mutex_try_enter
                0x0000000020000108       0x40 CMakeFiles/lab06.dir/Users/conor/Desktop/pico/pico-sdk/src/common/pico_sync/mutex.c.obj
                0x0000000020000108                mutex_try_enter
 .time_critical.mutex_exit
                0x0000000020000148       0x28 CMakeFiles/lab06.dir/Users/conor/Desktop/pico/pico-sdk/src/common/pico_sync/mutex.c.obj
                0x0000000020000148                mutex_exit
 *(.text*)
 .text          0x0000000020000170        0x4 /Applications/ArmGNUToolchain/12.2.rel1/arm-none-eabi/bin/../lib/gcc/arm-none-eabi/12.2.1/thumb/v6-m/nofp/libgcc.a(_dvmd_tls.o)
                0x0000000020000170                __aeabi_ldiv0
                0x0000000020000170                __aeabi_idiv0
                0x0000000020000174                . = ALIGN (0x4)
 *(.rodata*)
                0x0000000020000174                . = ALIGN (0x4)
 *(.data*)
 .data.striped_spin_lock_num
                0x0000000020000174        0x1 CMakeFiles/lab06.dir/Users/conor/Desktop/pico/pico-sdk/src/rp2_common/hardware_sync/sync.c.obj
 *fill*         0x0000000020000175        0x3 
 .data          0x0000000020000178       0x48 CMakeFiles/lab06.dir/Users/conor/Desktop/pico/pico-sdk/src/rp2_common/hardware_irq/irq_handler_chain.S.obj
                0x0000000020000178                irq_handler_chain_slots
                0x00000000200001a8                irq_handler_chain_first_slot
                0x00000000200001b2                irq_handler_chain_remove_tail
 .data.default_alarm_pool
                0x00000000200001c0       0x18 CMakeFiles/lab06.dir/Users/conor/Desktop/pico/pico-sdk/src/common/pico_time/time.c.obj
 .data.default_alarm_pool_heap
                0x00000000200001d8       0x10 CMakeFiles/lab06.dir/Users/conor/Desktop/pico/pico-sdk/src/common/pico_time/time.c.obj
 *fill*         0x00000000200001e8        0x8 
 .data.aeabi_bits_funcs
                0x00000000200001f0       0x10 CMakeFiles/lab06.dir/Users/conor/Desktop/pico/pico-sdk/src/rp2_common/pico_bit_ops/bit_ops_aeabi.S.obj
                0x00000000200001f0                aeabi_bits_funcs
                0x0000000020000200                aeabi_bits_funcs_end
 .data.aeabi_mem_funcs
                0x0000000020000200       0x10 CMakeFiles/lab06.dir/Users/conor/Desktop/pico/pico-sdk/src/rp2_common/pico_mem_ops/mem_ops_aeabi.S.obj
                0x0000000020000200                aeabi_mem_funcs
                0x0000000020000210                aeabi_mem_funcs_end
 .data.stdio_uart
                0x0000000020000210       0x14 CMakeFiles/lab06.dir/Users/conor/Desktop/pico/pico-sdk/src/rp2_common/pico_stdio_uart/stdio_uart.c.obj
                0x0000000020000210                stdio_uart
                0x0000000020000224                . = ALIGN (0x4)
 *(.after_data.*)
                0x0000000020000224                . = ALIGN (0x4)
                0x0000000020000224                PROVIDE (__mutex_array_start = .)
 *(SORT_BY_NAME(.mutex_array.*))
 *(.mutex_array)
 .mutex_array   0x0000000020000224        0x8 CMakeFiles/lab06.dir/Users/conor/Desktop/pico/pico-sdk/src/rp2_common/pico_malloc/pico_malloc.c.obj
 .mutex_array   0x000000002000022c        0x8 CMakeFiles/lab06.dir/Users/conor/Desktop/pico/pico-sdk/src/rp2_common/pico_stdio/stdio.c.obj
                0x0000000020000234                PROVIDE (__mutex_array_end = .)
                0x0000000020000234                . = ALIGN (0x4)
                0x0000000020000234                PROVIDE (__preinit_array_start = .)
 *(SORT_BY_NAME(.preinit_array.*))
 .preinit_array.00001
                0x0000000020000234        0x4 CMakeFiles/lab06.dir/Users/conor/Desktop/pico/pico-sdk/src/rp2_common/pico_mem_ops/mem_ops_aeabi.S.obj
 .preinit_array.00010
                0x0000000020000238        0x4 CMakeFiles/lab06.dir/Users/conor/Desktop/pico/pico-sdk/src/rp2_common/pico_bit_ops/bit_ops_aeabi.S.obj
 .preinit_array.00020
                0x000000002000023c        0x4 CMakeFiles/lab06.dir/Users/conor/Desktop/pico/pico-sdk/src/rp2_common/pico_double/double_aeabi.S.obj
 .preinit_array.00020
                0x0000000020000240        0x4 CMakeFiles/lab06.dir/Users/conor/Desktop/pico/pico-sdk/src/rp2_common/pico_float/float_aeabi.S.obj
 *(.preinit_array)
                0x0000000020000244                PROVIDE (__preinit_array_end = .)
                0x0000000020000244                . = ALIGN (0x4)
                0x0000000020000244                PROVIDE (__init_array_start = .)
 *(SORT_BY_NAME(.init_array.*))
 *(.init_array)
 .init_array    0x0000000020000244        0x4 /Applications/ArmGNUToolchain/12.2.rel1/arm-none-eabi/bin/../lib/gcc/arm-none-eabi/12.2.1/thumb/v6-m/nofp/crtbegin.o
                0x0000000020000248                PROVIDE (__init_array_end = .)
                0x0000000020000248                . = ALIGN (0x4)
                [!provide]                        PROVIDE (__fini_array_start = .)
 *(SORT_BY_NAME(.fini_array.*))
 *(.fini_array)
                [!provide]                        PROVIDE (__fini_array_end = .)
 *(.jcr)
                0x0000000020000248                . = ALIGN (0x4)
                0x0000000020000248                __data_end__ = .

.tm_clone_table
                0x0000000020000248        0x0 load address 0x0000000010004cd8
 .tm_clone_table
                0x0000000020000248        0x0 /Applications/ArmGNUToolchain/12.2.rel1/arm-none-eabi/bin/../lib/gcc/arm-none-eabi/12.2.1/thumb/v6-m/nofp/crtbegin.o
 .tm_clone_table
                0x0000000020000248        0x0 /Applications/ArmGNUToolchain/12.2.rel1/arm-none-eabi/bin/../lib/gcc/arm-none-eabi/12.2.1/thumb/v6-m/nofp/crtend.o

.igot.plt       0x0000000020000248        0x0 load address 0x0000000010004cd8
 .igot.plt      0x0000000020000248        0x0 /Applications/ArmGNUToolchain/12.2.rel1/arm-none-eabi/bin/../lib/gcc/arm-none-eabi/12.2.1/thumb/v6-m/nofp/crtbegin.o

.uninitialized_data
                0x0000000020000248        0x0 load address 0x0000000010004cd8
                0x0000000020000248                . = ALIGN (0x4)
 *(.uninitialized_data*)

.scratch_x      0x0000000020040000        0x0 load address 0x0000000010004cd8
                0x0000000020040000                __scratch_x_start__ = .
 *(.scratch_x.*)
                0x0000000020040000                . = ALIGN (0x4)
                0x0000000020040000                __scratch_x_end__ = .
                0x0000000010004cd8                __scratch_x_source__ = LOADADDR (.scratch_x)

.scratch_y      0x0000000020041000        0x0 load address 0x0000000010004cd8
                0x0000000020041000                __scratch_y_start__ = .
 *(.scratch_y.*)
                0x0000000020041000                . = ALIGN (0x4)
                0x0000000020041000                __scratch_y_end__ = .
                0x0000000010004cd8                __scratch_y_source__ = LOADADDR (.scratch_y)

.bss            0x0000000020000248      0x3d8
                0x0000000020000248                . = ALIGN (0x4)
                0x0000000020000248                __bss_start__ = .
 *(SORT_BY_ALIGNMENT(SORT_BY_NAME(.bss*)))
 .bss.configured_freq
                0x0000000020000248       0x28 CMakeFiles/lab06.dir/Users/conor/Desktop/pico/pico-sdk/src/rp2_common/hardware_clocks/clocks.c.obj
 .bss.default_alarm_pool_entries
                0x0000000020000270      0x100 CMakeFiles/lab06.dir/Users/conor/Desktop/pico/pico-sdk/src/common/pico_time/time.c.obj
 .bss.sd_table  0x0000000020000370      0x100 CMakeFiles/lab06.dir/Users/conor/Desktop/pico/pico-sdk/src/rp2_common/pico_double/double_init_rom.c.obj
                0x0000000020000370                sd_table
 .bss.sf_table  0x0000000020000470      0x100 CMakeFiles/lab06.dir/Users/conor/Desktop/pico/pico-sdk/src/rp2_common/pico_float/float_init_rom.c.obj
                0x0000000020000470                sf_table
 .bss.alarm_callbacks
                0x0000000020000570       0x10 CMakeFiles/lab06.dir/Users/conor/Desktop/pico/pico-sdk/src/rp2_common/hardware_timer/timer.c.obj
 .bss.default_alarm_pool_entry_ids_high
                0x0000000020000580       0x10 CMakeFiles/lab06.dir/Users/conor/Desktop/pico/pico-sdk/src/common/pico_time/time.c.obj
 .bss.default_alarm_pool_heap_nodes
                0x0000000020000590       0x30 CMakeFiles/lab06.dir/Users/conor/Desktop/pico/pico-sdk/src/common/pico_time/time.c.obj
 .bss.drivers   0x00000000200005c0        0x4 CMakeFiles/lab06.dir/Users/conor/Desktop/pico/pico-sdk/src/rp2_common/pico_stdio/stdio.c.obj
 .bss.filter    0x00000000200005c4        0x4 CMakeFiles/lab06.dir/Users/conor/Desktop/pico/pico-sdk/src/rp2_common/pico_stdio/stdio.c.obj
 .bss.float_elapsed_time
                0x00000000200005c8        0x4 CMakeFiles/lab06.dir/lab06.c.obj
                0x00000000200005c8                float_elapsed_time
 .bss.lazy_vsnprintf
                0x00000000200005cc        0x4 CMakeFiles/lab06.dir/Users/conor/Desktop/pico/pico-sdk/src/rp2_common/pico_printf/printf.c.obj
 .bss.object.0  0x00000000200005d0       0x18 /Applications/ArmGNUToolchain/12.2.rel1/arm-none-eabi/bin/../lib/gcc/arm-none-eabi/12.2.1/thumb/v6-m/nofp/crtbegin.o
 .bss.pi_float_un
                0x00000000200005e8        0x4 CMakeFiles/lab06.dir/lab06.c.obj
                0x00000000200005e8                pi_float_un
 .bss.pools     0x00000000200005ec       0x10 CMakeFiles/lab06.dir/Users/conor/Desktop/pico/pico-sdk/src/common/pico_time/time.c.obj
 .bss.sf_clz_func
                0x00000000200005fc        0x4 CMakeFiles/lab06.dir/Users/conor/Desktop/pico/pico-sdk/src/rp2_common/pico_double/double_init_rom.c.obj
                0x00000000200005fc                sf_clz_func
 .bss.sleep_notifier
                0x0000000020000600        0x4 CMakeFiles/lab06.dir/Users/conor/Desktop/pico/pico-sdk/src/common/pico_time/time.c.obj
 .bss.target_hi
                0x0000000020000604       0x10 CMakeFiles/lab06.dir/Users/conor/Desktop/pico/pico-sdk/src/rp2_common/hardware_timer/timer.c.obj
 .bss.uart_char_to_line_feed
                0x0000000020000614        0x4 CMakeFiles/lab06.dir/Users/conor/Desktop/pico/pico-sdk/src/rp2_common/hardware_uart/uart.c.obj
                0x0000000020000614                uart_char_to_line_feed
 .bss.uart_instance
                0x0000000020000618        0x4 CMakeFiles/lab06.dir/Users/conor/Desktop/pico/pico-sdk/src/rp2_common/pico_stdio_uart/stdio_uart.c.obj
 .bss.claimed   0x000000002000061c        0x1 CMakeFiles/lab06.dir/Users/conor/Desktop/pico/pico-sdk/src/rp2_common/hardware_timer/timer.c.obj
 .bss.irq_hander_chain_free_slot_head
                0x000000002000061d        0x1 CMakeFiles/lab06.dir/Users/conor/Desktop/pico/pico-sdk/src/rp2_common/hardware_irq/irq.c.obj
 .bss.timer_callbacks_pending
                0x000000002000061e        0x1 CMakeFiles/lab06.dir/Users/conor/Desktop/pico/pico-sdk/src/rp2_common/hardware_timer/timer.c.obj
 *(COMMON)
                0x0000000020000620                . = ALIGN (0x4)
 *fill*         0x000000002000061f        0x1 
                0x0000000020000620                __bss_end__ = .

.heap           0x0000000020000620      0x800
                0x0000000020000620                __end__ = .
                0x0000000020000620                end = __end__
 *(.heap*)
 .heap          0x0000000020000620      0x800 CMakeFiles/lab06.dir/Users/conor/Desktop/pico/pico-sdk/src/rp2_common/pico_standard_link/crt0.S.obj
                0x0000000020000e20                __HeapLimit = .

.stack1_dummy   0x0000000020040000      0x800
 *(.stack1*)
 .stack1        0x0000000020040000      0x800 CMakeFiles/lab06.dir/Users/conor/Desktop/pico/pico-sdk/src/rp2_common/pico_multicore/multicore.c.obj

.stack_dummy    0x0000000020041000      0x800
 *(.stack*)
 .stack         0x0000000020041000      0x800 CMakeFiles/lab06.dir/Users/conor/Desktop/pico/pico-sdk/src/rp2_common/pico_standard_link/crt0.S.obj

.flash_end      0x0000000010004cd8        0x0
                0x0000000010004cd8                __flash_binary_end = .
                0x0000000020040000                __StackLimit = (ORIGIN (RAM) + LENGTH (RAM))
                0x0000000020041000                __StackOneTop = (ORIGIN (SCRATCH_X) + LENGTH (SCRATCH_X))
                0x0000000020042000                __StackTop = (ORIGIN (SCRATCH_Y) + LENGTH (SCRATCH_Y))
                0x0000000020040800                __StackOneBottom = (__StackOneTop - SIZEOF (.stack1_dummy))
                0x0000000020041800                __StackBottom = (__StackTop - SIZEOF (.stack_dummy))
                0x0000000020042000                PROVIDE (__stack = __StackTop)
                0x0000000000000001                ASSERT ((__StackLimit >= __HeapLimit), region RAM overflowed)
                0x0000000000000001                ASSERT (((__binary_info_header_end - __logical_binary_start) <= 0x100), Binary info must be in first 256 bytes of the binary)
LOAD CMakeFiles/lab06.dir/lab06.c.obj
LOAD CMakeFiles/lab06.dir/lab06.S.obj
LOAD CMakeFiles/lab06.dir/Users/conor/Desktop/pico/pico-sdk/src/rp2_common/pico_stdlib/stdlib.c.obj
LOAD CMakeFiles/lab06.dir/Users/conor/Desktop/pico/pico-sdk/src/rp2_common/hardware_gpio/gpio.c.obj
LOAD CMakeFiles/lab06.dir/Users/conor/Desktop/pico/pico-sdk/src/rp2_common/hardware_claim/claim.c.obj
LOAD CMakeFiles/lab06.dir/Users/conor/Desktop/pico/pico-sdk/src/rp2_common/pico_platform/platform.c.obj
LOAD CMakeFiles/lab06.dir/Users/conor/Desktop/pico/pico-sdk/src/rp2_common/hardware_sync/sync.c.obj
LOAD CMakeFiles/lab06.dir/Users/conor/Desktop/pico/pico-sdk/src/rp2_common/hardware_irq/irq.c.obj
LOAD CMakeFiles/lab06.dir/Users/conor/Desktop/pico/pico-sdk/src/rp2_common/hardware_irq/irq_handler_chain.S.obj
LOAD CMakeFiles/lab06.dir/Users/conor/Desktop/pico/pico-sdk/src/common/pico_sync/sem.c.obj
LOAD CMakeFiles/lab06.dir/Users/conor/Desktop/pico/pico-sdk/src/common/pico_sync/lock_core.c.obj
LOAD CMakeFiles/lab06.dir/Users/conor/Desktop/pico/pico-sdk/src/common/pico_time/time.c.obj
LOAD CMakeFiles/lab06.dir/Users/conor/Desktop/pico/pico-sdk/src/common/pico_time/timeout_helper.c.obj
LOAD CMakeFiles/lab06.dir/Users/conor/Desktop/pico/pico-sdk/src/rp2_common/hardware_timer/timer.c.obj
LOAD CMakeFiles/lab06.dir/Users/conor/Desktop/pico/pico-sdk/src/common/pico_util/datetime.c.obj
LOAD CMakeFiles/lab06.dir/Users/conor/Desktop/pico/pico-sdk/src/common/pico_util/pheap.c.obj
LOAD CMakeFiles/lab06.dir/Users/conor/Desktop/pico/pico-sdk/src/common/pico_util/queue.c.obj
LOAD CMakeFiles/lab06.dir/Users/conor/Desktop/pico/pico-sdk/src/common/pico_sync/mutex.c.obj
LOAD CMakeFiles/lab06.dir/Users/conor/Desktop/pico/pico-sdk/src/common/pico_sync/critical_section.c.obj
LOAD CMakeFiles/lab06.dir/Users/conor/Desktop/pico/pico-sdk/src/rp2_common/hardware_uart/uart.c.obj
LOAD CMakeFiles/lab06.dir/Users/conor/Desktop/pico/pico-sdk/src/rp2_common/hardware_divider/divider.S.obj
LOAD CMakeFiles/lab06.dir/Users/conor/Desktop/pico/pico-sdk/src/rp2_common/pico_runtime/runtime.c.obj
LOAD CMakeFiles/lab06.dir/Users/conor/Desktop/pico/pico-sdk/src/rp2_common/hardware_clocks/clocks.c.obj
LOAD CMakeFiles/lab06.dir/Users/conor/Desktop/pico/pico-sdk/src/rp2_common/hardware_pll/pll.c.obj
LOAD CMakeFiles/lab06.dir/Users/conor/Desktop/pico/pico-sdk/src/rp2_common/hardware_vreg/vreg.c.obj
LOAD CMakeFiles/lab06.dir/Users/conor/Desktop/pico/pico-sdk/src/rp2_common/hardware_watchdog/watchdog.c.obj
LOAD CMakeFiles/lab06.dir/Users/conor/Desktop/pico/pico-sdk/src/rp2_common/hardware_xosc/xosc.c.obj
LOAD CMakeFiles/lab06.dir/Users/conor/Desktop/pico/pico-sdk/src/rp2_common/pico_printf/printf.c.obj
LOAD CMakeFiles/lab06.dir/Users/conor/Desktop/pico/pico-sdk/src/rp2_common/pico_bit_ops/bit_ops_aeabi.S.obj
LOAD CMakeFiles/lab06.dir/Users/conor/Desktop/pico/pico-sdk/src/rp2_common/pico_bootrom/bootrom.c.obj
LOAD CMakeFiles/lab06.dir/Users/conor/Desktop/pico/pico-sdk/src/rp2_common/pico_divider/divider.S.obj
LOAD CMakeFiles/lab06.dir/Users/conor/Desktop/pico/pico-sdk/src/rp2_common/pico_double/double_aeabi.S.obj
LOAD CMakeFiles/lab06.dir/Users/conor/Desktop/pico/pico-sdk/src/rp2_common/pico_double/double_init_rom.c.obj
LOAD CMakeFiles/lab06.dir/Users/conor/Desktop/pico/pico-sdk/src/rp2_common/pico_double/double_math.c.obj
LOAD CMakeFiles/lab06.dir/Users/conor/Desktop/pico/pico-sdk/src/rp2_common/pico_double/double_v1_rom_shim.S.obj
LOAD CMakeFiles/lab06.dir/Users/conor/Desktop/pico/pico-sdk/src/rp2_common/pico_int64_ops/pico_int64_ops_aeabi.S.obj
LOAD CMakeFiles/lab06.dir/Users/conor/Desktop/pico/pico-sdk/src/rp2_common/pico_float/float_aeabi.S.obj
LOAD CMakeFiles/lab06.dir/Users/conor/Desktop/pico/pico-sdk/src/rp2_common/pico_float/float_init_rom.c.obj
LOAD CMakeFiles/lab06.dir/Users/conor/Desktop/pico/pico-sdk/src/rp2_common/pico_float/float_math.c.obj
LOAD CMakeFiles/lab06.dir/Users/conor/Desktop/pico/pico-sdk/src/rp2_common/pico_float/float_v1_rom_shim.S.obj
LOAD CMakeFiles/lab06.dir/Users/conor/Desktop/pico/pico-sdk/src/rp2_common/pico_malloc/pico_malloc.c.obj
LOAD CMakeFiles/lab06.dir/Users/conor/Desktop/pico/pico-sdk/src/rp2_common/pico_mem_ops/mem_ops_aeabi.S.obj
LOAD CMakeFiles/lab06.dir/Users/conor/Desktop/pico/pico-sdk/src/rp2_common/pico_standard_link/crt0.S.obj
LOAD CMakeFiles/lab06.dir/Users/conor/Desktop/pico/pico-sdk/src/rp2_common/pico_standard_link/new_delete.cpp.obj
LOAD CMakeFiles/lab06.dir/Users/conor/Desktop/pico/pico-sdk/src/rp2_common/pico_standard_link/binary_info.c.obj
LOAD CMakeFiles/lab06.dir/Users/conor/Desktop/pico/pico-sdk/src/rp2_common/pico_stdio/stdio.c.obj
LOAD CMakeFiles/lab06.dir/Users/conor/Desktop/pico/pico-sdk/src/rp2_common/pico_stdio_uart/stdio_uart.c.obj
LOAD CMakeFiles/lab06.dir/Users/conor/Desktop/pico/pico-sdk/src/rp2_common/pico_multicore/multicore.c.obj
LOAD /var/folders/tb/ccwl9r592hn9v_xpq9s1bzlr0000gn/T//ccVf4rnR.o
LOAD /Applications/ArmGNUToolchain/12.2.rel1/arm-none-eabi/bin/../lib/gcc/arm-none-eabi/12.2.1/../../../../arm-none-eabi/lib/thumb/v6-m/nofp/libstdc++.a
LOAD /Applications/ArmGNUToolchain/12.2.rel1/arm-none-eabi/bin/../lib/gcc/arm-none-eabi/12.2.1/../../../../arm-none-eabi/lib/thumb/v6-m/nofp/libm.a
START GROUP
LOAD /Applications/ArmGNUToolchain/12.2.rel1/arm-none-eabi/bin/../lib/gcc/arm-none-eabi/12.2.1/thumb/v6-m/nofp/libgcc.a
LOAD /Applications/ArmGNUToolchain/12.2.rel1/arm-none-eabi/bin/../lib/gcc/arm-none-eabi/12.2.1/../../../../arm-none-eabi/lib/thumb/v6-m/nofp/libc.a
END GROUP
START GROUP
LOAD /Applications/ArmGNUToolchain/12.2.rel1/arm-none-eabi/bin/../lib/gcc/arm-none-eabi/12.2.1/thumb/v6-m/nofp/libgcc.a
LOAD /Applications/ArmGNUToolchain/12.2.rel1/arm-none-eabi/bin/../lib/gcc/arm-none-eabi/12.2.1/../../../../arm-none-eabi/lib/thumb/v6-m/nofp/libc.a
LOAD /Applications/ArmGNUToolchain/12.2.rel1/arm-none-eabi/bin/../lib/gcc/arm-none-eabi/12.2.1/../../../../arm-none-eabi/lib/thumb/v6-m/nofp/libnosys.a
END GROUP
LOAD /Applications/ArmGNUToolchain/12.2.rel1/arm-none-eabi/bin/../lib/gcc/arm-none-eabi/12.2.1/thumb/v6-m/nofp/crtend.o
LOAD /Applications/ArmGNUToolchain/12.2.rel1/arm-none-eabi/bin/../lib/gcc/arm-none-eabi/12.2.1/thumb/v6-m/nofp/crtn.o
OUTPUT(lab06.elf elf32-littlearm)
LOAD linker stubs

.ARM.attributes
                0x0000000000000000       0x28
 .ARM.attributes
                0x0000000000000000       0x1e /Applications/ArmGNUToolchain/12.2.rel1/arm-none-eabi/bin/../lib/gcc/arm-none-eabi/12.2.1/thumb/v6-m/nofp/crti.o
 .ARM.attributes
                0x000000000000001e       0x2c /Applications/ArmGNUToolchain/12.2.rel1/arm-none-eabi/bin/../lib/gcc/arm-none-eabi/12.2.1/thumb/v6-m/nofp/crtbegin.o
 .ARM.attributes
                0x000000000000004a       0x2c CMakeFiles/lab06.dir/lab06.c.obj
 .ARM.attributes
                0x0000000000000076       0x2c CMakeFiles/lab06.dir/Users/conor/Desktop/pico/pico-sdk/src/rp2_common/hardware_gpio/gpio.c.obj
 .ARM.attributes
                0x00000000000000a2       0x2c CMakeFiles/lab06.dir/Users/conor/Desktop/pico/pico-sdk/src/rp2_common/hardware_claim/claim.c.obj
 .ARM.attributes
                0x00000000000000ce       0x2c CMakeFiles/lab06.dir/Users/conor/Desktop/pico/pico-sdk/src/rp2_common/pico_platform/platform.c.obj
 .ARM.attributes
                0x00000000000000fa       0x2c CMakeFiles/lab06.dir/Users/conor/Desktop/pico/pico-sdk/src/rp2_common/hardware_sync/sync.c.obj
 .ARM.attributes
                0x0000000000000126       0x2c CMakeFiles/lab06.dir/Users/conor/Desktop/pico/pico-sdk/src/rp2_common/hardware_irq/irq.c.obj
 .ARM.attributes
                0x0000000000000152       0x22 CMakeFiles/lab06.dir/Users/conor/Desktop/pico/pico-sdk/src/rp2_common/hardware_irq/irq_handler_chain.S.obj
 .ARM.attributes
                0x0000000000000174       0x2c CMakeFiles/lab06.dir/Users/conor/Desktop/pico/pico-sdk/src/common/pico_sync/lock_core.c.obj
 .ARM.attributes
                0x00000000000001a0       0x2c CMakeFiles/lab06.dir/Users/conor/Desktop/pico/pico-sdk/src/common/pico_time/time.c.obj
 .ARM.attributes
                0x00000000000001cc       0x2c CMakeFiles/lab06.dir/Users/conor/Desktop/pico/pico-sdk/src/rp2_common/hardware_timer/timer.c.obj
 .ARM.attributes
                0x00000000000001f8       0x2c CMakeFiles/lab06.dir/Users/conor/Desktop/pico/pico-sdk/src/common/pico_util/pheap.c.obj
 .ARM.attributes
                0x0000000000000224       0x2c CMakeFiles/lab06.dir/Users/conor/Desktop/pico/pico-sdk/src/common/pico_sync/mutex.c.obj
 .ARM.attributes
                0x0000000000000250       0x2c CMakeFiles/lab06.dir/Users/conor/Desktop/pico/pico-sdk/src/rp2_common/hardware_uart/uart.c.obj
 .ARM.attributes
                0x000000000000027c       0x2c CMakeFiles/lab06.dir/Users/conor/Desktop/pico/pico-sdk/src/rp2_common/pico_runtime/runtime.c.obj
 .ARM.attributes
                0x00000000000002a8       0x2c CMakeFiles/lab06.dir/Users/conor/Desktop/pico/pico-sdk/src/rp2_common/hardware_clocks/clocks.c.obj
 .ARM.attributes
                0x00000000000002d4       0x2c CMakeFiles/lab06.dir/Users/conor/Desktop/pico/pico-sdk/src/rp2_common/hardware_pll/pll.c.obj
 .ARM.attributes
                0x0000000000000300       0x2c CMakeFiles/lab06.dir/Users/conor/Desktop/pico/pico-sdk/src/rp2_common/hardware_watchdog/watchdog.c.obj
 .ARM.attributes
                0x000000000000032c       0x2c CMakeFiles/lab06.dir/Users/conor/Desktop/pico/pico-sdk/src/rp2_common/hardware_xosc/xosc.c.obj
 .ARM.attributes
                0x0000000000000358       0x2c CMakeFiles/lab06.dir/Users/conor/Desktop/pico/pico-sdk/src/rp2_common/pico_printf/printf.c.obj
 .ARM.attributes
                0x0000000000000384       0x22 CMakeFiles/lab06.dir/Users/conor/Desktop/pico/pico-sdk/src/rp2_common/pico_bit_ops/bit_ops_aeabi.S.obj
 .ARM.attributes
                0x00000000000003a6       0x2c CMakeFiles/lab06.dir/Users/conor/Desktop/pico/pico-sdk/src/rp2_common/pico_bootrom/bootrom.c.obj
 .ARM.attributes
                0x00000000000003d2       0x22 CMakeFiles/lab06.dir/Users/conor/Desktop/pico/pico-sdk/src/rp2_common/pico_divider/divider.S.obj
 .ARM.attributes
                0x00000000000003f4       0x22 CMakeFiles/lab06.dir/Users/conor/Desktop/pico/pico-sdk/src/rp2_common/pico_double/double_aeabi.S.obj
 .ARM.attributes
                0x0000000000000416       0x2c CMakeFiles/lab06.dir/Users/conor/Desktop/pico/pico-sdk/src/rp2_common/pico_double/double_init_rom.c.obj
 .ARM.attributes
                0x0000000000000442       0x22 CMakeFiles/lab06.dir/Users/conor/Desktop/pico/pico-sdk/src/rp2_common/pico_double/double_v1_rom_shim.S.obj
 .ARM.attributes
                0x0000000000000464       0x22 CMakeFiles/lab06.dir/Users/conor/Desktop/pico/pico-sdk/src/rp2_common/pico_float/float_aeabi.S.obj
 .ARM.attributes
                0x0000000000000486       0x2c CMakeFiles/lab06.dir/Users/conor/Desktop/pico/pico-sdk/src/rp2_common/pico_float/float_init_rom.c.obj
 .ARM.attributes
                0x00000000000004b2       0x22 CMakeFiles/lab06.dir/Users/conor/Desktop/pico/pico-sdk/src/rp2_common/pico_float/float_v1_rom_shim.S.obj
 .ARM.attributes
                0x00000000000004d4       0x2c CMakeFiles/lab06.dir/Users/conor/Desktop/pico/pico-sdk/src/rp2_common/pico_malloc/pico_malloc.c.obj
 .ARM.attributes
                0x0000000000000500       0x22 CMakeFiles/lab06.dir/Users/conor/Desktop/pico/pico-sdk/src/rp2_common/pico_mem_ops/mem_ops_aeabi.S.obj
 .ARM.attributes
                0x0000000000000522       0x22 CMakeFiles/lab06.dir/Users/conor/Desktop/pico/pico-sdk/src/rp2_common/pico_standard_link/crt0.S.obj
 .ARM.attributes
                0x0000000000000544       0x2c CMakeFiles/lab06.dir/Users/conor/Desktop/pico/pico-sdk/src/rp2_common/pico_standard_link/binary_info.c.obj
 .ARM.attributes
                0x0000000000000570       0x2c CMakeFiles/lab06.dir/Users/conor/Desktop/pico/pico-sdk/src/rp2_common/pico_stdio/stdio.c.obj
 .ARM.attributes
                0x000000000000059c       0x2c CMakeFiles/lab06.dir/Users/conor/Desktop/pico/pico-sdk/src/rp2_common/pico_stdio_uart/stdio_uart.c.obj
 .ARM.attributes
                0x00000000000005c8       0x2c CMakeFiles/lab06.dir/Users/conor/Desktop/pico/pico-sdk/src/rp2_common/pico_multicore/multicore.c.obj
 .ARM.attributes
                0x00000000000005f4       0x22 /var/folders/tb/ccwl9r592hn9v_xpq9s1bzlr0000gn/T//ccVf4rnR.o
 .ARM.attributes
                0x0000000000000616       0x1e /Applications/ArmGNUToolchain/12.2.rel1/arm-none-eabi/bin/../lib/gcc/arm-none-eabi/12.2.1/thumb/v6-m/nofp/libgcc.a(_dvmd_tls.o)
 .ARM.attributes
                0x0000000000000634       0x2c /Applications/ArmGNUToolchain/12.2.rel1/arm-none-eabi/bin/../lib/gcc/arm-none-eabi/12.2.1/../../../../arm-none-eabi/lib/thumb/v6-m/nofp/libc.a(libc_a-strlen-stub.o)
 .ARM.attributes
                0x0000000000000660       0x2c /Applications/ArmGNUToolchain/12.2.rel1/arm-none-eabi/bin/../lib/gcc/arm-none-eabi/12.2.1/thumb/v6-m/nofp/crtend.o

.comment        0x0000000000000000       0x40
 .comment       0x0000000000000000       0x40 CMakeFiles/lab06.dir/lab06.c.obj
                                         0x41 (size before relaxing)
 .comment       0x0000000000000040       0x41 CMakeFiles/lab06.dir/Users/conor/Desktop/pico/pico-sdk/src/rp2_common/hardware_gpio/gpio.c.obj
 .comment       0x0000000000000040       0x41 CMakeFiles/lab06.dir/Users/conor/Desktop/pico/pico-sdk/src/rp2_common/hardware_claim/claim.c.obj
 .comment       0x0000000000000040       0x41 CMakeFiles/lab06.dir/Users/conor/Desktop/pico/pico-sdk/src/rp2_common/pico_platform/platform.c.obj
 .comment       0x0000000000000040       0x41 CMakeFiles/lab06.dir/Users/conor/Desktop/pico/pico-sdk/src/rp2_common/hardware_sync/sync.c.obj
 .comment       0x0000000000000040       0x41 CMakeFiles/lab06.dir/Users/conor/Desktop/pico/pico-sdk/src/rp2_common/hardware_irq/irq.c.obj
 .comment       0x0000000000000040       0x41 CMakeFiles/lab06.dir/Users/conor/Desktop/pico/pico-sdk/src/common/pico_sync/lock_core.c.obj
 .comment       0x0000000000000040       0x41 CMakeFiles/lab06.dir/Users/conor/Desktop/pico/pico-sdk/src/common/pico_time/time.c.obj
 .comment       0x0000000000000040       0x41 CMakeFiles/lab06.dir/Users/conor/Desktop/pico/pico-sdk/src/rp2_common/hardware_timer/timer.c.obj
 .comment       0x0000000000000040       0x41 CMakeFiles/lab06.dir/Users/conor/Desktop/pico/pico-sdk/src/common/pico_util/pheap.c.obj
 .comment       0x0000000000000040       0x41 CMakeFiles/lab06.dir/Users/conor/Desktop/pico/pico-sdk/src/common/pico_sync/mutex.c.obj
 .comment       0x0000000000000040       0x41 CMakeFiles/lab06.dir/Users/conor/Desktop/pico/pico-sdk/src/rp2_common/hardware_uart/uart.c.obj
 .comment       0x0000000000000040       0x41 CMakeFiles/lab06.dir/Users/conor/Desktop/pico/pico-sdk/src/rp2_common/pico_runtime/runtime.c.obj
 .comment       0x0000000000000040       0x41 CMakeFiles/lab06.dir/Users/conor/Desktop/pico/pico-sdk/src/rp2_common/hardware_clocks/clocks.c.obj
 .comment       0x0000000000000040       0x41 CMakeFiles/lab06.dir/Users/conor/Desktop/pico/pico-sdk/src/rp2_common/hardware_pll/pll.c.obj
 .comment       0x0000000000000040       0x41 CMakeFiles/lab06.dir/Users/conor/Desktop/pico/pico-sdk/src/rp2_common/hardware_watchdog/watchdog.c.obj
 .comment       0x0000000000000040       0x41 CMakeFiles/lab06.dir/Users/conor/Desktop/pico/pico-sdk/src/rp2_common/hardware_xosc/xosc.c.obj
 .comment       0x0000000000000040       0x41 CMakeFiles/lab06.dir/Users/conor/Desktop/pico/pico-sdk/src/rp2_common/pico_printf/printf.c.obj
 .comment       0x0000000000000040       0x41 CMakeFiles/lab06.dir/Users/conor/Desktop/pico/pico-sdk/src/rp2_common/pico_bootrom/bootrom.c.obj
 .comment       0x0000000000000040       0x41 CMakeFiles/lab06.dir/Users/conor/Desktop/pico/pico-sdk/src/rp2_common/pico_double/double_init_rom.c.obj
 .comment       0x0000000000000040       0x41 CMakeFiles/lab06.dir/Users/conor/Desktop/pico/pico-sdk/src/rp2_common/pico_float/float_init_rom.c.obj
 .comment       0x0000000000000040       0x41 CMakeFiles/lab06.dir/Users/conor/Desktop/pico/pico-sdk/src/rp2_common/pico_malloc/pico_malloc.c.obj
 .comment       0x0000000000000040       0x41 CMakeFiles/lab06.dir/Users/conor/Desktop/pico/pico-sdk/src/rp2_common/pico_standard_link/binary_info.c.obj
 .comment       0x0000000000000040       0x41 CMakeFiles/lab06.dir/Users/conor/Desktop/pico/pico-sdk/src/rp2_common/pico_stdio/stdio.c.obj
 .comment       0x0000000000000040       0x41 CMakeFiles/lab06.dir/Users/conor/Desktop/pico/pico-sdk/src/rp2_common/pico_stdio_uart/stdio_uart.c.obj
 .comment       0x0000000000000040       0x41 CMakeFiles/lab06.dir/Users/conor/Desktop/pico/pico-sdk/src/rp2_common/pico_multicore/multicore.c.obj

.debug_line_str
                0x0000000000000000       0xd2
 .debug_line_str
                0x0000000000000000       0xd2 /Applications/ArmGNUToolchain/12.2.rel1/arm-none-eabi/bin/../lib/gcc/arm-none-eabi/12.2.1/thumb/v6-m/nofp/libgcc.a(_dvmd_tls.o)

.debug_frame    0x0000000000000000       0x28
 .debug_frame   0x0000000000000000       0x28 /Applications/ArmGNUToolchain/12.2.rel1/arm-none-eabi/bin/../lib/gcc/arm-none-eabi/12.2.1/../../../../arm-none-eabi/lib/thumb/v6-m/nofp/libc.a(libc_a-strlen-stub.o)
