Archive member included to satisfy reference by file (symbol)

/Applications/ArmGNUToolchain/12.2.rel1/arm-none-eabi/bin/../lib/gcc/arm-none-eabi/12.2.1/thumb/v6-m/nofp/libgcc.a(_dvmd_tls.o)
                              CMakeFiles/lab06.dir/Users/conor/Desktop/pico/pico-sdk/src/rp2_common/pico_divider/divider.S.obj (__aeabi_idiv0)
/Applications/ArmGNUToolchain/12.2.rel1/arm-none-eabi/bin/../lib/gcc/arm-none-eabi/12.2.1/../../../../arm-none-eabi/lib/thumb/v6-m/nofp/libg.a(libc_a-calloc.o)
                              CMakeFiles/lab06.dir/Users/conor/Desktop/pico/pico-sdk/src/rp2_common/pico_malloc/pico_malloc.c.obj (calloc)
/Applications/ArmGNUToolchain/12.2.rel1/arm-none-eabi/bin/../lib/gcc/arm-none-eabi/12.2.1/../../../../arm-none-eabi/lib/thumb/v6-m/nofp/libg.a(libc_a-callocr.o)
                              /Applications/ArmGNUToolchain/12.2.rel1/arm-none-eabi/bin/../lib/gcc/arm-none-eabi/12.2.1/../../../../arm-none-eabi/lib/thumb/v6-m/nofp/libg.a(libc_a-calloc.o) (_calloc_r)
/Applications/ArmGNUToolchain/12.2.rel1/arm-none-eabi/bin/../lib/gcc/arm-none-eabi/12.2.1/../../../../arm-none-eabi/lib/thumb/v6-m/nofp/libg.a(libc_a-malloc.o)
                              CMakeFiles/lab06.dir/Users/conor/Desktop/pico/pico-sdk/src/rp2_common/pico_malloc/pico_malloc.c.obj (malloc)
/Applications/ArmGNUToolchain/12.2.rel1/arm-none-eabi/bin/../lib/gcc/arm-none-eabi/12.2.1/../../../../arm-none-eabi/lib/thumb/v6-m/nofp/libg.a(libc_a-mallocr.o)
                              /Applications/ArmGNUToolchain/12.2.rel1/arm-none-eabi/bin/../lib/gcc/arm-none-eabi/12.2.1/../../../../arm-none-eabi/lib/thumb/v6-m/nofp/libg.a(libc_a-callocr.o) (_malloc_r)
/Applications/ArmGNUToolchain/12.2.rel1/arm-none-eabi/bin/../lib/gcc/arm-none-eabi/12.2.1/../../../../arm-none-eabi/lib/thumb/v6-m/nofp/libg.a(libc_a-mlock.o)
                              /Applications/ArmGNUToolchain/12.2.rel1/arm-none-eabi/bin/../lib/gcc/arm-none-eabi/12.2.1/../../../../arm-none-eabi/lib/thumb/v6-m/nofp/libg.a(libc_a-mallocr.o) (__malloc_lock)
/Applications/ArmGNUToolchain/12.2.rel1/arm-none-eabi/bin/../lib/gcc/arm-none-eabi/12.2.1/../../../../arm-none-eabi/lib/thumb/v6-m/nofp/libg.a(libc_a-realloc.o)
                              CMakeFiles/lab06.dir/Users/conor/Desktop/pico/pico-sdk/src/rp2_common/pico_malloc/pico_malloc.c.obj (realloc)
/Applications/ArmGNUToolchain/12.2.rel1/arm-none-eabi/bin/../lib/gcc/arm-none-eabi/12.2.1/../../../../arm-none-eabi/lib/thumb/v6-m/nofp/libg.a(libc_a-reallocr.o)
                              /Applications/ArmGNUToolchain/12.2.rel1/arm-none-eabi/bin/../lib/gcc/arm-none-eabi/12.2.1/../../../../arm-none-eabi/lib/thumb/v6-m/nofp/libg.a(libc_a-realloc.o) (_realloc_r)
/Applications/ArmGNUToolchain/12.2.rel1/arm-none-eabi/bin/../lib/gcc/arm-none-eabi/12.2.1/../../../../arm-none-eabi/lib/thumb/v6-m/nofp/libg.a(libc_a-memmove.o)
                              /Applications/ArmGNUToolchain/12.2.rel1/arm-none-eabi/bin/../lib/gcc/arm-none-eabi/12.2.1/../../../../arm-none-eabi/lib/thumb/v6-m/nofp/libg.a(libc_a-reallocr.o) (memmove)
/Applications/ArmGNUToolchain/12.2.rel1/arm-none-eabi/bin/../lib/gcc/arm-none-eabi/12.2.1/../../../../arm-none-eabi/lib/thumb/v6-m/nofp/libg.a(libc_a-impure.o)
                              /Applications/ArmGNUToolchain/12.2.rel1/arm-none-eabi/bin/../lib/gcc/arm-none-eabi/12.2.1/../../../../arm-none-eabi/lib/thumb/v6-m/nofp/libg.a(libc_a-calloc.o) (_impure_ptr)
/Applications/ArmGNUToolchain/12.2.rel1/arm-none-eabi/bin/../lib/gcc/arm-none-eabi/12.2.1/../../../../arm-none-eabi/lib/thumb/v6-m/nofp/libg.a(libc_a-sbrkr.o)
                              /Applications/ArmGNUToolchain/12.2.rel1/arm-none-eabi/bin/../lib/gcc/arm-none-eabi/12.2.1/../../../../arm-none-eabi/lib/thumb/v6-m/nofp/libg.a(libc_a-mallocr.o) (_sbrk_r)
/Applications/ArmGNUToolchain/12.2.rel1/arm-none-eabi/bin/../lib/gcc/arm-none-eabi/12.2.1/../../../../arm-none-eabi/lib/thumb/v6-m/nofp/libg.a(libc_a-errno.o)
                              /Applications/ArmGNUToolchain/12.2.rel1/arm-none-eabi/bin/../lib/gcc/arm-none-eabi/12.2.1/../../../../arm-none-eabi/lib/thumb/v6-m/nofp/libg.a(libc_a-callocr.o) (__errno)
/Applications/ArmGNUToolchain/12.2.rel1/arm-none-eabi/bin/../lib/gcc/arm-none-eabi/12.2.1/../../../../arm-none-eabi/lib/thumb/v6-m/nofp/libg.a(libc_a-sysconf.o)
                              /Applications/ArmGNUToolchain/12.2.rel1/arm-none-eabi/bin/../lib/gcc/arm-none-eabi/12.2.1/../../../../arm-none-eabi/lib/thumb/v6-m/nofp/libg.a(libc_a-mallocr.o) (sysconf)
/Applications/ArmGNUToolchain/12.2.rel1/arm-none-eabi/bin/../lib/gcc/arm-none-eabi/12.2.1/../../../../arm-none-eabi/lib/thumb/v6-m/nofp/libg.a(libc_a-init.o)
                              /Applications/ArmGNUToolchain/12.2.rel1/arm-none-eabi/bin/../lib/gcc/arm-none-eabi/12.2.1/../../../../arm-none-eabi/lib/thumb/v6-m/nofp/crt0.o (__libc_init_array)
[...]
Memory Configuration

Name             Origin             Length             Attributes
FLASH            0x0000000010000000 0x0000000000200000 xr
RAM              0x0000000020000000 0x0000000000040000 xrw
SCRATCH_X        0x0000000020040000 0x0000000000001000 xrw
SCRATCH_Y        0x0000000020041000 0x0000000000001000 xrw
*default*        0x0000000000000000 0xffffffffffffffff

Linker script and memory map

LOAD /Applications/ArmGNUToolchain/12.2.rel1/arm-none-eabi/bin/../lib/gcc/arm-none-eabi/12.2.1/thumb/v6-m/nofp/crti.o
LOAD /Applications/ArmGNUToolchain/12.2.rel1/arm-none-eabi/bin/../lib/gcc/arm-none-eabi/12.2.1/thumb/v6-m/nofp/crtbegin.o
LOAD /Applications/ArmGNUToolchain/12.2.rel1/arm-none-eabi/bin/../lib/gcc/arm-none-eabi/12.2.1/../../../../arm-none-eabi/lib/thumb/v6-m/nofp/crt0.o

.flash_begin    0x0000000010000000        0x0
                0x0000000010000000                __flash_binary_start = .

.boot2          0x0000000010000000      0x100
                0x0000000010000000                __boot2_start__ = .
 *(.boot2)
 .boot2         0x0000000010000000      0x100 /var/folders/tb/ccwl9r592hn9v_xpq9s1bzlr0000gn/T//cc9Dos6B.o
                0x0000000010000100                __boot2_end__ = .
                0x0000000000000001                ASSERT (((__boot2_end__ - __boot2_start__) == 0x100), ERROR: Pico second stage bootloader must be 256 bytes in size)

.text           0x0000000010000100     0x41c8
                0x0000000010000100                __logical_binary_start = .
 *(.vectors)
 .vectors       0x0000000010000100       0xd4 CMakeFiles/lab06.dir/Users/conor/Desktop/pico/pico-sdk/src/rp2_common/pico_standard_link/crt0.S.obj
                0x0000000010000100                __VECTOR_TABLE
                0x0000000010000100                __vectors
                0x00000000100001c0                __default_isrs_start
                0x00000000100001c0                isr_invalid
                0x00000000100001c2                isr_nmi
                0x00000000100001c4                isr_hardfault
                0x00000000100001c6                isr_svcall
                0x00000000100001c8                isr_pendsv
                0x00000000100001ca                isr_systick
                0x00000000100001cc                isr_irq28
                0x00000000100001cc                isr_irq19
                0x00000000100001cc                isr_irq0
                0x00000000100001cc                isr_irq6
                0x00000000100001cc                isr_irq22
                0x00000000100001cc                isr_irq17
                0x00000000100001cc                isr_irq14
                0x00000000100001cc                isr_irq2
                0x00000000100001cc                isr_irq10
                0x00000000100001cc                isr_irq8
                0x00000000100001cc                isr_irq24
                0x00000000100001cc                isr_irq1
                0x00000000100001cc                isr_irq7
                0x00000000100001cc                isr_irq21
                0x00000000100001cc                isr_irq20
                0x00000000100001cc                isr_irq15
                0x00000000100001cc                isr_irq25
                0x00000000100001cc                isr_irq4
                0x00000000100001cc                isr_irq16
                0x00000000100001cc                isr_irq29
                0x00000000100001cc                isr_irq26
                0x00000000100001cc                __default_isrs_end
                0x00000000100001cc                isr_irq3
                0x00000000100001cc                isr_irq9
                0x00000000100001cc                __unhandled_user_irq
                0x00000000100001cc                isr_irq13
                0x00000000100001cc                isr_irq27
                0x00000000100001cc                isr_irq31
                0x00000000100001cc                isr_irq5
                0x00000000100001cc                isr_irq11
                0x00000000100001cc                isr_irq23
                0x00000000100001cc                isr_irq18
                0x00000000100001cc                isr_irq30
                0x00000000100001cc                isr_irq12
                0x00000000100001d2                unhandled_user_irq_num_in_r0
 *(.binary_info_header)
 .binary_info_header
                0x00000000100001d4       0x14 CMakeFiles/lab06.dir/Users/conor/Desktop/pico/pico-sdk/src/rp2_common/pico_standard_link/crt0.S.obj
                0x00000000100001e8                __binary_info_header_end = .
 *(.reset)
 .reset         0x00000000100001e8       0xa8 CMakeFiles/lab06.dir/Users/conor/Desktop/pico/pico-sdk/src/rp2_common/pico_standard_link/crt0.S.obj
                0x00000000100001e8                _entry_point
                0x0000000010000266                __get_current_exception
 .reset         0x0000000010000290       0x30 CMakeFiles/lab06.dir/Users/conor/Desktop/pico/pico-sdk/src/rp2_common/pico_standard_link/binary_info.c.obj
 *(.init)
 .init          0x00000000100002c0        0x4 /Applications/ArmGNUToolchain/12.2.rel1/arm-none-eabi/bin/../lib/gcc/arm-none-eabi/12.2.1/thumb/v6-m/nofp/crti.o
                0x00000000100002c0                _init
 *(EXCLUDE_FILE(*libm.a: *libc.a:*lib_a-mem*.o *libgcc.a:) .text*)
 .text.register_tm_clones
                0x00000000100002c4       0x28 /Applications/ArmGNUToolchain/12.2.rel1/arm-none-eabi/bin/../lib/gcc/arm-none-eabi/12.2.1/thumb/v6-m/nofp/crtbegin.o
 .text.frame_dummy
                0x00000000100002ec       0x24 /Applications/ArmGNUToolchain/12.2.rel1/arm-none-eabi/bin/../lib/gcc/arm-none-eabi/12.2.1/thumb/v6-m/nofp/crtbegin.o
 .text.wallis_float
                0x0000000010000310       0x70 CMakeFiles/lab06.dir/lab06.c.obj
                0x0000000010000310                wallis_float
 .text.core1_entry
                0x0000000010000380       0x14 CMakeFiles/lab06.dir/lab06.c.obj
                0x0000000010000380                core1_entry
 .text.wallis_double
                0x0000000010000394       0x84 CMakeFiles/lab06.dir/lab06.c.obj
                0x0000000010000394                wallis_double
 .text.main     0x0000000010000418      0x128 CMakeFiles/lab06.dir/lab06.c.obj
                0x0000000010000418                main
 .text.gpio_set_function
                0x0000000010000540       0x30 CMakeFiles/lab06.dir/Users/conor/Desktop/pico/pico-sdk/src/rp2_common/hardware_gpio/gpio.c.obj
                0x0000000010000540                gpio_set_function
 .text.hw_claim_lock
                0x0000000010000570       0x18 CMakeFiles/lab06.dir/Users/conor/Desktop/pico/pico-sdk/src/rp2_common/hardware_claim/claim.c.obj
                0x0000000010000570                hw_claim_lock
 .text.hw_claim_unlock
                0x0000000010000588       0x14 CMakeFiles/lab06.dir/Users/conor/Desktop/pico/pico-sdk/src/rp2_common/hardware_claim/claim.c.obj
                0x0000000010000588                hw_claim_unlock
 .text.hw_claim_or_assert
                0x000000001000059c       0x32 CMakeFiles/lab06.dir/Users/conor/Desktop/pico/pico-sdk/src/rp2_common/hardware_claim/claim.c.obj
                0x000000001000059c                hw_claim_or_assert
 *fill*         0x00000000100005ce        0x2 
 .text.running_on_fpga
                0x00000000100005d0       0x14 CMakeFiles/lab06.dir/Users/conor/Desktop/pico/pico-sdk/src/rp2_common/pico_platform/platform.c.obj
                0x00000000100005d0                running_on_fpga
 .text.spin_locks_reset
                0x00000000100005e4       0x20 CMakeFiles/lab06.dir/Users/conor/Desktop/pico/pico-sdk/src/rp2_common/hardware_sync/sync.c.obj
                0x00000000100005e4                spin_locks_reset
 .text.next_striped_spin_lock_num
                0x0000000010000604       0x1c CMakeFiles/lab06.dir/Users/conor/Desktop/pico/pico-sdk/src/rp2_common/hardware_sync/sync.c.obj
                0x0000000010000604                next_striped_spin_lock_num
 .text.set_raw_irq_handler_and_unlock
                0x0000000010000620       0x28 CMakeFiles/lab06.dir/Users/conor/Desktop/pico/pico-sdk/src/rp2_common/hardware_irq/irq.c.obj
 .text.resolve_branch
                0x0000000010000648       0x30 CMakeFiles/lab06.dir/Users/conor/Desktop/pico/pico-sdk/src/rp2_common/hardware_irq/irq.c.obj
 .text.make_branch
                0x0000000010000678       0x48 CMakeFiles/lab06.dir/Users/conor/Desktop/pico/pico-sdk/src/rp2_common/hardware_irq/irq.c.obj
 .text.insert_branch_and_link
                0x00000000100006c0       0x40 CMakeFiles/lab06.dir/Users/conor/Desktop/pico/pico-sdk/src/rp2_common/hardware_irq/irq.c.obj
 .text.irq_is_enabled
                0x0000000010000700       0x18 CMakeFiles/lab06.dir/Users/conor/Desktop/pico/pico-sdk/src/rp2_common/hardware_irq/irq.c.obj
                0x0000000010000700                irq_is_enabled
 .text.irq_set_mask_enabled
                0x0000000010000718       0x20 CMakeFiles/lab06.dir/Users/conor/Desktop/pico/pico-sdk/src/rp2_common/hardware_irq/irq.c.obj
                0x0000000010000718                irq_set_mask_enabled
 .text.irq_set_enabled
                0x0000000010000738        0xe CMakeFiles/lab06.dir/Users/conor/Desktop/pico/pico-sdk/src/rp2_common/hardware_irq/irq.c.obj
                0x0000000010000738                irq_set_enabled
 *fill*         0x0000000010000746        0x2 
 .text.irq_get_vtable_handler
                0x0000000010000748       0x10 CMakeFiles/lab06.dir/Users/conor/Desktop/pico/pico-sdk/src/rp2_common/hardware_irq/irq.c.obj
                0x0000000010000748                irq_get_vtable_handler
 .text.irq_set_exclusive_handler
                0x0000000010000758       0x54 CMakeFiles/lab06.dir/Users/conor/Desktop/pico/pico-sdk/src/rp2_common/hardware_irq/irq.c.obj
                0x0000000010000758                irq_set_exclusive_handler
 .text.irq_remove_handler
                0x00000000100007ac      0x188 CMakeFiles/lab06.dir/Users/conor/Desktop/pico/pico-sdk/src/rp2_common/hardware_irq/irq.c.obj
                0x00000000100007ac                irq_remove_handler
 .text.irq_add_tail_to_free_list
                0x0000000010000934       0xf0 CMakeFiles/lab06.dir/Users/conor/Desktop/pico/pico-sdk/src/rp2_common/hardware_irq/irq.c.obj
                0x0000000010000934                irq_add_tail_to_free_list
 .text.irq_init_priorities
                0x0000000010000a24       0x1c CMakeFiles/lab06.dir/Users/conor/Desktop/pico/pico-sdk/src/rp2_common/hardware_irq/irq.c.obj
                0x0000000010000a24                irq_init_priorities
 .text.lock_init
                0x0000000010000a40       0x10 CMakeFiles/lab06.dir/Users/conor/Desktop/pico/pico-sdk/src/common/pico_sync/lock_core.c.obj
                0x0000000010000a40                lock_init
 .text.get_entry
                0x0000000010000a50       0x38 CMakeFiles/lab06.dir/Users/conor/Desktop/pico/pico-sdk/src/common/pico_time/time.c.obj
 .text.timer_pool_entry_comparator
                0x0000000010000a88       0x2e CMakeFiles/lab06.dir/Users/conor/Desktop/pico/pico-sdk/src/common/pico_time/time.c.obj
                0x0000000010000a88                timer_pool_entry_comparator
 *fill*         0x0000000010000ab6        0x2 
 .text.update_us_since_boot
                0x0000000010000ab8       0x24 CMakeFiles/lab06.dir/Users/conor/Desktop/pico/pico-sdk/src/common/pico_time/time.c.obj
 .text.delayed_by_us
                0x0000000010000adc       0x36 CMakeFiles/lab06.dir/Users/conor/Desktop/pico/pico-sdk/src/common/pico_time/time.c.obj
 *fill*         0x0000000010000b12        0x2 
 .text.ph_get_node
                0x0000000010000b14       0x30 CMakeFiles/lab06.dir/Users/conor/Desktop/pico/pico-sdk/src/common/pico_time/time.c.obj
 .text.ph_contains_node
                0x0000000010000b44       0x1e CMakeFiles/lab06.dir/Users/conor/Desktop/pico/pico-sdk/src/common/pico_time/time.c.obj
 .text.ph_new_node
                0x0000000010000b62       0x28 CMakeFiles/lab06.dir/Users/conor/Desktop/pico/pico-sdk/src/common/pico_time/time.c.obj
 *fill*         0x0000000010000b8a        0x2 
 .text.ph_add_child_node
                0x0000000010000b8c       0x6c CMakeFiles/lab06.dir/Users/conor/Desktop/pico/pico-sdk/src/common/pico_time/time.c.obj
 .text.ph_merge_nodes
                0x0000000010000bf8       0x3e CMakeFiles/lab06.dir/Users/conor/Desktop/pico/pico-sdk/src/common/pico_time/time.c.obj
 *fill*         0x0000000010000c36        0x2 
 .text.ph_insert_node
                0x0000000010000c38       0x3c CMakeFiles/lab06.dir/Users/conor/Desktop/pico/pico-sdk/src/common/pico_time/time.c.obj
 .text.ph_free_node
                0x0000000010000c74       0x3c CMakeFiles/lab06.dir/Users/conor/Desktop/pico/pico-sdk/src/common/pico_time/time.c.obj
 .text.get_entry_id_high
                0x0000000010000cb0       0x30 CMakeFiles/lab06.dir/Users/conor/Desktop/pico/pico-sdk/src/common/pico_time/time.c.obj
 .text.alarm_pool_post_alloc_init
                0x0000000010000ce0       0x40 CMakeFiles/lab06.dir/Users/conor/Desktop/pico/pico-sdk/src/common/pico_time/time.c.obj
 .text.get_absolute_time
                0x0000000010000d20       0x22 CMakeFiles/lab06.dir/Users/conor/Desktop/pico/pico-sdk/src/common/pico_time/time.c.obj
 *fill*         0x0000000010000d42        0x2 
 .text.add_alarm_under_lock
                0x0000000010000d44       0x94 CMakeFiles/lab06.dir/Users/conor/Desktop/pico/pico-sdk/src/common/pico_time/time.c.obj
 .text.alarm_pool_alarm_callback
                0x0000000010000dd8      0x20c CMakeFiles/lab06.dir/Users/conor/Desktop/pico/pico-sdk/src/common/pico_time/time.c.obj
 .text.alarm_pool_init_default
                0x0000000010000fe4       0x38 CMakeFiles/lab06.dir/Users/conor/Desktop/pico/pico-sdk/src/common/pico_time/time.c.obj
                0x0000000010000fe4                alarm_pool_init_default
 .text.hardware_alarm_irq_handler
                0x000000001000101c       0x88 CMakeFiles/lab06.dir/Users/conor/Desktop/pico/pico-sdk/src/rp2_common/hardware_timer/timer.c.obj
 .text.hardware_alarm_claim
                0x00000000100010a4       0x18 CMakeFiles/lab06.dir/Users/conor/Desktop/pico/pico-sdk/src/rp2_common/hardware_timer/timer.c.obj
                0x00000000100010a4                hardware_alarm_claim
 .text.time_us_64
                0x00000000100010bc       0x18 CMakeFiles/lab06.dir/Users/conor/Desktop/pico/pico-sdk/src/rp2_common/hardware_timer/timer.c.obj
                0x00000000100010bc                time_us_64
 .text.hardware_alarm_set_callback
                0x00000000100010d4       0x90 CMakeFiles/lab06.dir/Users/conor/Desktop/pico/pico-sdk/src/rp2_common/hardware_timer/timer.c.obj
                0x00000000100010d4                hardware_alarm_set_callback
 .text.hardware_alarm_set_target
                0x0000000010001164       0xe8 CMakeFiles/lab06.dir/Users/conor/Desktop/pico/pico-sdk/src/rp2_common/hardware_timer/timer.c.obj
                0x0000000010001164                hardware_alarm_set_target
 .text.hardware_alarm_cancel
                0x000000001000124c       0x40 CMakeFiles/lab06.dir/Users/conor/Desktop/pico/pico-sdk/src/rp2_common/hardware_timer/timer.c.obj
                0x000000001000124c                hardware_alarm_cancel
 .text.ph_get_node
                0x000000001000128c       0x30 CMakeFiles/lab06.dir/Users/conor/Desktop/pico/pico-sdk/src/common/pico_util/pheap.c.obj
 .text.ph_add_child_node
                0x00000000100012bc       0x6c CMakeFiles/lab06.dir/Users/conor/Desktop/pico/pico-sdk/src/common/pico_util/pheap.c.obj
 .text.ph_merge_nodes
                0x0000000010001328       0x3e CMakeFiles/lab06.dir/Users/conor/Desktop/pico/pico-sdk/src/common/pico_util/pheap.c.obj
 .text.ph_clear
                0x0000000010001366       0x34 CMakeFiles/lab06.dir/Users/conor/Desktop/pico/pico-sdk/src/common/pico_util/pheap.c.obj
                0x0000000010001366                ph_clear
 .text.ph_post_alloc_init
                0x000000001000139a        0xe CMakeFiles/lab06.dir/Users/conor/Desktop/pico/pico-sdk/src/common/pico_util/pheap.c.obj
                0x000000001000139a                ph_post_alloc_init
 .text.ph_merge_two_pass
                0x00000000100013a8       0x5c CMakeFiles/lab06.dir/Users/conor/Desktop/pico/pico-sdk/src/common/pico_util/pheap.c.obj
                0x00000000100013a8                ph_merge_two_pass
 .text.ph_remove_any_head
                0x0000000010001404       0xa4 CMakeFiles/lab06.dir/Users/conor/Desktop/pico/pico-sdk/src/common/pico_util/pheap.c.obj
 .text.ph_remove_head
                0x00000000100014a8       0x14 CMakeFiles/lab06.dir/Users/conor/Desktop/pico/pico-sdk/src/common/pico_util/pheap.c.obj
                0x00000000100014a8                ph_remove_head
 .text.ph_remove_and_free_node
                0x00000000100014bc       0xa0 CMakeFiles/lab06.dir/Users/conor/Desktop/pico/pico-sdk/src/common/pico_util/pheap.c.obj
                0x00000000100014bc                ph_remove_and_free_node
 .text.mutex_init
                0x000000001000155c       0x1a CMakeFiles/lab06.dir/Users/conor/Desktop/pico/pico-sdk/src/common/pico_sync/mutex.c.obj
                0x000000001000155c                mutex_init
 .text.recursive_mutex_init
                0x0000000010001576       0x1e CMakeFiles/lab06.dir/Users/conor/Desktop/pico/pico-sdk/src/common/pico_sync/mutex.c.obj
                0x0000000010001576                recursive_mutex_init
 .text.uart_set_baudrate
                0x0000000010001594       0x5c CMakeFiles/lab06.dir/Users/conor/Desktop/pico/pico-sdk/src/rp2_common/hardware_uart/uart.c.obj
                0x0000000010001594                uart_set_baudrate
 .text.uart_set_translate_crlf
                0x00000000100015f0       0x28 CMakeFiles/lab06.dir/Users/conor/Desktop/pico/pico-sdk/src/rp2_common/hardware_uart/uart.c.obj
                0x00000000100015f0                uart_set_translate_crlf
 .text.uart_init
                0x0000000010001618       0x80 CMakeFiles/lab06.dir/Users/conor/Desktop/pico/pico-sdk/src/rp2_common/hardware_uart/uart.c.obj
                0x0000000010001618                uart_init
 .text._exit    0x0000000010001698        0x4 CMakeFiles/lab06.dir/Users/conor/Desktop/pico/pico-sdk/src/rp2_common/pico_runtime/runtime.c.obj
                0x0000000010001698                _exit
 .text.exit     0x000000001000169c        0x6 CMakeFiles/lab06.dir/Users/conor/Desktop/pico/pico-sdk/src/rp2_common/pico_runtime/runtime.c.obj
                0x000000001000169c                exit
 *fill*         0x00000000100016a2        0x2 
 .text.__assert_func
                0x00000000100016a4       0x38 CMakeFiles/lab06.dir/Users/conor/Desktop/pico/pico-sdk/src/rp2_common/pico_runtime/runtime.c.obj
                0x00000000100016a4                __assert_func
 .text.runtime_init
                0x00000000100016dc       0xf8 CMakeFiles/lab06.dir/Users/conor/Desktop/pico/pico-sdk/src/rp2_common/pico_runtime/runtime.c.obj
                0x00000000100016dc                runtime_init
 .text.panic    0x00000000100017d4       0x30 CMakeFiles/lab06.dir/Users/conor/Desktop/pico/pico-sdk/src/rp2_common/pico_runtime/runtime.c.obj
                0x00000000100017d4                panic
 .text.clock_configure
                0x0000000010001804      0x104 CMakeFiles/lab06.dir/Users/conor/Desktop/pico/pico-sdk/src/rp2_common/hardware_clocks/clocks.c.obj
                0x0000000010001804                clock_configure
 .text.clocks_init
                0x0000000010001908      0x100 CMakeFiles/lab06.dir/Users/conor/Desktop/pico/pico-sdk/src/rp2_common/hardware_clocks/clocks.c.obj
                0x0000000010001908                clocks_init
 .text.clock_get_hz
                0x0000000010001a08        0xc CMakeFiles/lab06.dir/Users/conor/Desktop/pico/pico-sdk/src/rp2_common/hardware_clocks/clocks.c.obj
                0x0000000010001a08                clock_get_hz
 .text.pll_init
                0x0000000010001a14      0x140 CMakeFiles/lab06.dir/Users/conor/Desktop/pico/pico-sdk/src/rp2_common/hardware_pll/pll.c.obj
                0x0000000010001a14                pll_init
 .text.watchdog_start_tick
                0x0000000010001b54       0x10 CMakeFiles/lab06.dir/Users/conor/Desktop/pico/pico-sdk/src/rp2_common/hardware_watchdog/watchdog.c.obj
                0x0000000010001b54                watchdog_start_tick
 .text.xosc_init
                0x0000000010001b64       0x28 CMakeFiles/lab06.dir/Users/conor/Desktop/pico/pico-sdk/src/rp2_common/hardware_xosc/xosc.c.obj
                0x0000000010001b64                xosc_init
 .text._out_null
                0x0000000010001b8c        0x2 CMakeFiles/lab06.dir/Users/conor/Desktop/pico/pico-sdk/src/rp2_common/pico_printf/printf.c.obj
 .text._out_fct
                0x0000000010001b8e        0xe CMakeFiles/lab06.dir/Users/conor/Desktop/pico/pico-sdk/src/rp2_common/pico_printf/printf.c.obj
 .text._atoi    0x0000000010001b9c       0x24 CMakeFiles/lab06.dir/Users/conor/Desktop/pico/pico-sdk/src/rp2_common/pico_printf/printf.c.obj
 .text._out_rev
                0x0000000010001bc0       0xae CMakeFiles/lab06.dir/Users/conor/Desktop/pico/pico-sdk/src/rp2_common/pico_printf/printf.c.obj
 .text._ntoa_format
                0x0000000010001c6e      0x110 CMakeFiles/lab06.dir/Users/conor/Desktop/pico/pico-sdk/src/rp2_common/pico_printf/printf.c.obj
 .text._ntoa_long
                0x0000000010001d7e       0xbc CMakeFiles/lab06.dir/Users/conor/Desktop/pico/pico-sdk/src/rp2_common/pico_printf/printf.c.obj
 .text._ntoa_long_long
                0x0000000010001e3a      0x10e CMakeFiles/lab06.dir/Users/conor/Desktop/pico/pico-sdk/src/rp2_common/pico_printf/printf.c.obj
 .text._etoa    0x0000000010001f48      0x420 CMakeFiles/lab06.dir/Users/conor/Desktop/pico/pico-sdk/src/rp2_common/pico_printf/printf.c.obj
 .text._ftoa    0x0000000010002368      0x354 CMakeFiles/lab06.dir/Users/conor/Desktop/pico/pico-sdk/src/rp2_common/pico_printf/printf.c.obj
 .text._vsnprintf
                0x00000000100026bc      0x65c CMakeFiles/lab06.dir/Users/conor/Desktop/pico/pico-sdk/src/rp2_common/pico_printf/printf.c.obj
 .text.vfctprintf
                0x0000000010002d18       0x20 CMakeFiles/lab06.dir/Users/conor/Desktop/pico/pico-sdk/src/rp2_common/pico_printf/printf.c.obj
                0x0000000010002d18                vfctprintf
 .text          0x0000000010002d38       0x10 CMakeFiles/lab06.dir/Users/conor/Desktop/pico/pico-sdk/src/rp2_common/pico_bit_ops/bit_ops_aeabi.S.obj
 .text.rom_func_lookup
                0x0000000010002d48       0x10 CMakeFiles/lab06.dir/Users/conor/Desktop/pico/pico-sdk/src/rp2_common/pico_bootrom/bootrom.c.obj
                0x0000000010002d48                rom_func_lookup
 .text.rom_data_lookup
                0x0000000010002d58       0x10 CMakeFiles/lab06.dir/Users/conor/Desktop/pico/pico-sdk/src/rp2_common/pico_bootrom/bootrom.c.obj
                0x0000000010002d58                rom_data_lookup
 .text.rom_funcs_lookup
                0x0000000010002d68       0x36 CMakeFiles/lab06.dir/Users/conor/Desktop/pico/pico-sdk/src/rp2_common/pico_bootrom/bootrom.c.obj
                0x0000000010002d68                rom_funcs_lookup
 *fill*         0x0000000010002d9e        0x2 
 .text.__wrap___aeabi_idiv
                0x0000000010002da0       0x50 CMakeFiles/lab06.dir/Users/conor/Desktop/pico/pico-sdk/src/rp2_common/pico_divider/divider.S.obj
                0x0000000010002da0                __wrap___aeabi_idivmod
                0x0000000010002da0                divmod_s32s32
                0x0000000010002da0                div_s32s32
                0x0000000010002da0                __wrap___aeabi_idiv
                0x0000000010002da8                divmod_s32s32_unsafe
                0x0000000010002dd4                divmod_s32s32_savestate
 .text.__wrap___aeabi_uidiv
                0x0000000010002df0       0x4c CMakeFiles/lab06.dir/Users/conor/Desktop/pico/pico-sdk/src/rp2_common/pico_divider/divider.S.obj
                0x0000000010002df0                __wrap___aeabi_uidiv
                0x0000000010002df0                __wrap___aeabi_uidivmod
                0x0000000010002df0                div_u32u32
                0x0000000010002df0                divmod_u32u32
                0x0000000010002df8                divmod_u32u32_unsafe
                0x0000000010002e20                divmod_u32u32_savestate
 .text.__wrap___aeabi_ldiv
                0x0000000010002e3c      0x434 CMakeFiles/lab06.dir/Users/conor/Desktop/pico/pico-sdk/src/rp2_common/pico_divider/divider.S.obj
                0x0000000010002e3c                __wrap___aeabi_ldivmod
                0x0000000010002e3c                div_s64s64
                0x0000000010002e3c                divmod_s64s64
                0x0000000010002e74                divmod_u64u64
                0x0000000010002e74                div_u64u64
                0x0000000010002e74                __wrap___aeabi_uldivmod
                0x0000000010002e84                divmod_u64u64_savestate
                0x0000000010002eac                divmod_s64s64_unsafe
                0x0000000010002f34                divmod_u64u64_unsafe
 .text.__wrap___aeabi_darithmetic
                0x0000000010003270       0x80 CMakeFiles/lab06.dir/Users/conor/Desktop/pico/pico-sdk/src/rp2_common/pico_double/double_aeabi.S.obj
                0x0000000010003270                __wrap___aeabi_drsub
                0x0000000010003276                __wrap___aeabi_dsub
                0x0000000010003288                __wrap___aeabi_dadd
                0x000000001000329a                __wrap___aeabi_ddiv
                0x00000000100032d6                __wrap___aeabi_dmul
 .text.__wrap___aeabi_cdcmple
                0x00000000100032f0       0x6c CMakeFiles/lab06.dir/Users/conor/Desktop/pico/pico-sdk/src/rp2_common/pico_double/double_aeabi.S.obj
                0x00000000100032f0                __wrap___aeabi_cdrcmple
                0x0000000010003300                __wrap___aeabi_cdcmple
                0x0000000010003300                __wrap___aeabi_cdcmpeq
 .text.__wrap___aeabi_dcmplt
                0x000000001000335c        0xc CMakeFiles/lab06.dir/Users/conor/Desktop/pico/pico-sdk/src/rp2_common/pico_double/double_aeabi.S.obj
                0x000000001000335c                __wrap___aeabi_dcmplt
 .text.__wrap___aeabi_dcmple
                0x0000000010003368       0x10 CMakeFiles/lab06.dir/Users/conor/Desktop/pico/pico-sdk/src/rp2_common/pico_double/double_aeabi.S.obj
                0x0000000010003368                __wrap___aeabi_dcmple
 .text.__wrap___aeabi_dcmpge
                0x0000000010003378       0x10 CMakeFiles/lab06.dir/Users/conor/Desktop/pico/pico-sdk/src/rp2_common/pico_double/double_aeabi.S.obj
                0x0000000010003378                __wrap___aeabi_dcmpge
 .text.__wrap___aeabi_dcmpgt
                0x0000000010003388        0xa CMakeFiles/lab06.dir/Users/conor/Desktop/pico/pico-sdk/src/rp2_common/pico_double/double_aeabi.S.obj
                0x0000000010003388                __wrap___aeabi_dcmpgt
 .text.__wrap___aeabi_dcmpun
                0x0000000010003392       0x1c CMakeFiles/lab06.dir/Users/conor/Desktop/pico/pico-sdk/src/rp2_common/pico_double/double_aeabi.S.obj
                0x0000000010003392                __wrap___aeabi_dcmpun
 *fill*         0x00000000100033ae        0x2 
 .text.__wrap___aeabi_i2d
                0x00000000100033b0       0x38 CMakeFiles/lab06.dir/Users/conor/Desktop/pico/pico-sdk/src/rp2_common/pico_double/double_aeabi.S.obj
                0x00000000100033b0                __wrap___aeabi_ui2d
                0x00000000100033b8                __wrap___aeabi_i2d
 .text.__wrap___aeabi_d2iz
                0x00000000100033e8       0x48 CMakeFiles/lab06.dir/Users/conor/Desktop/pico/pico-sdk/src/rp2_common/pico_double/double_aeabi.S.obj
                0x00000000100033e8                __wrap___aeabi_d2iz
                0x00000000100033e8                double2int_z
 .text.__wrap___aeabi_d2uiz
                0x0000000010003430       0x18 CMakeFiles/lab06.dir/Users/conor/Desktop/pico/pico-sdk/src/rp2_common/pico_double/double_aeabi.S.obj
                0x0000000010003430                double2uint
                0x0000000010003430                __wrap___aeabi_d2uiz
 .text.__aeabi_double_init
                0x0000000010003448       0xcc CMakeFiles/lab06.dir/Users/conor/Desktop/pico/pico-sdk/src/rp2_common/pico_double/double_init_rom.c.obj
                0x0000000010003448                __aeabi_double_init
 .text.double_table_shim_on_use_helper
                0x0000000010003514       0x34 CMakeFiles/lab06.dir/Users/conor/Desktop/pico/pico-sdk/src/rp2_common/pico_double/double_v1_rom_shim.S.obj
                0x0000000010003514                double_table_shim_on_use_helper
 .text.__wrap___aeabi_dsub
                0x0000000010003548       0x10 CMakeFiles/lab06.dir/Users/conor/Desktop/pico/pico-sdk/src/rp2_common/pico_double/double_v1_rom_shim.S.obj
                0x0000000010003548                drsub_shim
                0x000000001000354e                dsub_shim
 .text.dadd_shim
                0x0000000010003558      0x15c CMakeFiles/lab06.dir/Users/conor/Desktop/pico/pico-sdk/src/rp2_common/pico_double/double_v1_rom_shim.S.obj
                0x0000000010003558                dadd_shim
 .text.dmul_shim
                0x00000000100036b4      0x15c CMakeFiles/lab06.dir/Users/conor/Desktop/pico/pico-sdk/src/rp2_common/pico_double/double_v1_rom_shim.S.obj
                0x00000000100036b4                dmul_shim
 .text.ddiv_shim
                0x0000000010003810      0x1b0 CMakeFiles/lab06.dir/Users/conor/Desktop/pico/pico-sdk/src/rp2_common/pico_double/double_v1_rom_shim.S.obj
                0x0000000010003810                ddiv_shim
 .text.double2uint_shim
                0x00000000100039c0        0xe CMakeFiles/lab06.dir/Users/conor/Desktop/pico/pico-sdk/src/rp2_common/pico_double/double_v1_rom_shim.S.obj
                0x00000000100039c0                double2uint_shim
                0x00000000100039c2                double2ufix_shim
 *fill*         0x00000000100039ce        0x2 
 .text.double2uint64_shim
                0x00000000100039d0       0x70 CMakeFiles/lab06.dir/Users/conor/Desktop/pico/pico-sdk/src/rp2_common/pico_double/double_v1_rom_shim.S.obj
                0x00000000100039d0                double2uint64_shim
                0x00000000100039d2                double2ufix64_shim
                0x00000000100039f2                d2fix_a
 .text.dunpacks
                0x0000000010003a40       0x3c CMakeFiles/lab06.dir/Users/conor/Desktop/pico/pico-sdk/src/rp2_common/pico_double/double_v1_rom_shim.S.obj
                0x0000000010003a40                dunpacks
 .text.__wrap___aeabi_farithmetic
                0x0000000010003a7c       0x58 CMakeFiles/lab06.dir/Users/conor/Desktop/pico/pico-sdk/src/rp2_common/pico_float/float_aeabi.S.obj
                0x0000000010003a7c                __wrap___aeabi_frsub
                0x0000000010003a82                __wrap___aeabi_fsub
                0x0000000010003a8c                __wrap___aeabi_fadd
                0x0000000010003a96                __wrap___aeabi_fdiv
                0x0000000010003ac2                __wrap___aeabi_fmul
 .text.__wrap___aeabi_cfcmple
                0x0000000010003ad4       0x50 CMakeFiles/lab06.dir/Users/conor/Desktop/pico/pico-sdk/src/rp2_common/pico_float/float_aeabi.S.obj
                0x0000000010003ad4                __wrap___aeabi_cfrcmple
                0x0000000010003ae0                __wrap___aeabi_cfcmpeq
                0x0000000010003ae0                __wrap___aeabi_cfcmple
 .text.__wrap___aeabi_fcmple
                0x0000000010003b24       0x10 CMakeFiles/lab06.dir/Users/conor/Desktop/pico/pico-sdk/src/rp2_common/pico_float/float_aeabi.S.obj
                0x0000000010003b24                __wrap___aeabi_fcmple
 .text.__wrap___aeabi_ui2f
                0x0000000010003b34        0xa CMakeFiles/lab06.dir/Users/conor/Desktop/pico/pico-sdk/src/rp2_common/pico_float/float_aeabi.S.obj
                0x0000000010003b34                __wrap___aeabi_ui2f
 *fill*         0x0000000010003b3e        0x2 
 .text.__wrap___aeabi_i2f
                0x0000000010003b40       0x44 CMakeFiles/lab06.dir/Users/conor/Desktop/pico/pico-sdk/src/rp2_common/pico_float/float_aeabi.S.obj
                0x0000000010003b40                __wrap___aeabi_i2f
 .text.__wrap___aeabi_f2d
                0x0000000010003b84       0x14 CMakeFiles/lab06.dir/Users/conor/Desktop/pico/pico-sdk/src/rp2_common/pico_float/float_aeabi.S.obj
                0x0000000010003b84                __wrap___aeabi_f2d
 .text.__aeabi_float_init
                0x0000000010003b98       0xfc CMakeFiles/lab06.dir/Users/conor/Desktop/pico/pico-sdk/src/rp2_common/pico_float/float_init_rom.c.obj
                0x0000000010003b98                __aeabi_float_init
 .text.float_table_shim_on_use_helper
                0x0000000010003c94       0x34 CMakeFiles/lab06.dir/Users/conor/Desktop/pico/pico-sdk/src/rp2_common/pico_float/float_v1_rom_shim.S.obj
                0x0000000010003c94                float_table_shim_on_use_helper
 .text.float2double_shim
                0x0000000010003cc8       0x30 CMakeFiles/lab06.dir/Users/conor/Desktop/pico/pico-sdk/src/rp2_common/pico_float/float_v1_rom_shim.S.obj
                0x0000000010003cc8                float2double_shim
 .text          0x0000000010003cf8       0x10 CMakeFiles/lab06.dir/Users/conor/Desktop/pico/pico-sdk/src/rp2_common/pico_mem_ops/mem_ops_aeabi.S.obj
                0x0000000010003cf8                __aeabi_mem_init
 .text.memset   0x0000000010003d08        0xc CMakeFiles/lab06.dir/Users/conor/Desktop/pico/pico-sdk/src/rp2_common/pico_mem_ops/mem_ops_aeabi.S.obj
                0x0000000010003d08                __wrap_memset
 .text.memcpy   0x0000000010003d14        0xc CMakeFiles/lab06.dir/Users/conor/Desktop/pico/pico-sdk/src/rp2_common/pico_mem_ops/mem_ops_aeabi.S.obj
                0x0000000010003d14                __wrap___aeabi_memcpy
                0x0000000010003d14                __wrap_memcpy
 .text.stdio_out_chars_no_crlf
                0x0000000010003d20        0xe CMakeFiles/lab06.dir/Users/conor/Desktop/pico/pico-sdk/src/rp2_common/pico_stdio/stdio.c.obj
 *fill*         0x0000000010003d2e        0x2 
 .text.stdio_out_chars_crlf
                0x0000000010003d30       0x80 CMakeFiles/lab06.dir/Users/conor/Desktop/pico/pico-sdk/src/rp2_common/pico_stdio/stdio.c.obj
 .text.stdio_stack_buffer_flush
                0x0000000010003db0       0x44 CMakeFiles/lab06.dir/Users/conor/Desktop/pico/pico-sdk/src/rp2_common/pico_stdio/stdio.c.obj
 .text.stdio_buffered_printer
                0x0000000010003df4       0x20 CMakeFiles/lab06.dir/Users/conor/Desktop/pico/pico-sdk/src/rp2_common/pico_stdio/stdio.c.obj
 .text.stdout_serialize_begin
                0x0000000010003e14       0x30 CMakeFiles/lab06.dir/Users/conor/Desktop/pico/pico-sdk/src/rp2_common/pico_stdio/stdio.c.obj
                0x0000000010003e14                stdout_serialize_begin
 .text.stdout_serialize_end
                0x0000000010003e44       0x10 CMakeFiles/lab06.dir/Users/conor/Desktop/pico/pico-sdk/src/rp2_common/pico_stdio/stdio.c.obj
                0x0000000010003e44                stdout_serialize_end
 .text.stdio_put_string
                0x0000000010003e54       0x98 CMakeFiles/lab06.dir/Users/conor/Desktop/pico/pico-sdk/src/rp2_common/pico_stdio/stdio.c.obj
 .text.stdio_set_driver_enabled
                0x0000000010003eec       0x2c CMakeFiles/lab06.dir/Users/conor/Desktop/pico/pico-sdk/src/rp2_common/pico_stdio/stdio.c.obj
                0x0000000010003eec                stdio_set_driver_enabled
 .text.stdio_flush
                0x0000000010003f18       0x20 CMakeFiles/lab06.dir/Users/conor/Desktop/pico/pico-sdk/src/rp2_common/pico_stdio/stdio.c.obj
                0x0000000010003f18                stdio_flush
 .text.__wrap_puts
                0x0000000010003f38       0x1e CMakeFiles/lab06.dir/Users/conor/Desktop/pico/pico-sdk/src/rp2_common/pico_stdio/stdio.c.obj
                0x0000000010003f38                __wrap_puts
 *fill*         0x0000000010003f56        0x2 
 .text.__wrap_vprintf
                0x0000000010003f58       0x44 CMakeFiles/lab06.dir/Users/conor/Desktop/pico/pico-sdk/src/rp2_common/pico_stdio/stdio.c.obj
                0x0000000010003f58                __wrap_vprintf
 .text.__wrap_printf
                0x0000000010003f9c       0x18 CMakeFiles/lab06.dir/Users/conor/Desktop/pico/pico-sdk/src/rp2_common/pico_stdio/stdio.c.obj
                0x0000000010003f9c                __wrap_printf
 .text.stdio_init_all
                0x0000000010003fb4        0x8 CMakeFiles/lab06.dir/Users/conor/Desktop/pico/pico-sdk/src/rp2_common/pico_stdio/stdio.c.obj
                0x0000000010003fb4                stdio_init_all
 .text.uart_putc
                0x0000000010003fbc       0x60 CMakeFiles/lab06.dir/Users/conor/Desktop/pico/pico-sdk/src/rp2_common/pico_stdio_uart/stdio_uart.c.obj
 .text.uart_getc
                0x000000001000401c       0x24 CMakeFiles/lab06.dir/Users/conor/Desktop/pico/pico-sdk/src/rp2_common/pico_stdio_uart/stdio_uart.c.obj
 .text.stdio_uart_out_chars
                0x0000000010004040       0x20 CMakeFiles/lab06.dir/Users/conor/Desktop/pico/pico-sdk/src/rp2_common/pico_stdio_uart/stdio_uart.c.obj
 .text.stdio_uart_in_chars
                0x0000000010004060       0x34 CMakeFiles/lab06.dir/Users/conor/Desktop/pico/pico-sdk/src/rp2_common/pico_stdio_uart/stdio_uart.c.obj
                0x0000000010004060                stdio_uart_in_chars
 .text.stdio_uart_init_full
                0x0000000010004094       0x3c CMakeFiles/lab06.dir/Users/conor/Desktop/pico/pico-sdk/src/rp2_common/pico_stdio_uart/stdio_uart.c.obj
                0x0000000010004094                stdio_uart_init_full
 .text.stdio_uart_init
                0x00000000100040d0       0x28 CMakeFiles/lab06.dir/Users/conor/Desktop/pico/pico-sdk/src/rp2_common/pico_stdio_uart/stdio_uart.c.obj
                0x00000000100040d0                stdio_uart_init
 .text.core1_trampoline
                0x00000000100040f8        0x2 CMakeFiles/lab06.dir/Users/conor/Desktop/pico/pico-sdk/src/rp2_common/pico_multicore/multicore.c.obj
 .text.core1_wrapper
                0x00000000100040fa        0xc CMakeFiles/lab06.dir/Users/conor/Desktop/pico/pico-sdk/src/rp2_common/pico_multicore/multicore.c.obj
                0x00000000100040fa                core1_wrapper
 .text.multicore_fifo_push_blocking
                0x0000000010004106       0x14 CMakeFiles/lab06.dir/Users/conor/Desktop/pico/pico-sdk/src/rp2_common/pico_multicore/multicore.c.obj
                0x0000000010004106                multicore_fifo_push_blocking
 .text.multicore_fifo_pop_blocking
                0x000000001000411a       0x16 CMakeFiles/lab06.dir/Users/conor/Desktop/pico/pico-sdk/src/rp2_common/pico_multicore/multicore.c.obj
                0x000000001000411a                multicore_fifo_pop_blocking
 .text.multicore_launch_core1_raw
                0x0000000010004130       0x70 CMakeFiles/lab06.dir/Users/conor/Desktop/pico/pico-sdk/src/rp2_common/pico_multicore/multicore.c.obj
                0x0000000010004130                multicore_launch_core1_raw
 .text.multicore_launch_core1_with_stack
                0x00000000100041a0       0x50 CMakeFiles/lab06.dir/Users/conor/Desktop/pico/pico-sdk/src/rp2_common/pico_multicore/multicore.c.obj
                0x00000000100041a0                multicore_launch_core1_with_stack
 .text.multicore_launch_core1
                0x00000000100041f0       0x24 CMakeFiles/lab06.dir/Users/conor/Desktop/pico/pico-sdk/src/rp2_common/pico_multicore/multicore.c.obj
                0x00000000100041f0                multicore_launch_core1
 .text.strlen   0x0000000010004214       0x5c /Applications/ArmGNUToolchain/12.2.rel1/arm-none-eabi/bin/../lib/gcc/arm-none-eabi/12.2.1/../../../../arm-none-eabi/lib/thumb/v6-m/nofp/libg.a(libc_a-strlen-stub.o)
                0x0000000010004214                strlen
 *(.fini)
 .fini          0x0000000010004270        0x4 /Applications/ArmGNUToolchain/12.2.rel1/arm-none-eabi/bin/../lib/gcc/arm-none-eabi/12.2.1/thumb/v6-m/nofp/crti.o
                0x0000000010004270                _fini
 *fill*         0x0000000010004274        0x4 
 .fini.__stub   0x0000000010004278       0x50 linker stubs
 *crtbegin.o(.ctors)
 *crtbegin?.o(.ctors)
 *(EXCLUDE_FILE(*crtend.o *crtend?.o) .ctors)
 *(SORT_BY_NAME(.ctors.*))
 *(.ctors)
 *crtbegin.o(.dtors)
 *crtbegin?.o(.dtors)
 *(EXCLUDE_FILE(*crtend.o *crtend?.o) .dtors)
 *(SORT_BY_NAME(.dtors.*))
 *(.dtors)
 *(.eh_frame*)
 .eh_frame      0x00000000100042c8        0x0 /Applications/ArmGNUToolchain/12.2.rel1/arm-none-eabi/bin/../lib/gcc/arm-none-eabi/12.2.1/thumb/v6-m/nofp/crtbegin.o
                0x00000000100042c8                . = ALIGN (0x4)

.glue_7         0x00000000100042c8        0x0
 .glue_7        0x00000000100042c8        0x0 linker stubs

.glue_7t        0x00000000100042c8        0x0
 .glue_7t       0x00000000100042c8        0x0 linker stubs

.vfp11_veneer   0x00000000100042c8        0x0
 .vfp11_veneer  0x00000000100042c8        0x0 linker stubs

.v4_bx          0x00000000100042c8        0x0
 .v4_bx         0x00000000100042c8        0x0 linker stubs

.iplt           0x00000000100042c8        0x0
 .iplt          0x00000000100042c8        0x0 /Applications/ArmGNUToolchain/12.2.rel1/arm-none-eabi/bin/../lib/gcc/arm-none-eabi/12.2.1/thumb/v6-m/nofp/crtbegin.o

.rodata         0x00000000100042c8      0xf28
 *(EXCLUDE_FILE(*libm.a: *libc.a:*lib_a-mem*.o *libgcc.a:) .rodata*)
 .rodata.main.str1.4
                0x00000000100042c8      0x10b CMakeFiles/lab06.dir/lab06.c.obj
 *fill*         0x00000000100043d3        0x1 
 .rodata.resolve_branch.str1.4
                0x00000000100043d4       0x5d CMakeFiles/lab06.dir/Users/conor/Desktop/pico/pico-sdk/src/rp2_common/hardware_irq/irq.c.obj
 *fill*         0x0000000010004431        0x3 
 .rodata.make_branch.str1.4
                0x0000000010004434       0x30 CMakeFiles/lab06.dir/Users/conor/Desktop/pico/pico-sdk/src/rp2_common/hardware_irq/irq.c.obj
 .rodata.insert_branch_and_link.str1.4
                0x0000000010004464       0x10 CMakeFiles/lab06.dir/Users/conor/Desktop/pico/pico-sdk/src/rp2_common/hardware_irq/irq.c.obj
 .rodata.irq_set_exclusive_handler.str1.4
                0x0000000010004474       0x36 CMakeFiles/lab06.dir/Users/conor/Desktop/pico/pico-sdk/src/rp2_common/hardware_irq/irq.c.obj
 *fill*         0x00000000100044aa        0x2 
 .rodata.irq_remove_handler.str1.4
                0x00000000100044ac       0x2a CMakeFiles/lab06.dir/Users/conor/Desktop/pico/pico-sdk/src/rp2_common/hardware_irq/irq.c.obj
 *fill*         0x00000000100044d6        0x2 
 .rodata.irq_add_tail_to_free_list.str1.4
                0x00000000100044d8       0x3a CMakeFiles/lab06.dir/Users/conor/Desktop/pico/pico-sdk/src/rp2_common/hardware_irq/irq.c.obj
 *fill*         0x0000000010004512        0x2 
 .rodata.__func__.0
                0x0000000010004514       0x1a CMakeFiles/lab06.dir/Users/conor/Desktop/pico/pico-sdk/src/rp2_common/hardware_irq/irq.c.obj
 *fill*         0x000000001000452e        0x2 
 .rodata.__func__.1
                0x0000000010004530       0x17 CMakeFiles/lab06.dir/Users/conor/Desktop/pico/pico-sdk/src/rp2_common/hardware_irq/irq.c.obj
 *fill*         0x0000000010004547        0x1 
 .rodata.__func__.2
                0x0000000010004548       0x13 CMakeFiles/lab06.dir/Users/conor/Desktop/pico/pico-sdk/src/rp2_common/hardware_irq/irq.c.obj
 *fill*         0x000000001000455b        0x1 
 .rodata.__func__.3
                0x000000001000455c        0xc CMakeFiles/lab06.dir/Users/conor/Desktop/pico/pico-sdk/src/rp2_common/hardware_irq/irq.c.obj
 .rodata.__func__.4
                0x0000000010004568        0xf CMakeFiles/lab06.dir/Users/conor/Desktop/pico/pico-sdk/src/rp2_common/hardware_irq/irq.c.obj
 *fill*         0x0000000010004577        0x1 
 .rodata.__func__.6
                0x0000000010004578       0x1a CMakeFiles/lab06.dir/Users/conor/Desktop/pico/pico-sdk/src/rp2_common/hardware_irq/irq.c.obj
 *fill*         0x0000000010004592        0x2 
 .rodata.get_entry.str1.4
                0x0000000010004594       0x63 CMakeFiles/lab06.dir/Users/conor/Desktop/pico/pico-sdk/src/common/pico_time/time.c.obj
 *fill*         0x00000000100045f7        0x1 
 .rodata.update_us_since_boot.str1.4
                0x00000000100045f8       0x69 CMakeFiles/lab06.dir/Users/conor/Desktop/pico/pico-sdk/src/common/pico_time/time.c.obj
 *fill*         0x0000000010004661        0x3 
 .rodata.ph_get_node.str1.4
                0x0000000010004664       0x6e CMakeFiles/lab06.dir/Users/conor/Desktop/pico/pico-sdk/src/common/pico_time/time.c.obj
 *fill*         0x00000000100046d2        0x2 
 .rodata.ph_add_child_node.str1.4
                0x00000000100046d4       0x2e CMakeFiles/lab06.dir/Users/conor/Desktop/pico/pico-sdk/src/common/pico_time/time.c.obj
 *fill*         0x0000000010004702        0x2 
 .rodata.ph_insert_node.str1.4
                0x0000000010004704        0x3 CMakeFiles/lab06.dir/Users/conor/Desktop/pico/pico-sdk/src/common/pico_time/time.c.obj
 *fill*         0x0000000010004707        0x1 
 .rodata.ph_free_node.str1.4
                0x0000000010004708       0x22 CMakeFiles/lab06.dir/Users/conor/Desktop/pico/pico-sdk/src/common/pico_time/time.c.obj
 *fill*         0x000000001000472a        0x2 
 .rodata.add_alarm_under_lock.str1.4
                0x000000001000472c       0x28 CMakeFiles/lab06.dir/Users/conor/Desktop/pico/pico-sdk/src/common/pico_time/time.c.obj
 .rodata.alarm_pool_alarm_callback.str1.4
                0x0000000010004754       0x60 CMakeFiles/lab06.dir/Users/conor/Desktop/pico/pico-sdk/src/common/pico_time/time.c.obj
 .rodata.__func__.4
                0x00000000100047b4       0x12 CMakeFiles/lab06.dir/Users/conor/Desktop/pico/pico-sdk/src/common/pico_time/time.c.obj
 *fill*         0x00000000100047c6        0x2 
 .rodata.__func__.5
                0x00000000100047c8        0xd CMakeFiles/lab06.dir/Users/conor/Desktop/pico/pico-sdk/src/common/pico_time/time.c.obj
 *fill*         0x00000000100047d5        0x3 
 .rodata.__func__.6
                0x00000000100047d8       0x12 CMakeFiles/lab06.dir/Users/conor/Desktop/pico/pico-sdk/src/common/pico_time/time.c.obj
 *fill*         0x00000000100047ea        0x2 
 .rodata.__func__.7
                0x00000000100047ec        0xf CMakeFiles/lab06.dir/Users/conor/Desktop/pico/pico-sdk/src/common/pico_time/time.c.obj
 *fill*         0x00000000100047fb        0x1 
 .rodata.__func__.8
                0x00000000100047fc        0xc CMakeFiles/lab06.dir/Users/conor/Desktop/pico/pico-sdk/src/common/pico_time/time.c.obj
 .rodata.__func__.9
                0x0000000010004808       0x15 CMakeFiles/lab06.dir/Users/conor/Desktop/pico/pico-sdk/src/common/pico_time/time.c.obj
 *fill*         0x000000001000481d        0x3 
 .rodata.__func__.10
                0x0000000010004820       0x15 CMakeFiles/lab06.dir/Users/conor/Desktop/pico/pico-sdk/src/common/pico_time/time.c.obj
 *fill*         0x0000000010004835        0x3 
 .rodata.__func__.11
                0x0000000010004838       0x1a CMakeFiles/lab06.dir/Users/conor/Desktop/pico/pico-sdk/src/common/pico_time/time.c.obj
 *fill*         0x0000000010004852        0x2 
 .rodata.__func__.12
                0x0000000010004854        0xa CMakeFiles/lab06.dir/Users/conor/Desktop/pico/pico-sdk/src/common/pico_time/time.c.obj
 *fill*         0x000000001000485e        0x2 
 .rodata.hardware_alarm_claim.str1.4
                0x0000000010004860       0x22 CMakeFiles/lab06.dir/Users/conor/Desktop/pico/pico-sdk/src/rp2_common/hardware_timer/timer.c.obj
 *fill*         0x0000000010004882        0x2 
 .rodata.hardware_alarm_set_target.str1.4
                0x0000000010004884       0x6d CMakeFiles/lab06.dir/Users/conor/Desktop/pico/pico-sdk/src/rp2_common/hardware_timer/timer.c.obj
 *fill*         0x00000000100048f1        0x3 
 .rodata.__func__.0
                0x00000000100048f4       0x1a CMakeFiles/lab06.dir/Users/conor/Desktop/pico/pico-sdk/src/rp2_common/hardware_timer/timer.c.obj
 .rodata.ph_get_node.str1.4
                0x000000001000490e       0x6e CMakeFiles/lab06.dir/Users/conor/Desktop/pico/pico-sdk/src/common/pico_util/pheap.c.obj
 .rodata.ph_add_child_node.str1.4
                0x000000001000490e       0x2e CMakeFiles/lab06.dir/Users/conor/Desktop/pico/pico-sdk/src/common/pico_util/pheap.c.obj
 *fill*         0x000000001000490e        0x2 
 .rodata.ph_remove_any_head.str1.4
                0x0000000010004910       0x94 CMakeFiles/lab06.dir/Users/conor/Desktop/pico/pico-sdk/src/common/pico_util/pheap.c.obj
 .rodata.ph_remove_and_free_node.str1.4
                0x00000000100049a4       0x1e CMakeFiles/lab06.dir/Users/conor/Desktop/pico/pico-sdk/src/common/pico_util/pheap.c.obj
                                         0x26 (size before relaxing)
 *fill*         0x00000000100049c2        0x2 
 .rodata.__func__.0
                0x00000000100049c4       0x18 CMakeFiles/lab06.dir/Users/conor/Desktop/pico/pico-sdk/src/common/pico_util/pheap.c.obj
 .rodata.__func__.1
                0x00000000100049dc       0x13 CMakeFiles/lab06.dir/Users/conor/Desktop/pico/pico-sdk/src/common/pico_util/pheap.c.obj
 *fill*         0x00000000100049ef        0x1 
 .rodata.__func__.2
                0x00000000100049f0       0x12 CMakeFiles/lab06.dir/Users/conor/Desktop/pico/pico-sdk/src/common/pico_util/pheap.c.obj
 *fill*         0x0000000010004a02        0x2 
 .rodata.__func__.3
                0x0000000010004a04        0xc CMakeFiles/lab06.dir/Users/conor/Desktop/pico/pico-sdk/src/common/pico_util/pheap.c.obj
 .rodata.str1.4
                0x0000000010004a10       0x91 CMakeFiles/lab06.dir/Users/conor/Desktop/pico/pico-sdk/src/common/pico_sync/mutex.c.obj
 *fill*         0x0000000010004aa1        0x3 
 .rodata.__func__.1
                0x0000000010004aa4        0xb CMakeFiles/lab06.dir/Users/conor/Desktop/pico/pico-sdk/src/common/pico_sync/mutex.c.obj
 *fill*         0x0000000010004aaf        0x1 
 .rodata.__assert_func.str1.4
                0x0000000010004ab0       0x3f CMakeFiles/lab06.dir/Users/conor/Desktop/pico/pico-sdk/src/rp2_common/pico_runtime/runtime.c.obj
                                         0x43 (size before relaxing)
 *fill*         0x0000000010004aef        0x1 
 .rodata.runtime_init.str1.4
                0x0000000010004af0       0x69 CMakeFiles/lab06.dir/Users/conor/Desktop/pico/pico-sdk/src/rp2_common/pico_runtime/runtime.c.obj
 *fill*         0x0000000010004b59        0x3 
 .rodata.panic.str1.4
                0x0000000010004b5c       0x12 CMakeFiles/lab06.dir/Users/conor/Desktop/pico/pico-sdk/src/rp2_common/pico_runtime/runtime.c.obj
 *fill*         0x0000000010004b6e        0x2 
 .rodata.__func__.1
                0x0000000010004b70        0xd CMakeFiles/lab06.dir/Users/conor/Desktop/pico/pico-sdk/src/rp2_common/pico_runtime/runtime.c.obj
 *fill*         0x0000000010004b7d        0x3 
 .rodata.clock_configure.str1.4
                0x0000000010004b80       0x5f CMakeFiles/lab06.dir/Users/conor/Desktop/pico/pico-sdk/src/rp2_common/hardware_clocks/clocks.c.obj
 *fill*         0x0000000010004bdf        0x1 
 .rodata.__func__.1
                0x0000000010004be0       0x10 CMakeFiles/lab06.dir/Users/conor/Desktop/pico/pico-sdk/src/rp2_common/hardware_clocks/clocks.c.obj
 .rodata.pll_init.str1.4
                0x0000000010004bf0      0x143 CMakeFiles/lab06.dir/Users/conor/Desktop/pico/pico-sdk/src/rp2_common/hardware_pll/pll.c.obj
 *fill*         0x0000000010004d33        0x1 
 .rodata.__func__.0
                0x0000000010004d34        0x9 CMakeFiles/lab06.dir/Users/conor/Desktop/pico/pico-sdk/src/rp2_common/hardware_pll/pll.c.obj
 *fill*         0x0000000010004d3d        0x3 
 .rodata._ftoa.str1.4
                0x0000000010004d40       0x15 CMakeFiles/lab06.dir/Users/conor/Desktop/pico/pico-sdk/src/rp2_common/pico_printf/printf.c.obj
 *fill*         0x0000000010004d55        0x3 
 .rodata._vsnprintf
                0x0000000010004d58      0x19c CMakeFiles/lab06.dir/Users/conor/Desktop/pico/pico-sdk/src/rp2_common/pico_printf/printf.c.obj
 *fill*         0x0000000010004ef4        0x4 
 .rodata.pow10.0
                0x0000000010004ef8       0x50 CMakeFiles/lab06.dir/Users/conor/Desktop/pico/pico-sdk/src/rp2_common/pico_printf/printf.c.obj
 .rodata.__aeabi_double_init.str1.4
                0x0000000010004f48       0xb0 CMakeFiles/lab06.dir/Users/conor/Desktop/pico/pico-sdk/src/rp2_common/pico_double/double_init_rom.c.obj
 .rodata.__func__.0
                0x0000000010004ff8       0x14 CMakeFiles/lab06.dir/Users/conor/Desktop/pico/pico-sdk/src/rp2_common/pico_double/double_init_rom.c.obj
 .rodata.__aeabi_float_init.str1.4
                0x000000001000500c       0x82 CMakeFiles/lab06.dir/Users/conor/Desktop/pico/pico-sdk/src/rp2_common/pico_float/float_init_rom.c.obj
                                         0x86 (size before relaxing)
 *fill*         0x000000001000508e        0x2 
 .rodata.__func__.0
                0x0000000010005090       0x13 CMakeFiles/lab06.dir/Users/conor/Desktop/pico/pico-sdk/src/rp2_common/pico_float/float_init_rom.c.obj
 *fill*         0x00000000100050a3        0x1 
 .rodata.str1.4
                0x00000000100050a4       0x3c CMakeFiles/lab06.dir/Users/conor/Desktop/pico/pico-sdk/src/rp2_common/pico_standard_link/binary_info.c.obj
 .rodata.__bi_81
                0x00000000100050e0        0xc CMakeFiles/lab06.dir/Users/conor/Desktop/pico/pico-sdk/src/rp2_common/pico_standard_link/binary_info.c.obj
 .rodata.__bi_75
                0x00000000100050ec        0xc CMakeFiles/lab06.dir/Users/conor/Desktop/pico/pico-sdk/src/rp2_common/pico_standard_link/binary_info.c.obj
 .rodata.__bi_44
                0x00000000100050f8        0xc CMakeFiles/lab06.dir/Users/conor/Desktop/pico/pico-sdk/src/rp2_common/pico_standard_link/binary_info.c.obj
 .rodata.crlf_str.3
                0x0000000010005104        0x2 CMakeFiles/lab06.dir/Users/conor/Desktop/pico/pico-sdk/src/rp2_common/pico_stdio/stdio.c.obj
 *fill*         0x0000000010005106        0x2 
 .rodata.str1.4
                0x0000000010005108       0x2c CMakeFiles/lab06.dir/Users/conor/Desktop/pico/pico-sdk/src/rp2_common/pico_stdio_uart/stdio_uart.c.obj
 .rodata.__bi_28.4
                0x0000000010005134        0xc CMakeFiles/lab06.dir/Users/conor/Desktop/pico/pico-sdk/src/rp2_common/pico_stdio_uart/stdio_uart.c.obj
 .rodata.__bi_29.5
                0x0000000010005140        0x8 CMakeFiles/lab06.dir/Users/conor/Desktop/pico/pico-sdk/src/rp2_common/pico_stdio_uart/stdio_uart.c.obj
 .rodata.multicore_lockout_start_block_until.str1.4
                0x0000000010005148       0x65 CMakeFiles/lab06.dir/Users/conor/Desktop/pico/pico-sdk/src/rp2_common/pico_multicore/multicore.c.obj
 *fill*         0x00000000100051ad        0x3 
 .rodata.multicore_launch_core1_with_stack.str1.4
                0x00000000100051b0       0x19 CMakeFiles/lab06.dir/Users/conor/Desktop/pico/pico-sdk/src/rp2_common/pico_multicore/multicore.c.obj
 *fill*         0x00000000100051c9        0x3 
 .rodata.__func__.2
                0x00000000100051cc       0x22 CMakeFiles/lab06.dir/Users/conor/Desktop/pico/pico-sdk/src/rp2_common/pico_multicore/multicore.c.obj
                0x00000000100051f0                . = ALIGN (0x4)
 *fill*         0x00000000100051ee        0x2 
 *(SORT_BY_ALIGNMENT(SORT_BY_NAME(.flashdata*)))
                0x00000000100051f0                . = ALIGN (0x4)

.rel.dyn        0x00000000100051f0        0x0
 .rel.iplt      0x00000000100051f0        0x0 /Applications/ArmGNUToolchain/12.2.rel1/arm-none-eabi/bin/../lib/gcc/arm-none-eabi/12.2.1/thumb/v6-m/nofp/crtbegin.o

.ARM.extab
 *(.ARM.extab* .gnu.linkonce.armextab.*)
                0x00000000100051f0                __exidx_start = .

.ARM.exidx
 *(.ARM.exidx* .gnu.linkonce.armexidx.*)
                0x00000000100051f0                __exidx_end = .
                0x00000000100051f0                . = ALIGN (0x4)
                0x00000000100051f0                __binary_info_start = .

.binary_info    0x00000000100051f0       0x24
 *(.binary_info.keep.*)
 .binary_info.keep.__bi_ptr81
                0x00000000100051f0        0x4 CMakeFiles/lab06.dir/Users/conor/Desktop/pico/pico-sdk/src/rp2_common/pico_standard_link/binary_info.c.obj
 .binary_info.keep.__bi_ptr75
                0x00000000100051f4        0x4 CMakeFiles/lab06.dir/Users/conor/Desktop/pico/pico-sdk/src/rp2_common/pico_standard_link/binary_info.c.obj
 .binary_info.keep.__bi_ptr50
                0x00000000100051f8        0x4 CMakeFiles/lab06.dir/Users/conor/Desktop/pico/pico-sdk/src/rp2_common/pico_standard_link/binary_info.c.obj
 .binary_info.keep.__bi_ptr44
                0x00000000100051fc        0x4 CMakeFiles/lab06.dir/Users/conor/Desktop/pico/pico-sdk/src/rp2_common/pico_standard_link/binary_info.c.obj
 .binary_info.keep.__bi_ptr38
                0x0000000010005200        0x4 CMakeFiles/lab06.dir/Users/conor/Desktop/pico/pico-sdk/src/rp2_common/pico_standard_link/binary_info.c.obj
 .binary_info.keep.__bi_ptr30
                0x0000000010005204        0x4 CMakeFiles/lab06.dir/Users/conor/Desktop/pico/pico-sdk/src/rp2_common/pico_standard_link/binary_info.c.obj
 .binary_info.keep.__bi_ptr22
                0x0000000010005208        0x4 CMakeFiles/lab06.dir/Users/conor/Desktop/pico/pico-sdk/src/rp2_common/pico_standard_link/binary_info.c.obj
 *(.binary_info.*)
 .binary_info.__bi_ptr29
                0x000000001000520c        0x4 CMakeFiles/lab06.dir/Users/conor/Desktop/pico/pico-sdk/src/rp2_common/pico_stdio_uart/stdio_uart.c.obj
 .binary_info.__bi_ptr28
                0x0000000010005210        0x4 CMakeFiles/lab06.dir/Users/conor/Desktop/pico/pico-sdk/src/rp2_common/pico_stdio_uart/stdio_uart.c.obj
                0x0000000010005214                __binary_info_end = .
                0x0000000010005214                . = ALIGN (0x4)
                0x0000000010005214                __etext = .

.ram_vector_table
                0x0000000020000000       0xc0
 *(.ram_vector_table)
 .ram_vector_table
                0x0000000020000000       0xc0 CMakeFiles/lab06.dir/Users/conor/Desktop/pico/pico-sdk/src/rp2_common/pico_runtime/runtime.c.obj
                0x0000000020000000                ram_vector_table

.data           0x00000000200000c0      0x1c8 load address 0x0000000010005214
                0x00000000200000c0                __data_start__ = .
 *(vtable)
 *(.time_critical*)
 .time_critical.mutex_enter_blocking
                0x00000000200000c0       0x48 CMakeFiles/lab06.dir/Users/conor/Desktop/pico/pico-sdk/src/common/pico_sync/mutex.c.obj
                0x00000000200000c0                mutex_enter_blocking
 .time_critical.mutex_try_enter
                0x0000000020000108       0x46 CMakeFiles/lab06.dir/Users/conor/Desktop/pico/pico-sdk/src/common/pico_sync/mutex.c.obj
                0x0000000020000108                mutex_try_enter
 *fill*         0x000000002000014e        0x2 
 .time_critical.mutex_exit
                0x0000000020000150       0x4c CMakeFiles/lab06.dir/Users/conor/Desktop/pico/pico-sdk/src/common/pico_sync/mutex.c.obj
                0x0000000020000150                mutex_exit
 *(.text*)
 .text          0x000000002000019c        0x4 /Applications/ArmGNUToolchain/12.2.rel1/arm-none-eabi/bin/../lib/gcc/arm-none-eabi/12.2.1/thumb/v6-m/nofp/libgcc.a(_dvmd_tls.o)
                0x000000002000019c                __aeabi_ldiv0
                0x000000002000019c                __aeabi_idiv0
 .text.__stub   0x00000000200001a0       0x10 linker stubs
                0x00000000200001b0                . = ALIGN (0x4)
 *(.rodata*)
                0x00000000200001b0                . = ALIGN (0x4)
 *(.data*)
 .data.striped_spin_lock_num
                0x00000000200001b0        0x1 CMakeFiles/lab06.dir/Users/conor/Desktop/pico/pico-sdk/src/rp2_common/hardware_sync/sync.c.obj
 *fill*         0x00000000200001b1        0x3 
 .data          0x00000000200001b4       0x48 CMakeFiles/lab06.dir/Users/conor/Desktop/pico/pico-sdk/src/rp2_common/hardware_irq/irq_handler_chain.S.obj
                0x00000000200001b4                irq_handler_chain_slots
                0x00000000200001e4                irq_handler_chain_first_slot
                0x00000000200001ee                irq_handler_chain_remove_tail
 .data.default_alarm_pool
                0x00000000200001fc       0x18 CMakeFiles/lab06.dir/Users/conor/Desktop/pico/pico-sdk/src/common/pico_time/time.c.obj
 .data.default_alarm_pool_heap
                0x0000000020000214       0x10 CMakeFiles/lab06.dir/Users/conor/Desktop/pico/pico-sdk/src/common/pico_time/time.c.obj
 *fill*         0x0000000020000224        0xc 
 .data.aeabi_bits_funcs
                0x0000000020000230       0x10 CMakeFiles/lab06.dir/Users/conor/Desktop/pico/pico-sdk/src/rp2_common/pico_bit_ops/bit_ops_aeabi.S.obj
                0x0000000020000230                aeabi_bits_funcs
                0x0000000020000240                aeabi_bits_funcs_end
 .data.aeabi_mem_funcs
                0x0000000020000240       0x10 CMakeFiles/lab06.dir/Users/conor/Desktop/pico/pico-sdk/src/rp2_common/pico_mem_ops/mem_ops_aeabi.S.obj
                0x0000000020000240                aeabi_mem_funcs
                0x0000000020000250                aeabi_mem_funcs_end
 .data.stdio_uart
                0x0000000020000250       0x14 CMakeFiles/lab06.dir/Users/conor/Desktop/pico/pico-sdk/src/rp2_common/pico_stdio_uart/stdio_uart.c.obj
                0x0000000020000250                stdio_uart
                0x0000000020000264                . = ALIGN (0x4)
 *(.after_data.*)
                0x0000000020000264                . = ALIGN (0x4)
                0x0000000020000264                PROVIDE (__mutex_array_start = .)
 *(SORT_BY_NAME(.mutex_array.*))
 *(.mutex_array)
 .mutex_array   0x0000000020000264        0x8 CMakeFiles/lab06.dir/Users/conor/Desktop/pico/pico-sdk/src/rp2_common/pico_malloc/pico_malloc.c.obj
 .mutex_array   0x000000002000026c        0x8 CMakeFiles/lab06.dir/Users/conor/Desktop/pico/pico-sdk/src/rp2_common/pico_stdio/stdio.c.obj
                0x0000000020000274                PROVIDE (__mutex_array_end = .)
                0x0000000020000274                . = ALIGN (0x4)
                0x0000000020000274                PROVIDE (__preinit_array_start = .)
 *(SORT_BY_NAME(.preinit_array.*))
 .preinit_array.00001
                0x0000000020000274        0x4 CMakeFiles/lab06.dir/Users/conor/Desktop/pico/pico-sdk/src/rp2_common/pico_mem_ops/mem_ops_aeabi.S.obj
 .preinit_array.00010
                0x0000000020000278        0x4 CMakeFiles/lab06.dir/Users/conor/Desktop/pico/pico-sdk/src/rp2_common/pico_bit_ops/bit_ops_aeabi.S.obj
 .preinit_array.00020
                0x000000002000027c        0x4 CMakeFiles/lab06.dir/Users/conor/Desktop/pico/pico-sdk/src/rp2_common/pico_double/double_aeabi.S.obj
 .preinit_array.00020
                0x0000000020000280        0x4 CMakeFiles/lab06.dir/Users/conor/Desktop/pico/pico-sdk/src/rp2_common/pico_float/float_aeabi.S.obj
 *(.preinit_array)
                0x0000000020000284                PROVIDE (__preinit_array_end = .)
                0x0000000020000284                . = ALIGN (0x4)
                0x0000000020000284                PROVIDE (__init_array_start = .)
 *(SORT_BY_NAME(.init_array.*))
 *(.init_array)
 .init_array    0x0000000020000284        0x4 /Applications/ArmGNUToolchain/12.2.rel1/arm-none-eabi/bin/../lib/gcc/arm-none-eabi/12.2.1/thumb/v6-m/nofp/crtbegin.o
                0x0000000020000288                PROVIDE (__init_array_end = .)
                0x0000000020000288                . = ALIGN (0x4)
                [!provide]                        PROVIDE (__fini_array_start = .)
 *(SORT_BY_NAME(.fini_array.*))
 *(.fini_array)
                [!provide]                        PROVIDE (__fini_array_end = .)
 *(.jcr)
                0x0000000020000288                . = ALIGN (0x4)
                0x0000000020000288                __data_end__ = .

.tm_clone_table
                0x0000000020000288        0x0 load address 0x00000000100053dc
 .tm_clone_table
                0x0000000020000288        0x0 /Applications/ArmGNUToolchain/12.2.rel1/arm-none-eabi/bin/../lib/gcc/arm-none-eabi/12.2.1/thumb/v6-m/nofp/crtbegin.o
 .tm_clone_table
                0x0000000020000288        0x0 /Applications/ArmGNUToolchain/12.2.rel1/arm-none-eabi/bin/../lib/gcc/arm-none-eabi/12.2.1/thumb/v6-m/nofp/crtend.o

.igot.plt       0x0000000020000288        0x0 load address 0x00000000100053dc
 .igot.plt      0x0000000020000288        0x0 /Applications/ArmGNUToolchain/12.2.rel1/arm-none-eabi/bin/../lib/gcc/arm-none-eabi/12.2.1/thumb/v6-m/nofp/crtbegin.o

.uninitialized_data
                0x0000000020000288        0x0 load address 0x00000000100053dc
                0x0000000020000288                . = ALIGN (0x4)
 *(.uninitialized_data*)

.scratch_x      0x0000000020040000        0x0 load address 0x00000000100053dc
                0x0000000020040000                __scratch_x_start__ = .
 *(.scratch_x.*)
                0x0000000020040000                . = ALIGN (0x4)
                0x0000000020040000                __scratch_x_end__ = .
                0x00000000100053dc                __scratch_x_source__ = LOADADDR (.scratch_x)

.scratch_y      0x0000000020041000        0x0 load address 0x00000000100053dc
                0x0000000020041000                __scratch_y_start__ = .
 *(.scratch_y.*)
                0x0000000020041000                . = ALIGN (0x4)
                0x0000000020041000                __scratch_y_end__ = .
                0x00000000100053dc                __scratch_y_source__ = LOADADDR (.scratch_y)

.bss            0x0000000020000288      0x3d0
                0x0000000020000288                . = ALIGN (0x4)
                0x0000000020000288                __bss_start__ = .
 *(SORT_BY_ALIGNMENT(SORT_BY_NAME(.bss*)))
 .bss.default_alarm_pool_entries
                0x0000000020000288      0x100 CMakeFiles/lab06.dir/Users/conor/Desktop/pico/pico-sdk/src/common/pico_time/time.c.obj
 .bss.alarm_callbacks
                0x0000000020000388       0x10 CMakeFiles/lab06.dir/Users/conor/Desktop/pico/pico-sdk/src/rp2_common/hardware_timer/timer.c.obj
 .bss.configured_freq
                0x0000000020000398       0x28 CMakeFiles/lab06.dir/Users/conor/Desktop/pico/pico-sdk/src/rp2_common/hardware_clocks/clocks.c.obj
 .bss.default_alarm_pool_entry_ids_high
                0x00000000200003c0       0x10 CMakeFiles/lab06.dir/Users/conor/Desktop/pico/pico-sdk/src/common/pico_time/time.c.obj
 .bss.default_alarm_pool_heap_nodes
                0x00000000200003d0       0x30 CMakeFiles/lab06.dir/Users/conor/Desktop/pico/pico-sdk/src/common/pico_time/time.c.obj
 .bss.drivers   0x0000000020000400        0x4 CMakeFiles/lab06.dir/Users/conor/Desktop/pico/pico-sdk/src/rp2_common/pico_stdio/stdio.c.obj
 .bss.filter    0x0000000020000404        0x4 CMakeFiles/lab06.dir/Users/conor/Desktop/pico/pico-sdk/src/rp2_common/pico_stdio/stdio.c.obj
 .bss.float_elapsed_time
                0x0000000020000408        0x4 CMakeFiles/lab06.dir/lab06.c.obj
                0x0000000020000408                float_elapsed_time
 .bss.object.0  0x000000002000040c       0x18 /Applications/ArmGNUToolchain/12.2.rel1/arm-none-eabi/bin/../lib/gcc/arm-none-eabi/12.2.1/thumb/v6-m/nofp/crtbegin.o
 .bss.pools     0x0000000020000424       0x10 CMakeFiles/lab06.dir/Users/conor/Desktop/pico/pico-sdk/src/common/pico_time/time.c.obj
 .bss.sd_table  0x0000000020000434      0x100 CMakeFiles/lab06.dir/Users/conor/Desktop/pico/pico-sdk/src/rp2_common/pico_double/double_init_rom.c.obj
                0x0000000020000434                sd_table
 .bss.sf_clz_func
                0x0000000020000534        0x4 CMakeFiles/lab06.dir/Users/conor/Desktop/pico/pico-sdk/src/rp2_common/pico_double/double_init_rom.c.obj
                0x0000000020000534                sf_clz_func
 .bss.sf_table  0x0000000020000538      0x100 CMakeFiles/lab06.dir/Users/conor/Desktop/pico/pico-sdk/src/rp2_common/pico_float/float_init_rom.c.obj
                0x0000000020000538                sf_table
 .bss.sleep_notifier
                0x0000000020000638        0x4 CMakeFiles/lab06.dir/Users/conor/Desktop/pico/pico-sdk/src/common/pico_time/time.c.obj
 .bss.target_hi
                0x000000002000063c       0x10 CMakeFiles/lab06.dir/Users/conor/Desktop/pico/pico-sdk/src/rp2_common/hardware_timer/timer.c.obj
 .bss.uart_char_to_line_feed
                0x000000002000064c        0x4 CMakeFiles/lab06.dir/Users/conor/Desktop/pico/pico-sdk/src/rp2_common/hardware_uart/uart.c.obj
                0x000000002000064c                uart_char_to_line_feed
 .bss.uart_instance
                0x0000000020000650        0x4 CMakeFiles/lab06.dir/Users/conor/Desktop/pico/pico-sdk/src/rp2_common/pico_stdio_uart/stdio_uart.c.obj
 .bss.claimed   0x0000000020000654        0x1 CMakeFiles/lab06.dir/Users/conor/Desktop/pico/pico-sdk/src/rp2_common/hardware_timer/timer.c.obj
 .bss.irq_hander_chain_free_slot_head
                0x0000000020000655        0x1 CMakeFiles/lab06.dir/Users/conor/Desktop/pico/pico-sdk/src/rp2_common/hardware_irq/irq.c.obj
 .bss.timer_callbacks_pending
                0x0000000020000656        0x1 CMakeFiles/lab06.dir/Users/conor/Desktop/pico/pico-sdk/src/rp2_common/hardware_timer/timer.c.obj
 *(COMMON)
                0x0000000020000658                . = ALIGN (0x4)
 *fill*         0x0000000020000657        0x1 
                0x0000000020000658                __bss_end__ = .

.heap           0x0000000020000658      0x800
                0x0000000020000658                __end__ = .
                0x0000000020000658                end = __end__
 *(.heap*)
 .heap          0x0000000020000658      0x800 CMakeFiles/lab06.dir/Users/conor/Desktop/pico/pico-sdk/src/rp2_common/pico_standard_link/crt0.S.obj
                0x0000000020000e58                __HeapLimit = .

.stack1_dummy   0x0000000020040000      0x800
 *(.stack1*)
 .stack1        0x0000000020040000      0x800 CMakeFiles/lab06.dir/Users/conor/Desktop/pico/pico-sdk/src/rp2_common/pico_multicore/multicore.c.obj

.stack_dummy    0x0000000020041000      0x800
 *(.stack*)
 .stack         0x0000000020041000      0x800 CMakeFiles/lab06.dir/Users/conor/Desktop/pico/pico-sdk/src/rp2_common/pico_standard_link/crt0.S.obj

.flash_end      0x00000000100053dc        0x0
                0x00000000100053dc                __flash_binary_end = .
                0x0000000020040000                __StackLimit = (ORIGIN (RAM) + LENGTH (RAM))
                0x0000000020041000                __StackOneTop = (ORIGIN (SCRATCH_X) + LENGTH (SCRATCH_X))
                0x0000000020042000                __StackTop = (ORIGIN (SCRATCH_Y) + LENGTH (SCRATCH_Y))
                0x0000000020040800                __StackOneBottom = (__StackOneTop - SIZEOF (.stack1_dummy))
                0x0000000020041800                __StackBottom = (__StackTop - SIZEOF (.stack_dummy))
                0x0000000020042000                PROVIDE (__stack = __StackTop)
                0x0000000000000001                ASSERT ((__StackLimit >= __HeapLimit), region RAM overflowed)
                0x0000000000000001                ASSERT (((__binary_info_header_end - __logical_binary_start) <= 0x100), Binary info must be in first 256 bytes of the binary)
LOAD CMakeFiles/lab06.dir/lab06.c.obj
LOAD CMakeFiles/lab06.dir/lab06.S.obj
LOAD CMakeFiles/lab06.dir/Users/conor/Desktop/pico/pico-sdk/src/rp2_common/pico_stdlib/stdlib.c.obj
LOAD CMakeFiles/lab06.dir/Users/conor/Desktop/pico/pico-sdk/src/rp2_common/hardware_gpio/gpio.c.obj
LOAD CMakeFiles/lab06.dir/Users/conor/Desktop/pico/pico-sdk/src/rp2_common/hardware_claim/claim.c.obj
LOAD CMakeFiles/lab06.dir/Users/conor/Desktop/pico/pico-sdk/src/rp2_common/pico_platform/platform.c.obj
LOAD CMakeFiles/lab06.dir/Users/conor/Desktop/pico/pico-sdk/src/rp2_common/hardware_sync/sync.c.obj
LOAD CMakeFiles/lab06.dir/Users/conor/Desktop/pico/pico-sdk/src/rp2_common/hardware_irq/irq.c.obj
LOAD CMakeFiles/lab06.dir/Users/conor/Desktop/pico/pico-sdk/src/rp2_common/hardware_irq/irq_handler_chain.S.obj
LOAD CMakeFiles/lab06.dir/Users/conor/Desktop/pico/pico-sdk/src/common/pico_sync/sem.c.obj
LOAD CMakeFiles/lab06.dir/Users/conor/Desktop/pico/pico-sdk/src/common/pico_sync/lock_core.c.obj
LOAD CMakeFiles/lab06.dir/Users/conor/Desktop/pico/pico-sdk/src/common/pico_time/time.c.obj
LOAD CMakeFiles/lab06.dir/Users/conor/Desktop/pico/pico-sdk/src/common/pico_time/timeout_helper.c.obj
LOAD CMakeFiles/lab06.dir/Users/conor/Desktop/pico/pico-sdk/src/rp2_common/hardware_timer/timer.c.obj
LOAD CMakeFiles/lab06.dir/Users/conor/Desktop/pico/pico-sdk/src/common/pico_util/datetime.c.obj
LOAD CMakeFiles/lab06.dir/Users/conor/Desktop/pico/pico-sdk/src/common/pico_util/pheap.c.obj
LOAD CMakeFiles/lab06.dir/Users/conor/Desktop/pico/pico-sdk/src/common/pico_util/queue.c.obj
LOAD CMakeFiles/lab06.dir/Users/conor/Desktop/pico/pico-sdk/src/common/pico_sync/mutex.c.obj
LOAD CMakeFiles/lab06.dir/Users/conor/Desktop/pico/pico-sdk/src/common/pico_sync/critical_section.c.obj
LOAD CMakeFiles/lab06.dir/Users/conor/Desktop/pico/pico-sdk/src/rp2_common/hardware_uart/uart.c.obj
LOAD CMakeFiles/lab06.dir/Users/conor/Desktop/pico/pico-sdk/src/rp2_common/hardware_divider/divider.S.obj
LOAD CMakeFiles/lab06.dir/Users/conor/Desktop/pico/pico-sdk/src/rp2_common/pico_runtime/runtime.c.obj
LOAD CMakeFiles/lab06.dir/Users/conor/Desktop/pico/pico-sdk/src/rp2_common/hardware_clocks/clocks.c.obj
LOAD CMakeFiles/lab06.dir/Users/conor/Desktop/pico/pico-sdk/src/rp2_common/hardware_pll/pll.c.obj
LOAD CMakeFiles/lab06.dir/Users/conor/Desktop/pico/pico-sdk/src/rp2_common/hardware_vreg/vreg.c.obj
LOAD CMakeFiles/lab06.dir/Users/conor/Desktop/pico/pico-sdk/src/rp2_common/hardware_watchdog/watchdog.c.obj
LOAD CMakeFiles/lab06.dir/Users/conor/Desktop/pico/pico-sdk/src/rp2_common/hardware_xosc/xosc.c.obj
LOAD CMakeFiles/lab06.dir/Users/conor/Desktop/pico/pico-sdk/src/rp2_common/pico_printf/printf.c.obj
LOAD CMakeFiles/lab06.dir/Users/conor/Desktop/pico/pico-sdk/src/rp2_common/pico_bit_ops/bit_ops_aeabi.S.obj
LOAD CMakeFiles/lab06.dir/Users/conor/Desktop/pico/pico-sdk/src/rp2_common/pico_bootrom/bootrom.c.obj
LOAD CMakeFiles/lab06.dir/Users/conor/Desktop/pico/pico-sdk/src/rp2_common/pico_divider/divider.S.obj
LOAD CMakeFiles/lab06.dir/Users/conor/Desktop/pico/pico-sdk/src/rp2_common/pico_double/double_aeabi.S.obj
LOAD CMakeFiles/lab06.dir/Users/conor/Desktop/pico/pico-sdk/src/rp2_common/pico_double/double_init_rom.c.obj
LOAD CMakeFiles/lab06.dir/Users/conor/Desktop/pico/pico-sdk/src/rp2_common/pico_double/double_math.c.obj
LOAD CMakeFiles/lab06.dir/Users/conor/Desktop/pico/pico-sdk/src/rp2_common/pico_double/double_v1_rom_shim.S.obj
LOAD CMakeFiles/lab06.dir/Users/conor/Desktop/pico/pico-sdk/src/rp2_common/pico_int64_ops/pico_int64_ops_aeabi.S.obj
LOAD CMakeFiles/lab06.dir/Users/conor/Desktop/pico/pico-sdk/src/rp2_common/pico_float/float_aeabi.S.obj
LOAD CMakeFiles/lab06.dir/Users/conor/Desktop/pico/pico-sdk/src/rp2_common/pico_float/float_init_rom.c.obj
LOAD CMakeFiles/lab06.dir/Users/conor/Desktop/pico/pico-sdk/src/rp2_common/pico_float/float_math.c.obj
LOAD CMakeFiles/lab06.dir/Users/conor/Desktop/pico/pico-sdk/src/rp2_common/pico_float/float_v1_rom_shim.S.obj
LOAD CMakeFiles/lab06.dir/Users/conor/Desktop/pico/pico-sdk/src/rp2_common/pico_malloc/pico_malloc.c.obj
LOAD CMakeFiles/lab06.dir/Users/conor/Desktop/pico/pico-sdk/src/rp2_common/pico_mem_ops/mem_ops_aeabi.S.obj
LOAD CMakeFiles/lab06.dir/Users/conor/Desktop/pico/pico-sdk/src/rp2_common/pico_standard_link/crt0.S.obj
LOAD CMakeFiles/lab06.dir/Users/conor/Desktop/pico/pico-sdk/src/rp2_common/pico_standard_link/new_delete.cpp.obj
LOAD CMakeFiles/lab06.dir/Users/conor/Desktop/pico/pico-sdk/src/rp2_common/pico_standard_link/binary_info.c.obj
LOAD CMakeFiles/lab06.dir/Users/conor/Desktop/pico/pico-sdk/src/rp2_common/pico_stdio/stdio.c.obj
LOAD CMakeFiles/lab06.dir/Users/conor/Desktop/pico/pico-sdk/src/rp2_common/pico_stdio_uart/stdio_uart.c.obj
LOAD CMakeFiles/lab06.dir/Users/conor/Desktop/pico/pico-sdk/src/rp2_common/pico_multicore/multicore.c.obj
LOAD /var/folders/tb/ccwl9r592hn9v_xpq9s1bzlr0000gn/T//cc9Dos6B.o
LOAD /Applications/ArmGNUToolchain/12.2.rel1/arm-none-eabi/bin/../lib/gcc/arm-none-eabi/12.2.1/../../../../arm-none-eabi/lib/thumb/v6-m/nofp/libstdc++.a
LOAD /Applications/ArmGNUToolchain/12.2.rel1/arm-none-eabi/bin/../lib/gcc/arm-none-eabi/12.2.1/../../../../arm-none-eabi/lib/thumb/v6-m/nofp/libm.a
START GROUP
LOAD /Applications/ArmGNUToolchain/12.2.rel1/arm-none-eabi/bin/../lib/gcc/arm-none-eabi/12.2.1/thumb/v6-m/nofp/libgcc.a
LOAD /Applications/ArmGNUToolchain/12.2.rel1/arm-none-eabi/bin/../lib/gcc/arm-none-eabi/12.2.1/../../../../arm-none-eabi/lib/thumb/v6-m/nofp/libg.a
LOAD /Applications/ArmGNUToolchain/12.2.rel1/arm-none-eabi/bin/../lib/gcc/arm-none-eabi/12.2.1/../../../../arm-none-eabi/lib/thumb/v6-m/nofp/libc.a
END GROUP
START GROUP
LOAD /Applications/ArmGNUToolchain/12.2.rel1/arm-none-eabi/bin/../lib/gcc/arm-none-eabi/12.2.1/thumb/v6-m/nofp/libgcc.a
LOAD /Applications/ArmGNUToolchain/12.2.rel1/arm-none-eabi/bin/../lib/gcc/arm-none-eabi/12.2.1/../../../../arm-none-eabi/lib/thumb/v6-m/nofp/libc.a
LOAD /Applications/ArmGNUToolchain/12.2.rel1/arm-none-eabi/bin/../lib/gcc/arm-none-eabi/12.2.1/../../../../arm-none-eabi/lib/thumb/v6-m/nofp/libnosys.a
END GROUP
LOAD /Applications/ArmGNUToolchain/12.2.rel1/arm-none-eabi/bin/../lib/gcc/arm-none-eabi/12.2.1/thumb/v6-m/nofp/crtend.o
LOAD /Applications/ArmGNUToolchain/12.2.rel1/arm-none-eabi/bin/../lib/gcc/arm-none-eabi/12.2.1/thumb/v6-m/nofp/crtn.o
OUTPUT(lab06.elf elf32-littlearm)
LOAD linker stubs

.ARM.attributes
                0x0000000000000000       0x28
 .ARM.attributes
                0x0000000000000000       0x1e /Applications/ArmGNUToolchain/12.2.rel1/arm-none-eabi/bin/../lib/gcc/arm-none-eabi/12.2.1/thumb/v6-m/nofp/crti.o
 .ARM.attributes
                0x000000000000001e       0x2c /Applications/ArmGNUToolchain/12.2.rel1/arm-none-eabi/bin/../lib/gcc/arm-none-eabi/12.2.1/thumb/v6-m/nofp/crtbegin.o
 .ARM.attributes
                0x000000000000004a       0x2c CMakeFiles/lab06.dir/lab06.c.obj
 .ARM.attributes
                0x0000000000000076       0x2c CMakeFiles/lab06.dir/Users/conor/Desktop/pico/pico-sdk/src/rp2_common/hardware_gpio/gpio.c.obj
 .ARM.attributes
                0x00000000000000a2       0x2c CMakeFiles/lab06.dir/Users/conor/Desktop/pico/pico-sdk/src/rp2_common/hardware_claim/claim.c.obj
 .ARM.attributes
                0x00000000000000ce       0x2c CMakeFiles/lab06.dir/Users/conor/Desktop/pico/pico-sdk/src/rp2_common/pico_platform/platform.c.obj
 .ARM.attributes
                0x00000000000000fa       0x2c CMakeFiles/lab06.dir/Users/conor/Desktop/pico/pico-sdk/src/rp2_common/hardware_sync/sync.c.obj
 .ARM.attributes
                0x0000000000000126       0x2c CMakeFiles/lab06.dir/Users/conor/Desktop/pico/pico-sdk/src/rp2_common/hardware_irq/irq.c.obj
 .ARM.attributes
                0x0000000000000152       0x22 CMakeFiles/lab06.dir/Users/conor/Desktop/pico/pico-sdk/src/rp2_common/hardware_irq/irq_handler_chain.S.obj
 .ARM.attributes
                0x0000000000000174       0x2c CMakeFiles/lab06.dir/Users/conor/Desktop/pico/pico-sdk/src/common/pico_sync/lock_core.c.obj
 .ARM.attributes
                0x00000000000001a0       0x2c CMakeFiles/lab06.dir/Users/conor/Desktop/pico/pico-sdk/src/common/pico_time/time.c.obj
 .ARM.attributes
                0x00000000000001cc       0x2c CMakeFiles/lab06.dir/Users/conor/Desktop/pico/pico-sdk/src/rp2_common/hardware_timer/timer.c.obj
 .ARM.attributes
                0x00000000000001f8       0x2c CMakeFiles/lab06.dir/Users/conor/Desktop/pico/pico-sdk/src/common/pico_util/pheap.c.obj
 .ARM.attributes
                0x0000000000000224       0x2c CMakeFiles/lab06.dir/Users/conor/Desktop/pico/pico-sdk/src/common/pico_sync/mutex.c.obj
 .ARM.attributes
                0x0000000000000250       0x2c CMakeFiles/lab06.dir/Users/conor/Desktop/pico/pico-sdk/src/rp2_common/hardware_uart/uart.c.obj
 .ARM.attributes
                0x000000000000027c       0x2c CMakeFiles/lab06.dir/Users/conor/Desktop/pico/pico-sdk/src/rp2_common/pico_runtime/runtime.c.obj
 .ARM.attributes
                0x00000000000002a8       0x2c CMakeFiles/lab06.dir/Users/conor/Desktop/pico/pico-sdk/src/rp2_common/hardware_clocks/clocks.c.obj
 .ARM.attributes
                0x00000000000002d4       0x2c CMakeFiles/lab06.dir/Users/conor/Desktop/pico/pico-sdk/src/rp2_common/hardware_pll/pll.c.obj
 .ARM.attributes
                0x0000000000000300       0x2c CMakeFiles/lab06.dir/Users/conor/Desktop/pico/pico-sdk/src/rp2_common/hardware_watchdog/watchdog.c.obj
 .ARM.attributes
                0x000000000000032c       0x2c CMakeFiles/lab06.dir/Users/conor/Desktop/pico/pico-sdk/src/rp2_common/hardware_xosc/xosc.c.obj
 .ARM.attributes
                0x0000000000000358       0x2c CMakeFiles/lab06.dir/Users/conor/Desktop/pico/pico-sdk/src/rp2_common/pico_printf/printf.c.obj
 .ARM.attributes
                0x0000000000000384       0x22 CMakeFiles/lab06.dir/Users/conor/Desktop/pico/pico-sdk/src/rp2_common/pico_bit_ops/bit_ops_aeabi.S.obj
 .ARM.attributes
                0x00000000000003a6       0x2c CMakeFiles/lab06.dir/Users/conor/Desktop/pico/pico-sdk/src/rp2_common/pico_bootrom/bootrom.c.obj
 .ARM.attributes
                0x00000000000003d2       0x22 CMakeFiles/lab06.dir/Users/conor/Desktop/pico/pico-sdk/src/rp2_common/pico_divider/divider.S.obj
 .ARM.attributes
                0x00000000000003f4       0x22 CMakeFiles/lab06.dir/Users/conor/Desktop/pico/pico-sdk/src/rp2_common/pico_double/double_aeabi.S.obj
 .ARM.attributes
                0x0000000000000416       0x2c CMakeFiles/lab06.dir/Users/conor/Desktop/pico/pico-sdk/src/rp2_common/pico_double/double_init_rom.c.obj
 .ARM.attributes
                0x0000000000000442       0x22 CMakeFiles/lab06.dir/Users/conor/Desktop/pico/pico-sdk/src/rp2_common/pico_double/double_v1_rom_shim.S.obj
 .ARM.attributes
                0x0000000000000464       0x22 CMakeFiles/lab06.dir/Users/conor/Desktop/pico/pico-sdk/src/rp2_common/pico_float/float_aeabi.S.obj
 .ARM.attributes
                0x0000000000000486       0x2c CMakeFiles/lab06.dir/Users/conor/Desktop/pico/pico-sdk/src/rp2_common/pico_float/float_init_rom.c.obj
 .ARM.attributes
                0x00000000000004b2       0x22 CMakeFiles/lab06.dir/Users/conor/Desktop/pico/pico-sdk/src/rp2_common/pico_float/float_v1_rom_shim.S.obj
 .ARM.attributes
                0x00000000000004d4       0x2c CMakeFiles/lab06.dir/Users/conor/Desktop/pico/pico-sdk/src/rp2_common/pico_malloc/pico_malloc.c.obj
 .ARM.attributes
                0x0000000000000500       0x22 CMakeFiles/lab06.dir/Users/conor/Desktop/pico/pico-sdk/src/rp2_common/pico_mem_ops/mem_ops_aeabi.S.obj
 .ARM.attributes
                0x0000000000000522       0x22 CMakeFiles/lab06.dir/Users/conor/Desktop/pico/pico-sdk/src/rp2_common/pico_standard_link/crt0.S.obj
 .ARM.attributes
                0x0000000000000544       0x2c CMakeFiles/lab06.dir/Users/conor/Desktop/pico/pico-sdk/src/rp2_common/pico_standard_link/binary_info.c.obj
 .ARM.attributes
                0x0000000000000570       0x2c CMakeFiles/lab06.dir/Users/conor/Desktop/pico/pico-sdk/src/rp2_common/pico_stdio/stdio.c.obj
 .ARM.attributes
                0x000000000000059c       0x2c CMakeFiles/lab06.dir/Users/conor/Desktop/pico/pico-sdk/src/rp2_common/pico_stdio_uart/stdio_uart.c.obj
 .ARM.attributes
                0x00000000000005c8       0x2c CMakeFiles/lab06.dir/Users/conor/Desktop/pico/pico-sdk/src/rp2_common/pico_multicore/multicore.c.obj
 .ARM.attributes
                0x00000000000005f4       0x22 /var/folders/tb/ccwl9r592hn9v_xpq9s1bzlr0000gn/T//cc9Dos6B.o
 .ARM.attributes
                0x0000000000000616       0x1e /Applications/ArmGNUToolchain/12.2.rel1/arm-none-eabi/bin/../lib/gcc/arm-none-eabi/12.2.1/thumb/v6-m/nofp/libgcc.a(_dvmd_tls.o)
 .ARM.attributes
                0x0000000000000634       0x2c /Applications/ArmGNUToolchain/12.2.rel1/arm-none-eabi/bin/../lib/gcc/arm-none-eabi/12.2.1/../../../../arm-none-eabi/lib/thumb/v6-m/nofp/libg.a(libc_a-strlen-stub.o)
 .ARM.attributes
                0x0000000000000660       0x2c /Applications/ArmGNUToolchain/12.2.rel1/arm-none-eabi/bin/../lib/gcc/arm-none-eabi/12.2.1/thumb/v6-m/nofp/crtend.o

.comment        0x0000000000000000       0x40
 .comment       0x0000000000000000       0x40 CMakeFiles/lab06.dir/lab06.c.obj
                                         0x41 (size before relaxing)
 .comment       0x0000000000000040       0x41 CMakeFiles/lab06.dir/Users/conor/Desktop/pico/pico-sdk/src/rp2_common/hardware_gpio/gpio.c.obj
 .comment       0x0000000000000040       0x41 CMakeFiles/lab06.dir/Users/conor/Desktop/pico/pico-sdk/src/rp2_common/hardware_claim/claim.c.obj
 .comment       0x0000000000000040       0x41 CMakeFiles/lab06.dir/Users/conor/Desktop/pico/pico-sdk/src/rp2_common/pico_platform/platform.c.obj
 .comment       0x0000000000000040       0x41 CMakeFiles/lab06.dir/Users/conor/Desktop/pico/pico-sdk/src/rp2_common/hardware_sync/sync.c.obj
 .comment       0x0000000000000040       0x41 CMakeFiles/lab06.dir/Users/conor/Desktop/pico/pico-sdk/src/rp2_common/hardware_irq/irq.c.obj
 .comment       0x0000000000000040       0x41 CMakeFiles/lab06.dir/Users/conor/Desktop/pico/pico-sdk/src/common/pico_sync/lock_core.c.obj
 .comment       0x0000000000000040       0x41 CMakeFiles/lab06.dir/Users/conor/Desktop/pico/pico-sdk/src/common/pico_time/time.c.obj
 .comment       0x0000000000000040       0x41 CMakeFiles/lab06.dir/Users/conor/Desktop/pico/pico-sdk/src/rp2_common/hardware_timer/timer.c.obj
 .comment       0x0000000000000040       0x41 CMakeFiles/lab06.dir/Users/conor/Desktop/pico/pico-sdk/src/common/pico_util/pheap.c.obj
 .comment       0x0000000000000040       0x41 CMakeFiles/lab06.dir/Users/conor/Desktop/pico/pico-sdk/src/common/pico_sync/mutex.c.obj
 .comment       0x0000000000000040       0x41 CMakeFiles/lab06.dir/Users/conor/Desktop/pico/pico-sdk/src/rp2_common/hardware_uart/uart.c.obj
 .comment       0x0000000000000040       0x41 CMakeFiles/lab06.dir/Users/conor/Desktop/pico/pico-sdk/src/rp2_common/pico_runtime/runtime.c.obj
 .comment       0x0000000000000040       0x41 CMakeFiles/lab06.dir/Users/conor/Desktop/pico/pico-sdk/src/rp2_common/hardware_clocks/clocks.c.obj
 .comment       0x0000000000000040       0x41 CMakeFiles/lab06.dir/Users/conor/Desktop/pico/pico-sdk/src/rp2_common/hardware_pll/pll.c.obj
 .comment       0x0000000000000040       0x41 CMakeFiles/lab06.dir/Users/conor/Desktop/pico/pico-sdk/src/rp2_common/hardware_watchdog/watchdog.c.obj
 .comment       0x0000000000000040       0x41 CMakeFiles/lab06.dir/Users/conor/Desktop/pico/pico-sdk/src/rp2_common/hardware_xosc/xosc.c.obj
 .comment       0x0000000000000040       0x41 CMakeFiles/lab06.dir/Users/conor/Desktop/pico/pico-sdk/src/rp2_common/pico_printf/printf.c.obj
 .comment       0x0000000000000040       0x41 CMakeFiles/lab06.dir/Users/conor/Desktop/pico/pico-sdk/src/rp2_common/pico_bootrom/bootrom.c.obj
 .comment       0x0000000000000040       0x41 CMakeFiles/lab06.dir/Users/conor/Desktop/pico/pico-sdk/src/rp2_common/pico_double/double_init_rom.c.obj
 .comment       0x0000000000000040       0x41 CMakeFiles/lab06.dir/Users/conor/Desktop/pico/pico-sdk/src/rp2_common/pico_float/float_init_rom.c.obj
 .comment       0x0000000000000040       0x41 CMakeFiles/lab06.dir/Users/conor/Desktop/pico/pico-sdk/src/rp2_common/pico_malloc/pico_malloc.c.obj
 .comment       0x0000000000000040       0x41 CMakeFiles/lab06.dir/Users/conor/Desktop/pico/pico-sdk/src/rp2_common/pico_standard_link/binary_info.c.obj
 .comment       0x0000000000000040       0x41 CMakeFiles/lab06.dir/Users/conor/Desktop/pico/pico-sdk/src/rp2_common/pico_stdio/stdio.c.obj
 .comment       0x0000000000000040       0x41 CMakeFiles/lab06.dir/Users/conor/Desktop/pico/pico-sdk/src/rp2_common/pico_stdio_uart/stdio_uart.c.obj
 .comment       0x0000000000000040       0x41 CMakeFiles/lab06.dir/Users/conor/Desktop/pico/pico-sdk/src/rp2_common/pico_multicore/multicore.c.obj

.debug_info     0x0000000000000000    0x146e6
 .debug_info    0x0000000000000000      0x70f CMakeFiles/lab06.dir/lab06.c.obj
 .debug_info    0x000000000000070f     0x166e CMakeFiles/lab06.dir/Users/conor/Desktop/pico/pico-sdk/src/rp2_common/hardware_gpio/gpio.c.obj
 .debug_info    0x0000000000001d7d      0x69a CMakeFiles/lab06.dir/Users/conor/Desktop/pico/pico-sdk/src/rp2_common/hardware_claim/claim.c.obj
 .debug_info    0x0000000000002417      0x1fb CMakeFiles/lab06.dir/Users/conor/Desktop/pico/pico-sdk/src/rp2_common/pico_platform/platform.c.obj
 .debug_info    0x0000000000002612      0x5db CMakeFiles/lab06.dir/Users/conor/Desktop/pico/pico-sdk/src/rp2_common/hardware_sync/sync.c.obj
 .debug_info    0x0000000000002bed     0x1bd4 CMakeFiles/lab06.dir/Users/conor/Desktop/pico/pico-sdk/src/rp2_common/hardware_irq/irq.c.obj
 .debug_info    0x00000000000047c1      0x1a3 CMakeFiles/lab06.dir/Users/conor/Desktop/pico/pico-sdk/src/common/pico_sync/lock_core.c.obj
 .debug_info    0x0000000000004964     0x2f53 CMakeFiles/lab06.dir/Users/conor/Desktop/pico/pico-sdk/src/common/pico_time/time.c.obj
 .debug_info    0x00000000000078b7     0x1165 CMakeFiles/lab06.dir/Users/conor/Desktop/pico/pico-sdk/src/rp2_common/hardware_timer/timer.c.obj
 .debug_info    0x0000000000008a1c      0xe34 CMakeFiles/lab06.dir/Users/conor/Desktop/pico/pico-sdk/src/common/pico_util/pheap.c.obj
 .debug_info    0x0000000000009850     0x1c83 CMakeFiles/lab06.dir/Users/conor/Desktop/pico/pico-sdk/src/common/pico_sync/mutex.c.obj
 .debug_info    0x000000000000b4d3      0xb20 CMakeFiles/lab06.dir/Users/conor/Desktop/pico/pico-sdk/src/rp2_common/hardware_uart/uart.c.obj
 .debug_info    0x000000000000bff3      0xa56 CMakeFiles/lab06.dir/Users/conor/Desktop/pico/pico-sdk/src/rp2_common/pico_runtime/runtime.c.obj
 .debug_info    0x000000000000ca49      0xf78 CMakeFiles/lab06.dir/Users/conor/Desktop/pico/pico-sdk/src/rp2_common/hardware_clocks/clocks.c.obj
 .debug_info    0x000000000000d9c1      0x534 CMakeFiles/lab06.dir/Users/conor/Desktop/pico/pico-sdk/src/rp2_common/hardware_pll/pll.c.obj
 .debug_info    0x000000000000def5      0x4c5 CMakeFiles/lab06.dir/Users/conor/Desktop/pico/pico-sdk/src/rp2_common/hardware_watchdog/watchdog.c.obj
 .debug_info    0x000000000000e3ba      0x1c7 CMakeFiles/lab06.dir/Users/conor/Desktop/pico/pico-sdk/src/rp2_common/hardware_xosc/xosc.c.obj
 .debug_info    0x000000000000e581     0x19a2 CMakeFiles/lab06.dir/Users/conor/Desktop/pico/pico-sdk/src/rp2_common/pico_printf/printf.c.obj
 .debug_info    0x000000000000ff23       0x23 CMakeFiles/lab06.dir/Users/conor/Desktop/pico/pico-sdk/src/rp2_common/pico_bit_ops/bit_ops_aeabi.S.obj
 .debug_info    0x000000000000ff46      0x325 CMakeFiles/lab06.dir/Users/conor/Desktop/pico/pico-sdk/src/rp2_common/pico_bootrom/bootrom.c.obj
 .debug_info    0x000000000001026b       0x23 CMakeFiles/lab06.dir/Users/conor/Desktop/pico/pico-sdk/src/rp2_common/pico_divider/divider.S.obj
 .debug_info    0x000000000001028e       0x23 CMakeFiles/lab06.dir/Users/conor/Desktop/pico/pico-sdk/src/rp2_common/pico_double/double_aeabi.S.obj
 .debug_info    0x00000000000102b1      0x33b CMakeFiles/lab06.dir/Users/conor/Desktop/pico/pico-sdk/src/rp2_common/pico_double/double_init_rom.c.obj
 .debug_info    0x00000000000105ec       0x23 CMakeFiles/lab06.dir/Users/conor/Desktop/pico/pico-sdk/src/rp2_common/pico_double/double_v1_rom_shim.S.obj
 .debug_info    0x000000000001060f       0x23 CMakeFiles/lab06.dir/Users/conor/Desktop/pico/pico-sdk/src/rp2_common/pico_float/float_aeabi.S.obj
 .debug_info    0x0000000000010632      0x34f CMakeFiles/lab06.dir/Users/conor/Desktop/pico/pico-sdk/src/rp2_common/pico_float/float_init_rom.c.obj
 .debug_info    0x0000000000010981       0x23 CMakeFiles/lab06.dir/Users/conor/Desktop/pico/pico-sdk/src/rp2_common/pico_float/float_v1_rom_shim.S.obj
 .debug_info    0x00000000000109a4      0x489 CMakeFiles/lab06.dir/Users/conor/Desktop/pico/pico-sdk/src/rp2_common/pico_malloc/pico_malloc.c.obj
 .debug_info    0x0000000000010e2d       0x23 CMakeFiles/lab06.dir/Users/conor/Desktop/pico/pico-sdk/src/rp2_common/pico_mem_ops/mem_ops_aeabi.S.obj
 .debug_info    0x0000000000010e50       0x23 CMakeFiles/lab06.dir/Users/conor/Desktop/pico/pico-sdk/src/rp2_common/pico_standard_link/crt0.S.obj
 .debug_info    0x0000000000010e73      0x2b3 CMakeFiles/lab06.dir/Users/conor/Desktop/pico/pico-sdk/src/rp2_common/pico_standard_link/binary_info.c.obj
 .debug_info    0x0000000000011126     0x12b8 CMakeFiles/lab06.dir/Users/conor/Desktop/pico/pico-sdk/src/rp2_common/pico_stdio/stdio.c.obj
 .debug_info    0x00000000000123de      0xc0a CMakeFiles/lab06.dir/Users/conor/Desktop/pico/pico-sdk/src/rp2_common/pico_stdio_uart/stdio_uart.c.obj
 .debug_info    0x0000000000012fe8     0x16fe CMakeFiles/lab06.dir/Users/conor/Desktop/pico/pico-sdk/src/rp2_common/pico_multicore/multicore.c.obj

.debug_abbrev   0x0000000000000000     0x49b0
 .debug_abbrev  0x0000000000000000      0x22e CMakeFiles/lab06.dir/lab06.c.obj
 .debug_abbrev  0x000000000000022e      0x34c CMakeFiles/lab06.dir/Users/conor/Desktop/pico/pico-sdk/src/rp2_common/hardware_gpio/gpio.c.obj
 .debug_abbrev  0x000000000000057a      0x2d0 CMakeFiles/lab06.dir/Users/conor/Desktop/pico/pico-sdk/src/rp2_common/hardware_claim/claim.c.obj
 .debug_abbrev  0x000000000000084a       0xf8 CMakeFiles/lab06.dir/Users/conor/Desktop/pico/pico-sdk/src/rp2_common/pico_platform/platform.c.obj
 .debug_abbrev  0x0000000000000942      0x249 CMakeFiles/lab06.dir/Users/conor/Desktop/pico/pico-sdk/src/rp2_common/hardware_sync/sync.c.obj
 .debug_abbrev  0x0000000000000b8b      0x513 CMakeFiles/lab06.dir/Users/conor/Desktop/pico/pico-sdk/src/rp2_common/hardware_irq/irq.c.obj
 .debug_abbrev  0x000000000000109e      0x116 CMakeFiles/lab06.dir/Users/conor/Desktop/pico/pico-sdk/src/common/pico_sync/lock_core.c.obj
 .debug_abbrev  0x00000000000011b4      0x5b5 CMakeFiles/lab06.dir/Users/conor/Desktop/pico/pico-sdk/src/common/pico_time/time.c.obj
 .debug_abbrev  0x0000000000001769      0x3bd CMakeFiles/lab06.dir/Users/conor/Desktop/pico/pico-sdk/src/rp2_common/hardware_timer/timer.c.obj
 .debug_abbrev  0x0000000000001b26      0x290 CMakeFiles/lab06.dir/Users/conor/Desktop/pico/pico-sdk/src/common/pico_util/pheap.c.obj