Archive member included to satisfy reference by file (symbol)

/Applications/ArmGNUToolchain/12.2.rel1/arm-none-eabi/bin/../lib/gcc/arm-none-eabi/12.2.1/thumb/v6-m/nofp/libgcc.a(_dvmd_tls.o)
                              CMakeFiles/lab06.dir/Users/conor/Desktop/pico/pico-sdk/src/rp2_common/pico_divider/divider.S.obj (__aeabi_idiv0)
/Applications/ArmGNUToolchain/12.2.rel1/arm-none-eabi/bin/../lib/gcc/arm-none-eabi/12.2.1/../../../../arm-none-eabi/lib/thumb/v6-m/nofp/libg.a(libc_a-calloc.o)
                              CMakeFiles/lab06.dir/Users/conor/Desktop/pico/pico-sdk/src/rp2_common/pico_malloc/pico_malloc.c.obj (calloc)
/Applications/ArmGNUToolchain/12.2.rel1/arm-none-eabi/bin/../lib/gcc/arm-none-eabi/12.2.1/../../../../arm-none-eabi/lib/thumb/v6-m/nofp/libg.a(libc_a-callocr.o)
                              /Applications/ArmGNUToolchain/12.2.rel1/arm-none-eabi/bin/../lib/gcc/arm-none-eabi/12.2.1/../../../../arm-none-eabi/lib/thumb/v6-m/nofp/libg.a(libc_a-calloc.o) (_calloc_r)
/Applications/ArmGNUToolchain/12.2.rel1/arm-none-eabi/bin/../lib/gcc/arm-none-eabi/12.2.1/../../../../arm-none-eabi/lib/thumb/v6-m/nofp/libg.a(libc_a-malloc.o)
                              CMakeFiles/lab06.dir/Users/conor/Desktop/pico/pico-sdk/src/rp2_common/pico_malloc/pico_malloc.c.obj (malloc)
/Applications/ArmGNUToolchain/12.2.rel1/arm-none-eabi/bin/../lib/gcc/arm-none-eabi/12.2.1/../../../../arm-none-eabi/lib/thumb/v6-m/nofp/libg.a(libc_a-mallocr.o)
                              /Applications/ArmGNUToolchain/12.2.rel1/arm-none-eabi/bin/../lib/gcc/arm-none-eabi/12.2.1/../../../../arm-none-eabi/lib/thumb/v6-m/nofp/libg.a(libc_a-callocr.o) (_malloc_r)
/Applications/ArmGNUToolchain/12.2.rel1/arm-none-eabi/bin/../lib/gcc/arm-none-eabi/12.2.1/../../../../arm-none-eabi/lib/thumb/v6-m/nofp/libg.a(libc_a-mlock.o)
                              /Applications/ArmGNUToolchain/12.2.rel1/arm-none-eabi/bin/../lib/gcc/arm-none-eabi/12.2.1/../../../../arm-none-eabi/lib/thumb/v6-m/nofp/libg.a(libc_a-mallocr.o) (__malloc_lock)
/Applications/ArmGNUToolchain/12.2.rel1/arm-none-eabi/bin/../lib/gcc/arm-none-eabi/12.2.1/../../../../arm-none-eabi/lib/thumb/v6-m/nofp/libg.a(libc_a-realloc.o)
                              CMakeFiles/lab06.dir/Users/conor/Desktop/pico/pico-sdk/src/rp2_common/pico_malloc/pico_malloc.c.obj (realloc)
/Applications/ArmGNUToolchain/12.2.rel1/arm-none-eabi/bin/../lib/gcc/arm-none-eabi/12.2.1/../../../../arm-none-eabi/lib/thumb/v6-m/nofp/libg.a(libc_a-reallocr.o)
                              /Applications/ArmGNUToolchain/12.2.rel1/arm-none-eabi/bin/../lib/gcc/arm-none-eabi/12.2.1/../../../../arm-none-eabi/lib/thumb/v6-m/nofp/libg.a(libc_a-realloc.o) (_realloc_r)
/Applications/ArmGNUToolchain/12.2.rel1/arm-none-eabi/bin/../lib/gcc/arm-none-eabi/12.2.1/../../../../arm-none-eabi/lib/thumb/v6-m/nofp/libg.a(libc_a-memmove.o)
                              /Applications/ArmGNUToolchain/12.2.rel1/arm-none-eabi/bin/../lib/gcc/arm-none-eabi/12.2.1/../../../../arm-none-eabi/lib/thumb/v6-m/nofp/libg.a(libc_a-reallocr.o) (memmove)
/Applications/ArmGNUToolchain/12.2.rel1/arm-none-eabi/bin/../lib/gcc/arm-none-eabi/12.2.1/../../../../arm-none-eabi/lib/thumb/v6-m/nofp/libg.a(libc_a-impure.o)
                              /Applications/ArmGNUToolchain/12.2.rel1/arm-none-eabi/bin/../lib/gcc/arm-none-eabi/12.2.1/../../../../arm-none-eabi/lib/thumb/v6-m/nofp/libg.a(libc_a-calloc.o) (_impure_ptr)
/Applications/ArmGNUToolchain/12.2.rel1/arm-none-eabi/bin/../lib/gcc/arm-none-eabi/12.2.1/../../../../arm-none-eabi/lib/thumb/v6-m/nofp/libg.a(libc_a-sbrkr.o)
                              /Applications/ArmGNUToolchain/12.2.rel1/arm-none-eabi/bin/../lib/gcc/arm-none-eabi/12.2.1/../../../../arm-none-eabi/lib/thumb/v6-m/nofp/libg.a(libc_a-mallocr.o) (_sbrk_r)
/Applications/ArmGNUToolchain/12.2.rel1/arm-none-eabi/bin/../lib/gcc/arm-none-eabi/12.2.1/../../../../arm-none-eabi/lib/thumb/v6-m/nofp/libg.a(libc_a-errno.o)
                              /Applications/ArmGNUToolchain/12.2.rel1/arm-none-eabi/bin/../lib/gcc/arm-none-eabi/12.2.1/../../../../arm-none-eabi/lib/thumb/v6-m/nofp/libg.a(libc_a-callocr.o) (__errno)
/Applications/ArmGNUToolchain/12.2.rel1/arm-none-eabi/bin/../lib/gcc/arm-none-eabi/12.2.1/../../../../arm-none-eabi/lib/thumb/v6-m/nofp/libg.a(libc_a-sysconf.o)
                              /Applications/ArmGNUToolchain/12.2.rel1/arm-none-eabi/bin/../lib/gcc/arm-none-eabi/12.2.1/../../../../arm-none-eabi/lib/thumb/v6-m/nofp/libg.a(libc_a-mallocr.o) (sysconf)
/Applications/ArmGNUToolchain/12.2.rel1/arm-none-eabi/bin/../lib/gcc/arm-none-eabi/12.2.1/../../../../arm-none-eabi/lib/thumb/v6-m/nofp/libg.a(libc_a-init.o)
                              /Applications/ArmGNUToolchain/12.2.rel1/arm-none-eabi/bin/../lib/gcc/arm-none-eabi/12.2.1/../../../../arm-none-eabi/lib/thumb/v6-m/nofp/crt0.o (__libc_init_array)
[...]
Memory Configuration

Name             Origin             Length             Attributes
FLASH            0x0000000010000000 0x0000000000200000 xr
RAM              0x0000000020000000 0x0000000000040000 xrw
SCRATCH_X        0x0000000020040000 0x0000000000001000 xrw
SCRATCH_Y        0x0000000020041000 0x0000000000001000 xrw
*default*        0x0000000000000000 0xffffffffffffffff

Linker script and memory map

LOAD /Applications/ArmGNUToolchain/12.2.rel1/arm-none-eabi/bin/../lib/gcc/arm-none-eabi/12.2.1/thumb/v6-m/nofp/crti.o
LOAD /Applications/ArmGNUToolchain/12.2.rel1/arm-none-eabi/bin/../lib/gcc/arm-none-eabi/12.2.1/thumb/v6-m/nofp/crtbegin.o
LOAD /Applications/ArmGNUToolchain/12.2.rel1/arm-none-eabi/bin/../lib/gcc/arm-none-eabi/12.2.1/../../../../arm-none-eabi/lib/thumb/v6-m/nofp/crt0.o

.flash_begin    0x0000000010000000        0x0
                0x0000000010000000                __flash_binary_start = .

.boot2          0x0000000010000000      0x100
                0x0000000010000000                __boot2_start__ = .
 *(.boot2)
 .boot2         0x0000000010000000      0x100 /var/folders/tb/ccwl9r592hn9v_xpq9s1bzlr0000gn/T//ccIVFzix.o
                0x0000000010000100                __boot2_end__ = .
                0x0000000000000001                ASSERT (((__boot2_end__ - __boot2_start__) == 0x100), ERROR: Pico second stage bootloader must be 256 bytes in size)

.text           0x0000000010000100     0x4338
                0x0000000010000100                __logical_binary_start = .
 *(.vectors)
 .vectors       0x0000000010000100       0xd4 CMakeFiles/lab06.dir/Users/conor/Desktop/pico/pico-sdk/src/rp2_common/pico_standard_link/crt0.S.obj
                0x0000000010000100                __VECTOR_TABLE
                0x0000000010000100                __vectors
                0x00000000100001c0                __default_isrs_start
                0x00000000100001c0                isr_invalid
                0x00000000100001c2                isr_nmi
                0x00000000100001c4                isr_hardfault
                0x00000000100001c6                isr_svcall
                0x00000000100001c8                isr_pendsv
                0x00000000100001ca                isr_systick
                0x00000000100001cc                isr_irq28
                0x00000000100001cc                isr_irq19
                0x00000000100001cc                isr_irq0
                0x00000000100001cc                isr_irq6
                0x00000000100001cc                isr_irq22
                0x00000000100001cc                isr_irq17
                0x00000000100001cc                isr_irq14
                0x00000000100001cc                isr_irq2
                0x00000000100001cc                isr_irq10
                0x00000000100001cc                isr_irq8
                0x00000000100001cc                isr_irq24
                0x00000000100001cc                isr_irq1
                0x00000000100001cc                isr_irq7
                0x00000000100001cc                isr_irq21
                0x00000000100001cc                isr_irq20
                0x00000000100001cc                isr_irq15
                0x00000000100001cc                isr_irq25
                0x00000000100001cc                isr_irq4
                0x00000000100001cc                isr_irq16
                0x00000000100001cc                isr_irq29
                0x00000000100001cc                isr_irq26
                0x00000000100001cc                __default_isrs_end
                0x00000000100001cc                isr_irq3
                0x00000000100001cc                isr_irq9
                0x00000000100001cc                __unhandled_user_irq
                0x00000000100001cc                isr_irq13
                0x00000000100001cc                isr_irq27
                0x00000000100001cc                isr_irq31
                0x00000000100001cc                isr_irq5
                0x00000000100001cc                isr_irq11
                0x00000000100001cc                isr_irq23
                0x00000000100001cc                isr_irq18
                0x00000000100001cc                isr_irq30
                0x00000000100001cc                isr_irq12
                0x00000000100001d2                unhandled_user_irq_num_in_r0
 *(.binary_info_header)
 .binary_info_header
                0x00000000100001d4       0x14 CMakeFiles/lab06.dir/Users/conor/Desktop/pico/pico-sdk/src/rp2_common/pico_standard_link/crt0.S.obj
                0x00000000100001e8                __binary_info_header_end = .
 *(.reset)
 .reset         0x00000000100001e8       0xa8 CMakeFiles/lab06.dir/Users/conor/Desktop/pico/pico-sdk/src/rp2_common/pico_standard_link/crt0.S.obj
                0x00000000100001e8                _entry_point
                0x0000000010000266                __get_current_exception
 .reset         0x0000000010000290       0x30 CMakeFiles/lab06.dir/Users/conor/Desktop/pico/pico-sdk/src/rp2_common/pico_standard_link/binary_info.c.obj
 *(.init)
 .init          0x00000000100002c0        0x4 /Applications/ArmGNUToolchain/12.2.rel1/arm-none-eabi/bin/../lib/gcc/arm-none-eabi/12.2.1/thumb/v6-m/nofp/crti.o
                0x00000000100002c0                _init
 *(EXCLUDE_FILE(*libm.a: *libc.a:*lib_a-mem*.o *libgcc.a:) .text*)
 .text.register_tm_clones
                0x00000000100002c4       0x28 /Applications/ArmGNUToolchain/12.2.rel1/arm-none-eabi/bin/../lib/gcc/arm-none-eabi/12.2.1/thumb/v6-m/nofp/crtbegin.o
 .text.frame_dummy
                0x00000000100002ec       0x24 /Applications/ArmGNUToolchain/12.2.rel1/arm-none-eabi/bin/../lib/gcc/arm-none-eabi/12.2.1/thumb/v6-m/nofp/crtbegin.o
 .text.wallis_float
                0x0000000010000310       0x70 CMakeFiles/lab06.dir/lab06.c.obj
                0x0000000010000310                wallis_float
 .text.core1_entry
                0x0000000010000380       0x14 CMakeFiles/lab06.dir/lab06.c.obj
                0x0000000010000380                core1_entry
 .text.wallis_double
                0x0000000010000394       0x84 CMakeFiles/lab06.dir/lab06.c.obj
                0x0000000010000394                wallis_double
 .text.main     0x0000000010000418      0x274 CMakeFiles/lab06.dir/lab06.c.obj
                0x0000000010000418                main
 .text.gpio_set_function
                0x000000001000068c       0x30 CMakeFiles/lab06.dir/Users/conor/Desktop/pico/pico-sdk/src/rp2_common/hardware_gpio/gpio.c.obj
                0x000000001000068c                gpio_set_function
 .text.hw_claim_lock
                0x00000000100006bc       0x18 CMakeFiles/lab06.dir/Users/conor/Desktop/pico/pico-sdk/src/rp2_common/hardware_claim/claim.c.obj
                0x00000000100006bc                hw_claim_lock
 .text.hw_claim_unlock
                0x00000000100006d4       0x14 CMakeFiles/lab06.dir/Users/conor/Desktop/pico/pico-sdk/src/rp2_common/hardware_claim/claim.c.obj
                0x00000000100006d4                hw_claim_unlock
 .text.hw_claim_or_assert
                0x00000000100006e8       0x32 CMakeFiles/lab06.dir/Users/conor/Desktop/pico/pico-sdk/src/rp2_common/hardware_claim/claim.c.obj
                0x00000000100006e8                hw_claim_or_assert
 *fill*         0x000000001000071a        0x2 
 .text.running_on_fpga
                0x000000001000071c       0x14 CMakeFiles/lab06.dir/Users/conor/Desktop/pico/pico-sdk/src/rp2_common/pico_platform/platform.c.obj
                0x000000001000071c                running_on_fpga
 .text.spin_locks_reset
                0x0000000010000730       0x20 CMakeFiles/lab06.dir/Users/conor/Desktop/pico/pico-sdk/src/rp2_common/hardware_sync/sync.c.obj
                0x0000000010000730                spin_locks_reset
 .text.next_striped_spin_lock_num
                0x0000000010000750       0x1c CMakeFiles/lab06.dir/Users/conor/Desktop/pico/pico-sdk/src/rp2_common/hardware_sync/sync.c.obj
                0x0000000010000750                next_striped_spin_lock_num
 .text.set_raw_irq_handler_and_unlock
                0x000000001000076c       0x28 CMakeFiles/lab06.dir/Users/conor/Desktop/pico/pico-sdk/src/rp2_common/hardware_irq/irq.c.obj
 .text.resolve_branch
                0x0000000010000794       0x30 CMakeFiles/lab06.dir/Users/conor/Desktop/pico/pico-sdk/src/rp2_common/hardware_irq/irq.c.obj
 .text.make_branch
                0x00000000100007c4       0x48 CMakeFiles/lab06.dir/Users/conor/Desktop/pico/pico-sdk/src/rp2_common/hardware_irq/irq.c.obj
 .text.insert_branch_and_link
                0x000000001000080c       0x40 CMakeFiles/lab06.dir/Users/conor/Desktop/pico/pico-sdk/src/rp2_common/hardware_irq/irq.c.obj
 .text.irq_is_enabled
                0x000000001000084c       0x18 CMakeFiles/lab06.dir/Users/conor/Desktop/pico/pico-sdk/src/rp2_common/hardware_irq/irq.c.obj
                0x000000001000084c                irq_is_enabled
 .text.irq_set_mask_enabled
                0x0000000010000864       0x20 CMakeFiles/lab06.dir/Users/conor/Desktop/pico/pico-sdk/src/rp2_common/hardware_irq/irq.c.obj
                0x0000000010000864                irq_set_mask_enabled
 .text.irq_set_enabled
                0x0000000010000884        0xe CMakeFiles/lab06.dir/Users/conor/Desktop/pico/pico-sdk/src/rp2_common/hardware_irq/irq.c.obj
                0x0000000010000884                irq_set_enabled
 *fill*         0x0000000010000892        0x2 
 .text.irq_get_vtable_handler
                0x0000000010000894       0x10 CMakeFiles/lab06.dir/Users/conor/Desktop/pico/pico-sdk/src/rp2_common/hardware_irq/irq.c.obj
                0x0000000010000894                irq_get_vtable_handler
 .text.irq_set_exclusive_handler
                0x00000000100008a4       0x54 CMakeFiles/lab06.dir/Users/conor/Desktop/pico/pico-sdk/src/rp2_common/hardware_irq/irq.c.obj
                0x00000000100008a4                irq_set_exclusive_handler
 .text.irq_remove_handler
                0x00000000100008f8      0x188 CMakeFiles/lab06.dir/Users/conor/Desktop/pico/pico-sdk/src/rp2_common/hardware_irq/irq.c.obj
                0x00000000100008f8                irq_remove_handler
 .text.irq_add_tail_to_free_list
                0x0000000010000a80       0xf0 CMakeFiles/lab06.dir/Users/conor/Desktop/pico/pico-sdk/src/rp2_common/hardware_irq/irq.c.obj
                0x0000000010000a80                irq_add_tail_to_free_list
 .text.irq_init_priorities
                0x0000000010000b70       0x1c CMakeFiles/lab06.dir/Users/conor/Desktop/pico/pico-sdk/src/rp2_common/hardware_irq/irq.c.obj
                0x0000000010000b70                irq_init_priorities
 .text.lock_init
                0x0000000010000b8c       0x10 CMakeFiles/lab06.dir/Users/conor/Desktop/pico/pico-sdk/src/common/pico_sync/lock_core.c.obj
                0x0000000010000b8c                lock_init
 .text.get_entry
                0x0000000010000b9c       0x38 CMakeFiles/lab06.dir/Users/conor/Desktop/pico/pico-sdk/src/common/pico_time/time.c.obj
 .text.timer_pool_entry_comparator
                0x0000000010000bd4       0x2e CMakeFiles/lab06.dir/Users/conor/Desktop/pico/pico-sdk/src/common/pico_time/time.c.obj
                0x0000000010000bd4                timer_pool_entry_comparator
 *fill*         0x0000000010000c02        0x2 
 .text.update_us_since_boot
                0x0000000010000c04       0x24 CMakeFiles/lab06.dir/Users/conor/Desktop/pico/pico-sdk/src/common/pico_time/time.c.obj
 .text.delayed_by_us
                0x0000000010000c28       0x36 CMakeFiles/lab06.dir/Users/conor/Desktop/pico/pico-sdk/src/common/pico_time/time.c.obj
 *fill*         0x0000000010000c5e        0x2 
 .text.ph_get_node
                0x0000000010000c60       0x30 CMakeFiles/lab06.dir/Users/conor/Desktop/pico/pico-sdk/src/common/pico_time/time.c.obj
 .text.ph_contains_node
                0x0000000010000c90       0x1e CMakeFiles/lab06.dir/Users/conor/Desktop/pico/pico-sdk/src/common/pico_time/time.c.obj
 .text.ph_new_node
                0x0000000010000cae       0x28 CMakeFiles/lab06.dir/Users/conor/Desktop/pico/pico-sdk/src/common/pico_time/time.c.obj
 *fill*         0x0000000010000cd6        0x2 
 .text.ph_add_child_node
                0x0000000010000cd8       0x6c CMakeFiles/lab06.dir/Users/conor/Desktop/pico/pico-sdk/src/common/pico_time/time.c.obj
 .text.ph_merge_nodes
                0x0000000010000d44       0x3e CMakeFiles/lab06.dir/Users/conor/Desktop/pico/pico-sdk/src/common/pico_time/time.c.obj
 *fill*         0x0000000010000d82        0x2 
 .text.ph_insert_node
                0x0000000010000d84       0x3c CMakeFiles/lab06.dir/Users/conor/Desktop/pico/pico-sdk/src/common/pico_time/time.c.obj
 .text.ph_free_node
                0x0000000010000dc0       0x3c CMakeFiles/lab06.dir/Users/conor/Desktop/pico/pico-sdk/src/common/pico_time/time.c.obj
 .text.get_entry_id_high
                0x0000000010000dfc       0x30 CMakeFiles/lab06.dir/Users/conor/Desktop/pico/pico-sdk/src/common/pico_time/time.c.obj
 .text.alarm_pool_post_alloc_init
                0x0000000010000e2c       0x40 CMakeFiles/lab06.dir/Users/conor/Desktop/pico/pico-sdk/src/common/pico_time/time.c.obj
 .text.get_absolute_time
                0x0000000010000e6c       0x22 CMakeFiles/lab06.dir/Users/conor/Desktop/pico/pico-sdk/src/common/pico_time/time.c.obj
 *fill*         0x0000000010000e8e        0x2 
 .text.add_alarm_under_lock
                0x0000000010000e90       0x94 CMakeFiles/lab06.dir/Users/conor/Desktop/pico/pico-sdk/src/common/pico_time/time.c.obj
 .text.alarm_pool_alarm_callback
                0x0000000010000f24      0x20c CMakeFiles/lab06.dir/Users/conor/Desktop/pico/pico-sdk/src/common/pico_time/time.c.obj
 .text.alarm_pool_init_default
                0x0000000010001130       0x38 CMakeFiles/lab06.dir/Users/conor/Desktop/pico/pico-sdk/src/common/pico_time/time.c.obj
                0x0000000010001130                alarm_pool_init_default
 .text.hardware_alarm_irq_handler
                0x0000000010001168       0x88 CMakeFiles/lab06.dir/Users/conor/Desktop/pico/pico-sdk/src/rp2_common/hardware_timer/timer.c.obj
 .text.hardware_alarm_claim
                0x00000000100011f0       0x18 CMakeFiles/lab06.dir/Users/conor/Desktop/pico/pico-sdk/src/rp2_common/hardware_timer/timer.c.obj
                0x00000000100011f0                hardware_alarm_claim
 .text.time_us_64
                0x0000000010001208       0x18 CMakeFiles/lab06.dir/Users/conor/Desktop/pico/pico-sdk/src/rp2_common/hardware_timer/timer.c.obj
                0x0000000010001208                time_us_64
 .text.hardware_alarm_set_callback
                0x0000000010001220       0x90 CMakeFiles/lab06.dir/Users/conor/Desktop/pico/pico-sdk/src/rp2_common/hardware_timer/timer.c.obj
                0x0000000010001220                hardware_alarm_set_callback
 .text.hardware_alarm_set_target
                0x00000000100012b0       0xe8 CMakeFiles/lab06.dir/Users/conor/Desktop/pico/pico-sdk/src/rp2_common/hardware_timer/timer.c.obj
                0x00000000100012b0                hardware_alarm_set_target
 .text.hardware_alarm_cancel
                0x0000000010001398       0x40 CMakeFiles/lab06.dir/Users/conor/Desktop/pico/pico-sdk/src/rp2_common/hardware_timer/timer.c.obj
                0x0000000010001398                hardware_alarm_cancel
 .text.ph_get_node
                0x00000000100013d8       0x30 CMakeFiles/lab06.dir/Users/conor/Desktop/pico/pico-sdk/src/common/pico_util/pheap.c.obj
 .text.ph_add_child_node
                0x0000000010001408       0x6c CMakeFiles/lab06.dir/Users/conor/Desktop/pico/pico-sdk/src/common/pico_util/pheap.c.obj
 .text.ph_merge_nodes
                0x0000000010001474       0x3e CMakeFiles/lab06.dir/Users/conor/Desktop/pico/pico-sdk/src/common/pico_util/pheap.c.obj
 .text.ph_clear
                0x00000000100014b2       0x34 CMakeFiles/lab06.dir/Users/conor/Desktop/pico/pico-sdk/src/common/pico_util/pheap.c.obj
                0x00000000100014b2                ph_clear
 .text.ph_post_alloc_init
                0x00000000100014e6        0xe CMakeFiles/lab06.dir/Users/conor/Desktop/pico/pico-sdk/src/common/pico_util/pheap.c.obj
                0x00000000100014e6                ph_post_alloc_init
 .text.ph_merge_two_pass
                0x00000000100014f4       0x5c CMakeFiles/lab06.dir/Users/conor/Desktop/pico/pico-sdk/src/common/pico_util/pheap.c.obj
                0x00000000100014f4                ph_merge_two_pass
 .text.ph_remove_any_head
                0x0000000010001550       0xa4 CMakeFiles/lab06.dir/Users/conor/Desktop/pico/pico-sdk/src/common/pico_util/pheap.c.obj
 .text.ph_remove_head
                0x00000000100015f4       0x14 CMakeFiles/lab06.dir/Users/conor/Desktop/pico/pico-sdk/src/common/pico_util/pheap.c.obj
                0x00000000100015f4                ph_remove_head
 .text.ph_remove_and_free_node
                0x0000000010001608       0xa0 CMakeFiles/lab06.dir/Users/conor/Desktop/pico/pico-sdk/src/common/pico_util/pheap.c.obj
                0x0000000010001608                ph_remove_and_free_node
 .text.mutex_init
                0x00000000100016a8       0x1a CMakeFiles/lab06.dir/Users/conor/Desktop/pico/pico-sdk/src/common/pico_sync/mutex.c.obj
                0x00000000100016a8                mutex_init
 .text.recursive_mutex_init
                0x00000000100016c2       0x1e CMakeFiles/lab06.dir/Users/conor/Desktop/pico/pico-sdk/src/common/pico_sync/mutex.c.obj
                0x00000000100016c2                recursive_mutex_init
 .text.uart_set_baudrate
                0x00000000100016e0       0x5c CMakeFiles/lab06.dir/Users/conor/Desktop/pico/pico-sdk/src/rp2_common/hardware_uart/uart.c.obj
                0x00000000100016e0                uart_set_baudrate
 .text.uart_set_translate_crlf
                0x000000001000173c       0x28 CMakeFiles/lab06.dir/Users/conor/Desktop/pico/pico-sdk/src/rp2_common/hardware_uart/uart.c.obj
                0x000000001000173c                uart_set_translate_crlf
 .text.uart_init
                0x0000000010001764       0x80 CMakeFiles/lab06.dir/Users/conor/Desktop/pico/pico-sdk/src/rp2_common/hardware_uart/uart.c.obj
                0x0000000010001764                uart_init
 .text._exit    0x00000000100017e4        0x4 CMakeFiles/lab06.dir/Users/conor/Desktop/pico/pico-sdk/src/rp2_common/pico_runtime/runtime.c.obj
                0x00000000100017e4                _exit
 .text.exit     0x00000000100017e8        0x6 CMakeFiles/lab06.dir/Users/conor/Desktop/pico/pico-sdk/src/rp2_common/pico_runtime/runtime.c.obj
                0x00000000100017e8                exit
 *fill*         0x00000000100017ee        0x2 
 .text.__assert_func
                0x00000000100017f0       0x38 CMakeFiles/lab06.dir/Users/conor/Desktop/pico/pico-sdk/src/rp2_common/pico_runtime/runtime.c.obj
                0x00000000100017f0                __assert_func
 .text.runtime_init
                0x0000000010001828       0xf8 CMakeFiles/lab06.dir/Users/conor/Desktop/pico/pico-sdk/src/rp2_common/pico_runtime/runtime.c.obj
                0x0000000010001828                runtime_init
 .text.panic    0x0000000010001920       0x30 CMakeFiles/lab06.dir/Users/conor/Desktop/pico/pico-sdk/src/rp2_common/pico_runtime/runtime.c.obj
                0x0000000010001920                panic
 .text.clock_configure
                0x0000000010001950      0x104 CMakeFiles/lab06.dir/Users/conor/Desktop/pico/pico-sdk/src/rp2_common/hardware_clocks/clocks.c.obj
                0x0000000010001950                clock_configure
 .text.clocks_init
                0x0000000010001a54      0x100 CMakeFiles/lab06.dir/Users/conor/Desktop/pico/pico-sdk/src/rp2_common/hardware_clocks/clocks.c.obj
                0x0000000010001a54                clocks_init
 .text.clock_get_hz
                0x0000000010001b54        0xc CMakeFiles/lab06.dir/Users/conor/Desktop/pico/pico-sdk/src/rp2_common/hardware_clocks/clocks.c.obj
                0x0000000010001b54                clock_get_hz
 .text.pll_init
                0x0000000010001b60      0x140 CMakeFiles/lab06.dir/Users/conor/Desktop/pico/pico-sdk/src/rp2_common/hardware_pll/pll.c.obj
                0x0000000010001b60                pll_init
 .text.watchdog_start_tick
                0x0000000010001ca0       0x10 CMakeFiles/lab06.dir/Users/conor/Desktop/pico/pico-sdk/src/rp2_common/hardware_watchdog/watchdog.c.obj
                0x0000000010001ca0                watchdog_start_tick
 .text.xosc_init
                0x0000000010001cb0       0x28 CMakeFiles/lab06.dir/Users/conor/Desktop/pico/pico-sdk/src/rp2_common/hardware_xosc/xosc.c.obj
                0x0000000010001cb0                xosc_init
 .text._out_null
                0x0000000010001cd8        0x2 CMakeFiles/lab06.dir/Users/conor/Desktop/pico/pico-sdk/src/rp2_common/pico_printf/printf.c.obj
 .text._out_fct
                0x0000000010001cda        0xe CMakeFiles/lab06.dir/Users/conor/Desktop/pico/pico-sdk/src/rp2_common/pico_printf/printf.c.obj
 .text._atoi    0x0000000010001ce8       0x24 CMakeFiles/lab06.dir/Users/conor/Desktop/pico/pico-sdk/src/rp2_common/pico_printf/printf.c.obj
 .text._out_rev
                0x0000000010001d0c       0xae CMakeFiles/lab06.dir/Users/conor/Desktop/pico/pico-sdk/src/rp2_common/pico_printf/printf.c.obj
 .text._ntoa_format
                0x0000000010001dba      0x110 CMakeFiles/lab06.dir/Users/conor/Desktop/pico/pico-sdk/src/rp2_common/pico_printf/printf.c.obj
 .text._ntoa_long
                0x0000000010001eca       0xbc CMakeFiles/lab06.dir/Users/conor/Desktop/pico/pico-sdk/src/rp2_common/pico_printf/printf.c.obj
 .text._ntoa_long_long
                0x0000000010001f86      0x10e CMakeFiles/lab06.dir/Users/conor/Desktop/pico/pico-sdk/src/rp2_common/pico_printf/printf.c.obj
 .text._etoa    0x0000000010002094      0x420 CMakeFiles/lab06.dir/Users/conor/Desktop/pico/pico-sdk/src/rp2_common/pico_printf/printf.c.obj
 .text._ftoa    0x00000000100024b4      0x354 CMakeFiles/lab06.dir/Users/conor/Desktop/pico/pico-sdk/src/rp2_common/pico_printf/printf.c.obj
 .text._vsnprintf
                0x0000000010002808      0x65c CMakeFiles/lab06.dir/Users/conor/Desktop/pico/pico-sdk/src/rp2_common/pico_printf/printf.c.obj
 .text.vfctprintf
                0x0000000010002e64       0x20 CMakeFiles/lab06.dir/Users/conor/Desktop/pico/pico-sdk/src/rp2_common/pico_printf/printf.c.obj
                0x0000000010002e64                vfctprintf
 .text          0x0000000010002e84       0x10 CMakeFiles/lab06.dir/Users/conor/Desktop/pico/pico-sdk/src/rp2_common/pico_bit_ops/bit_ops_aeabi.S.obj
 .text.rom_func_lookup
                0x0000000010002e94       0x10 CMakeFiles/lab06.dir/Users/conor/Desktop/pico/pico-sdk/src/rp2_common/pico_bootrom/bootrom.c.obj
                0x0000000010002e94                rom_func_lookup
 .text.rom_data_lookup
                0x0000000010002ea4       0x10 CMakeFiles/lab06.dir/Users/conor/Desktop/pico/pico-sdk/src/rp2_common/pico_bootrom/bootrom.c.obj
                0x0000000010002ea4                rom_data_lookup
 .text.rom_funcs_lookup
                0x0000000010002eb4       0x36 CMakeFiles/lab06.dir/Users/conor/Desktop/pico/pico-sdk/src/rp2_common/pico_bootrom/bootrom.c.obj
                0x0000000010002eb4                rom_funcs_lookup
 *fill*         0x0000000010002eea        0x2 
 .text.__wrap___aeabi_idiv
                0x0000000010002eec       0x50 CMakeFiles/lab06.dir/Users/conor/Desktop/pico/pico-sdk/src/rp2_common/pico_divider/divider.S.obj
                0x0000000010002eec                __wrap___aeabi_idivmod
                0x0000000010002eec                divmod_s32s32
                0x0000000010002eec                div_s32s32
                0x0000000010002eec                __wrap___aeabi_idiv
                0x0000000010002ef4                divmod_s32s32_unsafe
                0x0000000010002f20                divmod_s32s32_savestate
 .text.__wrap___aeabi_uidiv
                0x0000000010002f3c       0x4c CMakeFiles/lab06.dir/Users/conor/Desktop/pico/pico-sdk/src/rp2_common/pico_divider/divider.S.obj
                0x0000000010002f3c                __wrap___aeabi_uidiv
                0x0000000010002f3c                __wrap___aeabi_uidivmod
                0x0000000010002f3c                div_u32u32
                0x0000000010002f3c                divmod_u32u32
                0x0000000010002f44                divmod_u32u32_unsafe
                0x0000000010002f6c                divmod_u32u32_savestate
 .text.__wrap___aeabi_ldiv
                0x0000000010002f88      0x434 CMakeFiles/lab06.dir/Users/conor/Desktop/pico/pico-sdk/src/rp2_common/pico_divider/divider.S.obj
                0x0000000010002f88                __wrap___aeabi_ldivmod
                0x0000000010002f88                div_s64s64
                0x0000000010002f88                divmod_s64s64
                0x0000000010002fc0                divmod_u64u64
                0x0000000010002fc0                div_u64u64
                0x0000000010002fc0                __wrap___aeabi_uldivmod
                0x0000000010002fd0                divmod_u64u64_savestate
                0x0000000010002ff8                divmod_s64s64_unsafe
                0x0000000010003080                divmod_u64u64_unsafe
 .text.__wrap___aeabi_darithmetic
                0x00000000100033bc       0x80 CMakeFiles/lab06.dir/Users/conor/Desktop/pico/pico-sdk/src/rp2_common/pico_double/double_aeabi.S.obj
                0x00000000100033bc                __wrap___aeabi_drsub
                0x00000000100033c2                __wrap___aeabi_dsub
                0x00000000100033d4                __wrap___aeabi_dadd
                0x00000000100033e6                __wrap___aeabi_ddiv
                0x0000000010003422                __wrap___aeabi_dmul
 .text.__wrap___aeabi_cdcmple
                0x000000001000343c       0x6c CMakeFiles/lab06.dir/Users/conor/Desktop/pico/pico-sdk/src/rp2_common/pico_double/double_aeabi.S.obj
                0x000000001000343c                __wrap___aeabi_cdrcmple
                0x000000001000344c                __wrap___aeabi_cdcmple
                0x000000001000344c                __wrap___aeabi_cdcmpeq
 .text.__wrap___aeabi_dcmplt
                0x00000000100034a8        0xc CMakeFiles/lab06.dir/Users/conor/Desktop/pico/pico-sdk/src/rp2_common/pico_double/double_aeabi.S.obj
                0x00000000100034a8                __wrap___aeabi_dcmplt
 .text.__wrap___aeabi_dcmple
                0x00000000100034b4       0x10 CMakeFiles/lab06.dir/Users/conor/Desktop/pico/pico-sdk/src/rp2_common/pico_double/double_aeabi.S.obj
                0x00000000100034b4                __wrap___aeabi_dcmple
 .text.__wrap___aeabi_dcmpge
                0x00000000100034c4       0x10 CMakeFiles/lab06.dir/Users/conor/Desktop/pico/pico-sdk/src/rp2_common/pico_double/double_aeabi.S.obj
                0x00000000100034c4                __wrap___aeabi_dcmpge
 .text.__wrap___aeabi_dcmpgt
                0x00000000100034d4        0xa CMakeFiles/lab06.dir/Users/conor/Desktop/pico/pico-sdk/src/rp2_common/pico_double/double_aeabi.S.obj
                0x00000000100034d4                __wrap___aeabi_dcmpgt
 .text.__wrap___aeabi_dcmpun
                0x00000000100034de       0x1c CMakeFiles/lab06.dir/Users/conor/Desktop/pico/pico-sdk/src/rp2_common/pico_double/double_aeabi.S.obj
                0x00000000100034de                __wrap___aeabi_dcmpun
 *fill*         0x00000000100034fa        0x2 
 .text.__wrap___aeabi_i2d
                0x00000000100034fc       0x38 CMakeFiles/lab06.dir/Users/conor/Desktop/pico/pico-sdk/src/rp2_common/pico_double/double_aeabi.S.obj
                0x00000000100034fc                __wrap___aeabi_ui2d
                0x0000000010003504                __wrap___aeabi_i2d
 .text.__wrap___aeabi_d2iz
                0x0000000010003534       0x48 CMakeFiles/lab06.dir/Users/conor/Desktop/pico/pico-sdk/src/rp2_common/pico_double/double_aeabi.S.obj
                0x0000000010003534                __wrap___aeabi_d2iz
                0x0000000010003534                double2int_z
 .text.__wrap___aeabi_d2uiz
                0x000000001000357c       0x18 CMakeFiles/lab06.dir/Users/conor/Desktop/pico/pico-sdk/src/rp2_common/pico_double/double_aeabi.S.obj
                0x000000001000357c                double2uint
                0x000000001000357c                __wrap___aeabi_d2uiz
 .text.__wrap___aeabi_d2f
                0x0000000010003594       0x18 CMakeFiles/lab06.dir/Users/conor/Desktop/pico/pico-sdk/src/rp2_common/pico_double/double_aeabi.S.obj
                0x0000000010003594                __wrap___aeabi_d2f
 .text.__aeabi_double_init
                0x00000000100035ac       0xcc CMakeFiles/lab06.dir/Users/conor/Desktop/pico/pico-sdk/src/rp2_common/pico_double/double_init_rom.c.obj
                0x00000000100035ac                __aeabi_double_init
 .text.double_table_shim_on_use_helper
                0x0000000010003678       0x34 CMakeFiles/lab06.dir/Users/conor/Desktop/pico/pico-sdk/src/rp2_common/pico_double/double_v1_rom_shim.S.obj
                0x0000000010003678                double_table_shim_on_use_helper
 .text.__wrap___aeabi_dsub
                0x00000000100036ac       0x10 CMakeFiles/lab06.dir/Users/conor/Desktop/pico/pico-sdk/src/rp2_common/pico_double/double_v1_rom_shim.S.obj
                0x00000000100036ac                drsub_shim
                0x00000000100036b2                dsub_shim
 .text.dadd_shim
                0x00000000100036bc      0x15c CMakeFiles/lab06.dir/Users/conor/Desktop/pico/pico-sdk/src/rp2_common/pico_double/double_v1_rom_shim.S.obj
                0x00000000100036bc                dadd_shim
 .text.dmul_shim
                0x0000000010003818      0x15c CMakeFiles/lab06.dir/Users/conor/Desktop/pico/pico-sdk/src/rp2_common/pico_double/double_v1_rom_shim.S.obj
                0x0000000010003818                dmul_shim
 .text.ddiv_shim
                0x0000000010003974      0x1b0 CMakeFiles/lab06.dir/Users/conor/Desktop/pico/pico-sdk/src/rp2_common/pico_double/double_v1_rom_shim.S.obj
                0x0000000010003974                ddiv_shim
 .text.double2uint_shim
                0x0000000010003b24        0xe CMakeFiles/lab06.dir/Users/conor/Desktop/pico/pico-sdk/src/rp2_common/pico_double/double_v1_rom_shim.S.obj
                0x0000000010003b24                double2uint_shim
                0x0000000010003b26                double2ufix_shim
 *fill*         0x0000000010003b32        0x2 
 .text.double2uint64_shim
                0x0000000010003b34       0x70 CMakeFiles/lab06.dir/Users/conor/Desktop/pico/pico-sdk/src/rp2_common/pico_double/double_v1_rom_shim.S.obj
                0x0000000010003b34                double2uint64_shim
                0x0000000010003b36                double2ufix64_shim
                0x0000000010003b56                d2fix_a
 .text.double2float_shim
                0x0000000010003ba4       0x5c CMakeFiles/lab06.dir/Users/conor/Desktop/pico/pico-sdk/src/rp2_common/pico_double/double_v1_rom_shim.S.obj
                0x0000000010003ba4                double2float_shim
 .text.dunpacks
                0x0000000010003c00       0x3c CMakeFiles/lab06.dir/Users/conor/Desktop/pico/pico-sdk/src/rp2_common/pico_double/double_v1_rom_shim.S.obj
                0x0000000010003c00                dunpacks
 .text.__wrap___aeabi_farithmetic
                0x0000000010003c3c       0x58 CMakeFiles/lab06.dir/Users/conor/Desktop/pico/pico-sdk/src/rp2_common/pico_float/float_aeabi.S.obj
                0x0000000010003c3c                __wrap___aeabi_frsub
                0x0000000010003c42                __wrap___aeabi_fsub
                0x0000000010003c4c                __wrap___aeabi_fadd
                0x0000000010003c56                __wrap___aeabi_fdiv
                0x0000000010003c82                __wrap___aeabi_fmul
 .text.__wrap___aeabi_cfcmple
                0x0000000010003c94       0x50 CMakeFiles/lab06.dir/Users/conor/Desktop/pico/pico-sdk/src/rp2_common/pico_float/float_aeabi.S.obj
                0x0000000010003c94                __wrap___aeabi_cfrcmple
                0x0000000010003ca0                __wrap___aeabi_cfcmpeq
                0x0000000010003ca0                __wrap___aeabi_cfcmple
 .text.__wrap___aeabi_fcmple
                0x0000000010003ce4       0x10 CMakeFiles/lab06.dir/Users/conor/Desktop/pico/pico-sdk/src/rp2_common/pico_float/float_aeabi.S.obj
                0x0000000010003ce4                __wrap___aeabi_fcmple
 .text.__wrap___aeabi_f2d
                0x0000000010003cf4       0x14 CMakeFiles/lab06.dir/Users/conor/Desktop/pico/pico-sdk/src/rp2_common/pico_float/float_aeabi.S.obj
                0x0000000010003cf4                __wrap___aeabi_f2d
 .text.__aeabi_float_init
                0x0000000010003d08       0xfc CMakeFiles/lab06.dir/Users/conor/Desktop/pico/pico-sdk/src/rp2_common/pico_float/float_init_rom.c.obj
                0x0000000010003d08                __aeabi_float_init
 .text.float_table_shim_on_use_helper
                0x0000000010003e04       0x34 CMakeFiles/lab06.dir/Users/conor/Desktop/pico/pico-sdk/src/rp2_common/pico_float/float_v1_rom_shim.S.obj
                0x0000000010003e04                float_table_shim_on_use_helper
 .text.float2double_shim
                0x0000000010003e38       0x30 CMakeFiles/lab06.dir/Users/conor/Desktop/pico/pico-sdk/src/rp2_common/pico_float/float_v1_rom_shim.S.obj
                0x0000000010003e38                float2double_shim
 .text          0x0000000010003e68       0x10 CMakeFiles/lab06.dir/Users/conor/Desktop/pico/pico-sdk/src/rp2_common/pico_mem_ops/mem_ops_aeabi.S.obj
                0x0000000010003e68                __aeabi_mem_init
 .text.memset   0x0000000010003e78        0xc CMakeFiles/lab06.dir/Users/conor/Desktop/pico/pico-sdk/src/rp2_common/pico_mem_ops/mem_ops_aeabi.S.obj
                0x0000000010003e78                __wrap_memset
 .text.memcpy   0x0000000010003e84        0xc CMakeFiles/lab06.dir/Users/conor/Desktop/pico/pico-sdk/src/rp2_common/pico_mem_ops/mem_ops_aeabi.S.obj
                0x0000000010003e84                __wrap___aeabi_memcpy
                0x0000000010003e84                __wrap_memcpy
 .text.stdio_out_chars_no_crlf
                0x0000000010003e90        0xe CMakeFiles/lab06.dir/Users/conor/Desktop/pico/pico-sdk/src/rp2_common/pico_stdio/stdio.c.obj
 *fill*         0x0000000010003e9e        0x2 
 .text.stdio_out_chars_crlf
                0x0000000010003ea0       0x80 CMakeFiles/lab06.dir/Users/conor/Desktop/pico/pico-sdk/src/rp2_common/pico_stdio/stdio.c.obj
 .text.stdio_stack_buffer_flush
                0x0000000010003f20       0x44 CMakeFiles/lab06.dir/Users/conor/Desktop/pico/pico-sdk/src/rp2_common/pico_stdio/stdio.c.obj
 .text.stdio_buffered_printer
                0x0000000010003f64       0x20 CMakeFiles/lab06.dir/Users/conor/Desktop/pico/pico-sdk/src/rp2_common/pico_stdio/stdio.c.obj
 .text.stdout_serialize_begin
                0x0000000010003f84       0x30 CMakeFiles/lab06.dir/Users/conor/Desktop/pico/pico-sdk/src/rp2_common/pico_stdio/stdio.c.obj
                0x0000000010003f84                stdout_serialize_begin
 .text.stdout_serialize_end
                0x0000000010003fb4       0x10 CMakeFiles/lab06.dir/Users/conor/Desktop/pico/pico-sdk/src/rp2_common/pico_stdio/stdio.c.obj
                0x0000000010003fb4                stdout_serialize_end
 .text.stdio_put_string
                0x0000000010003fc4       0x98 CMakeFiles/lab06.dir/Users/conor/Desktop/pico/pico-sdk/src/rp2_common/pico_stdio/stdio.c.obj
 .text.stdio_set_driver_enabled
                0x000000001000405c       0x2c CMakeFiles/lab06.dir/Users/conor/Desktop/pico/pico-sdk/src/rp2_common/pico_stdio/stdio.c.obj
                0x000000001000405c                stdio_set_driver_enabled
 .text.stdio_flush
                0x0000000010004088       0x20 CMakeFiles/lab06.dir/Users/conor/Desktop/pico/pico-sdk/src/rp2_common/pico_stdio/stdio.c.obj
                0x0000000010004088                stdio_flush
 .text.__wrap_puts
                0x00000000100040a8       0x1e CMakeFiles/lab06.dir/Users/conor/Desktop/pico/pico-sdk/src/rp2_common/pico_stdio/stdio.c.obj
                0x00000000100040a8                __wrap_puts
 *fill*         0x00000000100040c6        0x2 
 .text.__wrap_vprintf
                0x00000000100040c8       0x44 CMakeFiles/lab06.dir/Users/conor/Desktop/pico/pico-sdk/src/rp2_common/pico_stdio/stdio.c.obj
                0x00000000100040c8                __wrap_vprintf
 .text.__wrap_printf
                0x000000001000410c       0x18 CMakeFiles/lab06.dir/Users/conor/Desktop/pico/pico-sdk/src/rp2_common/pico_stdio/stdio.c.obj
                0x000000001000410c                __wrap_printf
 .text.stdio_init_all
                0x0000000010004124        0x8 CMakeFiles/lab06.dir/Users/conor/Desktop/pico/pico-sdk/src/rp2_common/pico_stdio/stdio.c.obj
                0x0000000010004124                stdio_init_all
 .text.uart_putc
                0x000000001000412c       0x60 CMakeFiles/lab06.dir/Users/conor/Desktop/pico/pico-sdk/src/rp2_common/pico_stdio_uart/stdio_uart.c.obj
 .text.uart_getc
                0x000000001000418c       0x24 CMakeFiles/lab06.dir/Users/conor/Desktop/pico/pico-sdk/src/rp2_common/pico_stdio_uart/stdio_uart.c.obj
 .text.stdio_uart_out_chars
                0x00000000100041b0       0x20 CMakeFiles/lab06.dir/Users/conor/Desktop/pico/pico-sdk/src/rp2_common/pico_stdio_uart/stdio_uart.c.obj
 .text.stdio_uart_in_chars
                0x00000000100041d0       0x34 CMakeFiles/lab06.dir/Users/conor/Desktop/pico/pico-sdk/src/rp2_common/pico_stdio_uart/stdio_uart.c.obj
                0x00000000100041d0                stdio_uart_in_chars
 .text.stdio_uart_init_full
                0x0000000010004204       0x3c CMakeFiles/lab06.dir/Users/conor/Desktop/pico/pico-sdk/src/rp2_common/pico_stdio_uart/stdio_uart.c.obj
                0x0000000010004204                stdio_uart_init_full
 .text.stdio_uart_init
                0x0000000010004240       0x28 CMakeFiles/lab06.dir/Users/conor/Desktop/pico/pico-sdk/src/rp2_common/pico_stdio_uart/stdio_uart.c.obj
                0x0000000010004240                stdio_uart_init
 .text.core1_trampoline
                0x0000000010004268        0x2 CMakeFiles/lab06.dir/Users/conor/Desktop/pico/pico-sdk/src/rp2_common/pico_multicore/multicore.c.obj
 .text.core1_wrapper
                0x000000001000426a        0xc CMakeFiles/lab06.dir/Users/conor/Desktop/pico/pico-sdk/src/rp2_common/pico_multicore/multicore.c.obj
                0x000000001000426a                core1_wrapper
 .text.multicore_fifo_push_blocking
                0x0000000010004276       0x14 CMakeFiles/lab06.dir/Users/conor/Desktop/pico/pico-sdk/src/rp2_common/pico_multicore/multicore.c.obj
                0x0000000010004276                multicore_fifo_push_blocking
 .text.multicore_fifo_pop_blocking
                0x000000001000428a       0x16 CMakeFiles/lab06.dir/Users/conor/Desktop/pico/pico-sdk/src/rp2_common/pico_multicore/multicore.c.obj
                0x000000001000428a                multicore_fifo_pop_blocking
 .text.multicore_launch_core1_raw
                0x00000000100042a0       0x70 CMakeFiles/lab06.dir/Users/conor/Desktop/pico/pico-sdk/src/rp2_common/pico_multicore/multicore.c.obj
                0x00000000100042a0                multicore_launch_core1_raw
 .text.multicore_launch_core1_with_stack
                0x0000000010004310       0x50 CMakeFiles/lab06.dir/Users/conor/Desktop/pico/pico-sdk/src/rp2_common/pico_multicore/multicore.c.obj
                0x0000000010004310                multicore_launch_core1_with_stack
 .text.multicore_launch_core1
                0x0000000010004360       0x24 CMakeFiles/lab06.dir/Users/conor/Desktop/pico/pico-sdk/src/rp2_common/pico_multicore/multicore.c.obj
                0x0000000010004360                multicore_launch_core1
 .text.strlen   0x0000000010004384       0x5c /Applications/ArmGNUToolchain/12.2.rel1/arm-none-eabi/bin/../lib/gcc/arm-none-eabi/12.2.1/../../../../arm-none-eabi/lib/thumb/v6-m/nofp/libg.a(libc_a-strlen-stub.o)
                0x0000000010004384                strlen
 *(.fini)
 .fini          0x00000000100043e0        0x4 /Applications/ArmGNUToolchain/12.2.rel1/arm-none-eabi/bin/../lib/gcc/arm-none-eabi/12.2.1/thumb/v6-m/nofp/crti.o
                0x00000000100043e0                _fini
 *fill*         0x00000000100043e4        0x4 
 .fini.__stub   0x00000000100043e8       0x50 linker stubs
 *crtbegin.o(.ctors)
 *crtbegin?.o(.ctors)
 *(EXCLUDE_FILE(*crtend.o *crtend?.o) .ctors)
 *(SORT_BY_NAME(.ctors.*))
 *(.ctors)
 *crtbegin.o(.dtors)
 *crtbegin?.o(.dtors)
 *(EXCLUDE_FILE(*crtend.o *crtend?.o) .dtors)
 *(SORT_BY_NAME(.dtors.*))
 *(.dtors)
 *(.eh_frame*)
 .eh_frame      0x0000000010004438        0x0 /Applications/ArmGNUToolchain/12.2.rel1/arm-none-eabi/bin/../lib/gcc/arm-none-eabi/12.2.1/thumb/v6-m/nofp/crtbegin.o
                0x0000000010004438                . = ALIGN (0x4)

.glue_7         0x0000000010004438        0x0
 .glue_7        0x0000000010004438        0x0 linker stubs

.glue_7t        0x0000000010004438        0x0
 .glue_7t       0x0000000010004438        0x0 linker stubs

.vfp11_veneer   0x0000000010004438        0x0
 .vfp11_veneer  0x0000000010004438        0x0 linker stubs

.v4_bx          0x0000000010004438        0x0
 .v4_bx         0x0000000010004438        0x0 linker stubs

.iplt           0x0000000010004438        0x0
 .iplt          0x0000000010004438        0x0 /Applications/ArmGNUToolchain/12.2.rel1/arm-none-eabi/bin/../lib/gcc/arm-none-eabi/12.2.1/thumb/v6-m/nofp/crtbegin.o

.rodata         0x0000000010004438      0xfa0
 *(EXCLUDE_FILE(*libm.a: *libc.a:*lib_a-mem*.o *libgcc.a:) .rodata*)
 .rodata.main.str1.4
                0x0000000010004438      0x186 CMakeFiles/lab06.dir/lab06.c.obj
 *fill*         0x00000000100045be        0x2 
 .rodata.resolve_branch.str1.4
                0x00000000100045c0       0x5d CMakeFiles/lab06.dir/Users/conor/Desktop/pico/pico-sdk/src/rp2_common/hardware_irq/irq.c.obj
 *fill*         0x000000001000461d        0x3 
 .rodata.make_branch.str1.4
                0x0000000010004620       0x30 CMakeFiles/lab06.dir/Users/conor/Desktop/pico/pico-sdk/src/rp2_common/hardware_irq/irq.c.obj
 .rodata.insert_branch_and_link.str1.4
                0x0000000010004650       0x10 CMakeFiles/lab06.dir/Users/conor/Desktop/pico/pico-sdk/src/rp2_common/hardware_irq/irq.c.obj
 .rodata.irq_set_exclusive_handler.str1.4
                0x0000000010004660       0x36 CMakeFiles/lab06.dir/Users/conor/Desktop/pico/pico-sdk/src/rp2_common/hardware_irq/irq.c.obj
 *fill*         0x0000000010004696        0x2 
 .rodata.irq_remove_handler.str1.4
                0x0000000010004698       0x2a CMakeFiles/lab06.dir/Users/conor/Desktop/pico/pico-sdk/src/rp2_common/hardware_irq/irq.c.obj
 *fill*         0x00000000100046c2        0x2 
 .rodata.irq_add_tail_to_free_list.str1.4
                0x00000000100046c4       0x3a CMakeFiles/lab06.dir/Users/conor/Desktop/pico/pico-sdk/src/rp2_common/hardware_irq/irq.c.obj
 *fill*         0x00000000100046fe        0x2 
 .rodata.__func__.0
                0x0000000010004700       0x1a CMakeFiles/lab06.dir/Users/conor/Desktop/pico/pico-sdk/src/rp2_common/hardware_irq/irq.c.obj
 *fill*         0x000000001000471a        0x2 
 .rodata.__func__.1
                0x000000001000471c       0x17 CMakeFiles/lab06.dir/Users/conor/Desktop/pico/pico-sdk/src/rp2_common/hardware_irq/irq.c.obj
 *fill*         0x0000000010004733        0x1 
 .rodata.__func__.2
                0x0000000010004734       0x13 CMakeFiles/lab06.dir/Users/conor/Desktop/pico/pico-sdk/src/rp2_common/hardware_irq/irq.c.obj
 *fill*         0x0000000010004747        0x1 
 .rodata.__func__.3
                0x0000000010004748        0xc CMakeFiles/lab06.dir/Users/conor/Desktop/pico/pico-sdk/src/rp2_common/hardware_irq/irq.c.obj
 .rodata.__func__.4
                0x0000000010004754        0xf CMakeFiles/lab06.dir/Users/conor/Desktop/pico/pico-sdk/src/rp2_common/hardware_irq/irq.c.obj
 *fill*         0x0000000010004763        0x1 
 .rodata.__func__.6
                0x0000000010004764       0x1a CMakeFiles/lab06.dir/Users/conor/Desktop/pico/pico-sdk/src/rp2_common/hardware_irq/irq.c.obj
 *fill*         0x000000001000477e        0x2 
 .rodata.get_entry.str1.4
                0x0000000010004780       0x63 CMakeFiles/lab06.dir/Users/conor/Desktop/pico/pico-sdk/src/common/pico_time/time.c.obj
 *fill*         0x00000000100047e3        0x1 
 .rodata.update_us_since_boot.str1.4
                0x00000000100047e4       0x69 CMakeFiles/lab06.dir/Users/conor/Desktop/pico/pico-sdk/src/common/pico_time/time.c.obj
 *fill*         0x000000001000484d        0x3 
 .rodata.ph_get_node.str1.4
                0x0000000010004850       0x6e CMakeFiles/lab06.dir/Users/conor/Desktop/pico/pico-sdk/src/common/pico_time/time.c.obj
 *fill*         0x00000000100048be        0x2 
 .rodata.ph_add_child_node.str1.4
                0x00000000100048c0       0x2e CMakeFiles/lab06.dir/Users/conor/Desktop/pico/pico-sdk/src/common/pico_time/time.c.obj
 *fill*         0x00000000100048ee        0x2 
 .rodata.ph_insert_node.str1.4
                0x00000000100048f0        0x3 CMakeFiles/lab06.dir/Users/conor/Desktop/pico/pico-sdk/src/common/pico_time/time.c.obj
 *fill*         0x00000000100048f3        0x1 
 .rodata.ph_free_node.str1.4
                0x00000000100048f4       0x22 CMakeFiles/lab06.dir/Users/conor/Desktop/pico/pico-sdk/src/common/pico_time/time.c.obj
 *fill*         0x0000000010004916        0x2 
 .rodata.add_alarm_under_lock.str1.4
                0x0000000010004918       0x28 CMakeFiles/lab06.dir/Users/conor/Desktop/pico/pico-sdk/src/common/pico_time/time.c.obj
 .rodata.alarm_pool_alarm_callback.str1.4
                0x0000000010004940       0x60 CMakeFiles/lab06.dir/Users/conor/Desktop/pico/pico-sdk/src/common/pico_time/time.c.obj
 .rodata.__func__.4
                0x00000000100049a0       0x12 CMakeFiles/lab06.dir/Users/conor/Desktop/pico/pico-sdk/src/common/pico_time/time.c.obj
 *fill*         0x00000000100049b2        0x2 
 .rodata.__func__.5
                0x00000000100049b4        0xd CMakeFiles/lab06.dir/Users/conor/Desktop/pico/pico-sdk/src/common/pico_time/time.c.obj
 *fill*         0x00000000100049c1        0x3 
 .rodata.__func__.6
                0x00000000100049c4       0x12 CMakeFiles/lab06.dir/Users/conor/Desktop/pico/pico-sdk/src/common/pico_time/time.c.obj
 *fill*         0x00000000100049d6        0x2 
 .rodata.__func__.7
                0x00000000100049d8        0xf CMakeFiles/lab06.dir/Users/conor/Desktop/pico/pico-sdk/src/common/pico_time/time.c.obj
 *fill*         0x00000000100049e7        0x1 
 .rodata.__func__.8
                0x00000000100049e8        0xc CMakeFiles/lab06.dir/Users/conor/Desktop/pico/pico-sdk/src/common/pico_time/time.c.obj
 .rodata.__func__.9
                0x00000000100049f4       0x15 CMakeFiles/lab06.dir/Users/conor/Desktop/pico/pico-sdk/src/common/pico_time/time.c.obj
 *fill*         0x0000000010004a09        0x3 
 .rodata.__func__.10
                0x0000000010004a0c       0x15 CMakeFiles/lab06.dir/Users/conor/Desktop/pico/pico-sdk/src/common/pico_time/time.c.obj
 *fill*         0x0000000010004a21        0x3 
 .rodata.__func__.11
                0x0000000010004a24       0x1a CMakeFiles/lab06.dir/Users/conor/Desktop/pico/pico-sdk/src/common/pico_time/time.c.obj
 *fill*         0x0000000010004a3e        0x2 
 .rodata.__func__.12
                0x0000000010004a40        0xa CMakeFiles/lab06.dir/Users/conor/Desktop/pico/pico-sdk/src/common/pico_time/time.c.obj
 *fill*         0x0000000010004a4a        0x2 
 .rodata.hardware_alarm_claim.str1.4
                0x0000000010004a4c       0x22 CMakeFiles/lab06.dir/Users/conor/Desktop/pico/pico-sdk/src/rp2_common/hardware_timer/timer.c.obj
 *fill*         0x0000000010004a6e        0x2 
 .rodata.hardware_alarm_set_target.str1.4
                0x0000000010004a70       0x6d CMakeFiles/lab06.dir/Users/conor/Desktop/pico/pico-sdk/src/rp2_common/hardware_timer/timer.c.obj
 *fill*         0x0000000010004add        0x3 
 .rodata.__func__.0
                0x0000000010004ae0       0x1a CMakeFiles/lab06.dir/Users/conor/Desktop/pico/pico-sdk/src/rp2_common/hardware_timer/timer.c.obj
 .rodata.ph_get_node.str1.4
                0x0000000010004afa       0x6e CMakeFiles/lab06.dir/Users/conor/Desktop/pico/pico-sdk/src/common/pico_util/pheap.c.obj
 .rodata.ph_add_child_node.str1.4
                0x0000000010004afa       0x2e CMakeFiles/lab06.dir/Users/conor/Desktop/pico/pico-sdk/src/common/pico_util/pheap.c.obj
 *fill*         0x0000000010004afa        0x2 
 .rodata.ph_remove_any_head.str1.4
                0x0000000010004afc       0x94 CMakeFiles/lab06.dir/Users/conor/Desktop/pico/pico-sdk/src/common/pico_util/pheap.c.obj
 .rodata.ph_remove_and_free_node.str1.4
                0x0000000010004b90       0x1e CMakeFiles/lab06.dir/Users/conor/Desktop/pico/pico-sdk/src/common/pico_util/pheap.c.obj
                                         0x26 (size before relaxing)
 *fill*         0x0000000010004bae        0x2 
 .rodata.__func__.0
                0x0000000010004bb0       0x18 CMakeFiles/lab06.dir/Users/conor/Desktop/pico/pico-sdk/src/common/pico_util/pheap.c.obj
 .rodata.__func__.1
                0x0000000010004bc8       0x13 CMakeFiles/lab06.dir/Users/conor/Desktop/pico/pico-sdk/src/common/pico_util/pheap.c.obj
 *fill*         0x0000000010004bdb        0x1 
 .rodata.__func__.2
                0x0000000010004bdc       0x12 CMakeFiles/lab06.dir/Users/conor/Desktop/pico/pico-sdk/src/common/pico_util/pheap.c.obj
 *fill*         0x0000000010004bee        0x2 
 .rodata.__func__.3
                0x0000000010004bf0        0xc CMakeFiles/lab06.dir/Users/conor/Desktop/pico/pico-sdk/src/common/pico_util/pheap.c.obj
 .rodata.str1.4
                0x0000000010004bfc       0x91 CMakeFiles/lab06.dir/Users/conor/Desktop/pico/pico-sdk/src/common/pico_sync/mutex.c.obj
 *fill*         0x0000000010004c8d        0x3 
 .rodata.__func__.1
                0x0000000010004c90        0xb CMakeFiles/lab06.dir/Users/conor/Desktop/pico/pico-sdk/src/common/pico_sync/mutex.c.obj
 *fill*         0x0000000010004c9b        0x1 
 .rodata.__assert_func.str1.4
                0x0000000010004c9c       0x3f CMakeFiles/lab06.dir/Users/conor/Desktop/pico/pico-sdk/src/rp2_common/pico_runtime/runtime.c.obj
                                         0x43 (size before relaxing)
 *fill*         0x0000000010004cdb        0x1 
 .rodata.runtime_init.str1.4
                0x0000000010004cdc       0x69 CMakeFiles/lab06.dir/Users/conor/Desktop/pico/pico-sdk/src/rp2_common/pico_runtime/runtime.c.obj
 *fill*         0x0000000010004d45        0x3 
 .rodata.panic.str1.4
                0x0000000010004d48       0x10 CMakeFiles/lab06.dir/Users/conor/Desktop/pico/pico-sdk/src/rp2_common/pico_runtime/runtime.c.obj
                                         0x12 (size before relaxing)
 .rodata.__func__.1
                0x0000000010004d58        0xd CMakeFiles/lab06.dir/Users/conor/Desktop/pico/pico-sdk/src/rp2_common/pico_runtime/runtime.c.obj
 *fill*         0x0000000010004d65        0x3 
 .rodata.clock_configure.str1.4
                0x0000000010004d68       0x5f CMakeFiles/lab06.dir/Users/conor/Desktop/pico/pico-sdk/src/rp2_common/hardware_clocks/clocks.c.obj
 *fill*         0x0000000010004dc7        0x1 
 .rodata.__func__.1
                0x0000000010004dc8       0x10 CMakeFiles/lab06.dir/Users/conor/Desktop/pico/pico-sdk/src/rp2_common/hardware_clocks/clocks.c.obj
 .rodata.pll_init.str1.4
                0x0000000010004dd8      0x143 CMakeFiles/lab06.dir/Users/conor/Desktop/pico/pico-sdk/src/rp2_common/hardware_pll/pll.c.obj
 *fill*         0x0000000010004f1b        0x1 
 .rodata.__func__.0
                0x0000000010004f1c        0x9 CMakeFiles/lab06.dir/Users/conor/Desktop/pico/pico-sdk/src/rp2_common/hardware_pll/pll.c.obj
 *fill*         0x0000000010004f25        0x3 
 .rodata._ftoa.str1.4
                0x0000000010004f28       0x15 CMakeFiles/lab06.dir/Users/conor/Desktop/pico/pico-sdk/src/rp2_common/pico_printf/printf.c.obj
 *fill*         0x0000000010004f3d        0x3 
 .rodata._vsnprintf
                0x0000000010004f40      0x19c CMakeFiles/lab06.dir/Users/conor/Desktop/pico/pico-sdk/src/rp2_common/pico_printf/printf.c.obj
 *fill*         0x00000000100050dc        0x4 
 .rodata.pow10.0
                0x00000000100050e0       0x50 CMakeFiles/lab06.dir/Users/conor/Desktop/pico/pico-sdk/src/rp2_common/pico_printf/printf.c.obj
 .rodata.__aeabi_double_init.str1.4
                0x0000000010005130       0xb0 CMakeFiles/lab06.dir/Users/conor/Desktop/pico/pico-sdk/src/rp2_common/pico_double/double_init_rom.c.obj
 .rodata.__func__.0
                0x00000000100051e0       0x14 CMakeFiles/lab06.dir/Users/conor/Desktop/pico/pico-sdk/src/rp2_common/pico_double/double_init_rom.c.obj
 .rodata.__aeabi_float_init.str1.4
                0x00000000100051f4       0x82 CMakeFiles/lab06.dir/Users/conor/Desktop/pico/pico-sdk/src/rp2_common/pico_float/float_init_rom.c.obj
                                         0x86 (size before relaxing)
 *fill*         0x0000000010005276        0x2 
 .rodata.__func__.0
                0x0000000010005278       0x13 CMakeFiles/lab06.dir/Users/conor/Desktop/pico/pico-sdk/src/rp2_common/pico_float/float_init_rom.c.obj
 *fill*         0x000000001000528b        0x1 
 .rodata.str1.4
                0x000000001000528c       0x3c CMakeFiles/lab06.dir/Users/conor/Desktop/pico/pico-sdk/src/rp2_common/pico_standard_link/binary_info.c.obj
 .rodata.__bi_81
                0x00000000100052c8        0xc CMakeFiles/lab06.dir/Users/conor/Desktop/pico/pico-sdk/src/rp2_common/pico_standard_link/binary_info.c.obj
 .rodata.__bi_75
                0x00000000100052d4        0xc CMakeFiles/lab06.dir/Users/conor/Desktop/pico/pico-sdk/src/rp2_common/pico_standard_link/binary_info.c.obj
 .rodata.__bi_44
                0x00000000100052e0        0xc CMakeFiles/lab06.dir/Users/conor/Desktop/pico/pico-sdk/src/rp2_common/pico_standard_link/binary_info.c.obj
 .rodata.crlf_str.3
                0x00000000100052ec        0x2 CMakeFiles/lab06.dir/Users/conor/Desktop/pico/pico-sdk/src/rp2_common/pico_stdio/stdio.c.obj
 *fill*         0x00000000100052ee        0x2 
 .rodata.str1.4
                0x00000000100052f0       0x2c CMakeFiles/lab06.dir/Users/conor/Desktop/pico/pico-sdk/src/rp2_common/pico_stdio_uart/stdio_uart.c.obj
 .rodata.__bi_28.4
                0x000000001000531c        0xc CMakeFiles/lab06.dir/Users/conor/Desktop/pico/pico-sdk/src/rp2_common/pico_stdio_uart/stdio_uart.c.obj
 .rodata.__bi_29.5
                0x0000000010005328        0x8 CMakeFiles/lab06.dir/Users/conor/Desktop/pico/pico-sdk/src/rp2_common/pico_stdio_uart/stdio_uart.c.obj
 .rodata.multicore_lockout_start_block_until.str1.4
                0x0000000010005330       0x65 CMakeFiles/lab06.dir/Users/conor/Desktop/pico/pico-sdk/src/rp2_common/pico_multicore/multicore.c.obj
 *fill*         0x0000000010005395        0x3 
 .rodata.multicore_launch_core1_with_stack.str1.4
                0x0000000010005398       0x19 CMakeFiles/lab06.dir/Users/conor/Desktop/pico/pico-sdk/src/rp2_common/pico_multicore/multicore.c.obj
 *fill*         0x00000000100053b1        0x3 
 .rodata.__func__.2
                0x00000000100053b4       0x22 CMakeFiles/lab06.dir/Users/conor/Desktop/pico/pico-sdk/src/rp2_common/pico_multicore/multicore.c.obj
                0x00000000100053d8                . = ALIGN (0x4)
 *fill*         0x00000000100053d6        0x2 
 *(SORT_BY_ALIGNMENT(SORT_BY_NAME(.flashdata*)))
                0x00000000100053d8                . = ALIGN (0x4)

.rel.dyn        0x00000000100053d8        0x0
 .rel.iplt      0x00000000100053d8        0x0 /Applications/ArmGNUToolchain/12.2.rel1/arm-none-eabi/bin/../lib/gcc/arm-none-eabi/12.2.1/thumb/v6-m/nofp/crtbegin.o

.ARM.extab
 *(.ARM.extab* .gnu.linkonce.armextab.*)
                0x00000000100053d8                __exidx_start = .

.ARM.exidx
 *(.ARM.exidx* .gnu.linkonce.armexidx.*)
                0x00000000100053d8                __exidx_end = .
                0x00000000100053d8                . = ALIGN (0x4)
                0x00000000100053d8                __binary_info_start = .

.binary_info    0x00000000100053d8       0x24
 *(.binary_info.keep.*)
 .binary_info.keep.__bi_ptr81
                0x00000000100053d8        0x4 CMakeFiles/lab06.dir/Users/conor/Desktop/pico/pico-sdk/src/rp2_common/pico_standard_link/binary_info.c.obj
 .binary_info.keep.__bi_ptr75
                0x00000000100053dc        0x4 CMakeFiles/lab06.dir/Users/conor/Desktop/pico/pico-sdk/src/rp2_common/pico_standard_link/binary_info.c.obj
 .binary_info.keep.__bi_ptr50
                0x00000000100053e0        0x4 CMakeFiles/lab06.dir/Users/conor/Desktop/pico/pico-sdk/src/rp2_common/pico_standard_link/binary_info.c.obj
 .binary_info.keep.__bi_ptr44
                0x00000000100053e4        0x4 CMakeFiles/lab06.dir/Users/conor/Desktop/pico/pico-sdk/src/rp2_common/pico_standard_link/binary_info.c.obj
 .binary_info.keep.__bi_ptr38
                0x00000000100053e8        0x4 CMakeFiles/lab06.dir/Users/conor/Desktop/pico/pico-sdk/src/rp2_common/pico_standard_link/binary_info.c.obj
 .binary_info.keep.__bi_ptr30
                0x00000000100053ec        0x4 CMakeFiles/lab06.dir/Users/conor/Desktop/pico/pico-sdk/src/rp2_common/pico_standard_link/binary_info.c.obj
 .binary_info.keep.__bi_ptr22
                0x00000000100053f0        0x4 CMakeFiles/lab06.dir/Users/conor/Desktop/pico/pico-sdk/src/rp2_common/pico_standard_link/binary_info.c.obj
 *(.binary_info.*)
 .binary_info.__bi_ptr29
                0x00000000100053f4        0x4 CMakeFiles/lab06.dir/Users/conor/Desktop/pico/pico-sdk/src/rp2_common/pico_stdio_uart/stdio_uart.c.obj
 .binary_info.__bi_ptr28
                0x00000000100053f8        0x4 CMakeFiles/lab06.dir/Users/conor/Desktop/pico/pico-sdk/src/rp2_common/pico_stdio_uart/stdio_uart.c.obj
                0x00000000100053fc                __binary_info_end = .
                0x00000000100053fc                . = ALIGN (0x4)
                0x00000000100053fc                __etext = .

.ram_vector_table
                0x0000000020000000       0xc0
 *(.ram_vector_table)
 .ram_vector_table
                0x0000000020000000       0xc0 CMakeFiles/lab06.dir/Users/conor/Desktop/pico/pico-sdk/src/rp2_common/pico_runtime/runtime.c.obj
                0x0000000020000000                ram_vector_table

.data           0x00000000200000c0      0x1c8 load address 0x00000000100053fc
                0x00000000200000c0                __data_start__ = .
 *(vtable)
 *(.time_critical*)
 .time_critical.mutex_enter_blocking
                0x00000000200000c0       0x48 CMakeFiles/lab06.dir/Users/conor/Desktop/pico/pico-sdk/src/common/pico_sync/mutex.c.obj
                0x00000000200000c0                mutex_enter_blocking
 .time_critical.mutex_try_enter
                0x0000000020000108       0x46 CMakeFiles/lab06.dir/Users/conor/Desktop/pico/pico-sdk/src/common/pico_sync/mutex.c.obj
                0x0000000020000108                mutex_try_enter
 *fill*         0x000000002000014e        0x2 
 .time_critical.mutex_exit
                0x0000000020000150       0x4c CMakeFiles/lab06.dir/Users/conor/Desktop/pico/pico-sdk/src/common/pico_sync/mutex.c.obj
                0x0000000020000150                mutex_exit
 *(.text*)
 .text          0x000000002000019c        0x4 /Applications/ArmGNUToolchain/12.2.rel1/arm-none-eabi/bin/../lib/gcc/arm-none-eabi/12.2.1/thumb/v6-m/nofp/libgcc.a(_dvmd_tls.o)
                0x000000002000019c                __aeabi_ldiv0
                0x000000002000019c                __aeabi_idiv0
 .text.__stub   0x00000000200001a0       0x10 linker stubs
                0x00000000200001b0                . = ALIGN (0x4)
 *(.rodata*)
                0x00000000200001b0                . = ALIGN (0x4)
 *(.data*)
 .data.striped_spin_lock_num
                0x00000000200001b0        0x1 CMakeFiles/lab06.dir/Users/conor/Desktop/pico/pico-sdk/src/rp2_common/hardware_sync/sync.c.obj
 *fill*         0x00000000200001b1        0x3 
 .data          0x00000000200001b4       0x48 CMakeFiles/lab06.dir/Users/conor/Desktop/pico/pico-sdk/src/rp2_common/hardware_irq/irq_handler_chain.S.obj
                0x00000000200001b4                irq_handler_chain_slots
                0x00000000200001e4                irq_handler_chain_first_slot
                0x00000000200001ee                irq_handler_chain_remove_tail
 .data.default_alarm_pool
                0x00000000200001fc       0x18 CMakeFiles/lab06.dir/Users/conor/Desktop/pico/pico-sdk/src/common/pico_time/time.c.obj
 .data.default_alarm_pool_heap
                0x0000000020000214       0x10 CMakeFiles/lab06.dir/Users/conor/Desktop/pico/pico-sdk/src/common/pico_time/time.c.obj
 *fill*         0x0000000020000224        0xc 
 .data.aeabi_bits_funcs
                0x0000000020000230       0x10 CMakeFiles/lab06.dir/Users/conor/Desktop/pico/pico-sdk/src/rp2_common/pico_bit_ops/bit_ops_aeabi.S.obj
                0x0000000020000230                aeabi_bits_funcs
                0x0000000020000240                aeabi_bits_funcs_end
 .data.aeabi_mem_funcs
                0x0000000020000240       0x10 CMakeFiles/lab06.dir/Users/conor/Desktop/pico/pico-sdk/src/rp2_common/pico_mem_ops/mem_ops_aeabi.S.obj
                0x0000000020000240                aeabi_mem_funcs
                0x0000000020000250                aeabi_mem_funcs_end
 .data.stdio_uart
                0x0000000020000250       0x14 CMakeFiles/lab06.dir/Users/conor/Desktop/pico/pico-sdk/src/rp2_common/pico_stdio_uart/stdio_uart.c.obj
                0x0000000020000250                stdio_uart
                0x0000000020000264                . = ALIGN (0x4)
 *(.after_data.*)
                0x0000000020000264                . = ALIGN (0x4)
                0x0000000020000264                PROVIDE (__mutex_array_start = .)
 *(SORT_BY_NAME(.mutex_array.*))
 *(.mutex_array)
 .mutex_array   0x0000000020000264        0x8 CMakeFiles/lab06.dir/Users/conor/Desktop/pico/pico-sdk/src/rp2_common/pico_malloc/pico_malloc.c.obj
 .mutex_array   0x000000002000026c        0x8 CMakeFiles/lab06.dir/Users/conor/Desktop/pico/pico-sdk/src/rp2_common/pico_stdio/stdio.c.obj
                0x0000000020000274                PROVIDE (__mutex_array_end = .)
                0x0000000020000274                . = ALIGN (0x4)
                0x0000000020000274                PROVIDE (__preinit_array_start = .)
 *(SORT_BY_NAME(.preinit_array.*))
 .preinit_array.00001
                0x0000000020000274        0x4 CMakeFiles/lab06.dir/Users/conor/Desktop/pico/pico-sdk/src/rp2_common/pico_mem_ops/mem_ops_aeabi.S.obj
 .preinit_array.00010
                0x0000000020000278        0x4 CMakeFiles/lab06.dir/Users/conor/Desktop/pico/pico-sdk/src/rp2_common/pico_bit_ops/bit_ops_aeabi.S.obj
 .preinit_array.00020
                0x000000002000027c        0x4 CMakeFiles/lab06.dir/Users/conor/Desktop/pico/pico-sdk/src/rp2_common/pico_double/double_aeabi.S.obj
 .preinit_array.00020
                0x0000000020000280        0x4 CMakeFiles/lab06.dir/Users/conor/Desktop/pico/pico-sdk/src/rp2_common/pico_float/float_aeabi.S.obj
 *(.preinit_array)
                0x0000000020000284                PROVIDE (__preinit_array_end = .)
                0x0000000020000284                . = ALIGN (0x4)
                0x0000000020000284                PROVIDE (__init_array_start = .)
 *(SORT_BY_NAME(.init_array.*))
 *(.init_array)
 .init_array    0x0000000020000284        0x4 /Applications/ArmGNUToolchain/12.2.rel1/arm-none-eabi/bin/../lib/gcc/arm-none-eabi/12.2.1/thumb/v6-m/nofp/crtbegin.o
                0x0000000020000288                PROVIDE (__init_array_end = .)
                0x0000000020000288                . = ALIGN (0x4)
                [!provide]                        PROVIDE (__fini_array_start = .)
 *(SORT_BY_NAME(.fini_array.*))
 *(.fini_array)
                [!provide]                        PROVIDE (__fini_array_end = .)
 *(.jcr)
                0x0000000020000288                . = ALIGN (0x4)
                0x0000000020000288                __data_end__ = .

.tm_clone_table
                0x0000000020000288        0x0 load address 0x00000000100055c4
 .tm_clone_table
                0x0000000020000288        0x0 /Applications/ArmGNUToolchain/12.2.rel1/arm-none-eabi/bin/../lib/gcc/arm-none-eabi/12.2.1/thumb/v6-m/nofp/crtbegin.o
 .tm_clone_table
                0x0000000020000288        0x0 /Applications/ArmGNUToolchain/12.2.rel1/arm-none-eabi/bin/../lib/gcc/arm-none-eabi/12.2.1/thumb/v6-m/nofp/crtend.o

.igot.plt       0x0000000020000288        0x0 load address 0x00000000100055c4
 .igot.plt      0x0000000020000288        0x0 /Applications/ArmGNUToolchain/12.2.rel1/arm-none-eabi/bin/../lib/gcc/arm-none-eabi/12.2.1/thumb/v6-m/nofp/crtbegin.o

.uninitialized_data
                0x0000000020000288        0x0 load address 0x00000000100055c4
                0x0000000020000288                . = ALIGN (0x4)
 *(.uninitialized_data*)

.scratch_x      0x0000000020040000        0x0 load address 0x00000000100055c4
                0x0000000020040000                __scratch_x_start__ = .
 *(.scratch_x.*)
                0x0000000020040000                . = ALIGN (0x4)
                0x0000000020040000                __scratch_x_end__ = .
                0x00000000100055c4                __scratch_x_source__ = LOADADDR (.scratch_x)

.scratch_y      0x0000000020041000        0x0 load address 0x00000000100055c4
                0x0000000020041000                __scratch_y_start__ = .
 *(.scratch_y.*)
                0x0000000020041000                . = ALIGN (0x4)
                0x0000000020041000                __scratch_y_end__ = .
                0x00000000100055c4                __scratch_y_source__ = LOADADDR (.scratch_y)

.bss            0x0000000020000288      0x3d4
                0x0000000020000288                . = ALIGN (0x4)
                0x0000000020000288                __bss_start__ = .
 *(SORT_BY_ALIGNMENT(SORT_BY_NAME(.bss*)))
 .bss.default_alarm_pool_entries
                0x0000000020000288      0x100 CMakeFiles/lab06.dir/Users/conor/Desktop/pico/pico-sdk/src/common/pico_time/time.c.obj
 .bss.alarm_callbacks
                0x0000000020000388       0x10 CMakeFiles/lab06.dir/Users/conor/Desktop/pico/pico-sdk/src/rp2_common/hardware_timer/timer.c.obj
 .bss.configured_freq
                0x0000000020000398       0x28 CMakeFiles/lab06.dir/Users/conor/Desktop/pico/pico-sdk/src/rp2_common/hardware_clocks/clocks.c.obj
 .bss.default_alarm_pool_entry_ids_high
                0x00000000200003c0       0x10 CMakeFiles/lab06.dir/Users/conor/Desktop/pico/pico-sdk/src/common/pico_time/time.c.obj
 .bss.default_alarm_pool_heap_nodes
                0x00000000200003d0       0x30 CMakeFiles/lab06.dir/Users/conor/Desktop/pico/pico-sdk/src/common/pico_time/time.c.obj
 .bss.drivers   0x0000000020000400        0x4 CMakeFiles/lab06.dir/Users/conor/Desktop/pico/pico-sdk/src/rp2_common/pico_stdio/stdio.c.obj
 .bss.filter    0x0000000020000404        0x4 CMakeFiles/lab06.dir/Users/conor/Desktop/pico/pico-sdk/src/rp2_common/pico_stdio/stdio.c.obj
 .bss.float_elapsed_time
                0x0000000020000408        0x4 CMakeFiles/lab06.dir/lab06.c.obj
                0x0000000020000408                float_elapsed_time
 .bss.object.0  0x000000002000040c       0x18 /Applications/ArmGNUToolchain/12.2.rel1/arm-none-eabi/bin/../lib/gcc/arm-none-eabi/12.2.1/thumb/v6-m/nofp/crtbegin.o
 .bss.pi_float_un
                0x0000000020000424        0x4 CMakeFiles/lab06.dir/lab06.c.obj
                0x0000000020000424                pi_float_un
 .bss.pools     0x0000000020000428       0x10 CMakeFiles/lab06.dir/Users/conor/Desktop/pico/pico-sdk/src/common/pico_time/time.c.obj
 .bss.sd_table  0x0000000020000438      0x100 CMakeFiles/lab06.dir/Users/conor/Desktop/pico/pico-sdk/src/rp2_common/pico_double/double_init_rom.c.obj
                0x0000000020000438                sd_table
 .bss.sf_clz_func
                0x0000000020000538        0x4 CMakeFiles/lab06.dir/Users/conor/Desktop/pico/pico-sdk/src/rp2_common/pico_double/double_init_rom.c.obj
                0x0000000020000538                sf_clz_func
 .bss.sf_table  0x000000002000053c      0x100 CMakeFiles/lab06.dir/Users/conor/Desktop/pico/pico-sdk/src/rp2_common/pico_float/float_init_rom.c.obj
                0x000000002000053c                sf_table
 .bss.sleep_notifier
                0x000000002000063c        0x4 CMakeFiles/lab06.dir/Users/conor/Desktop/pico/pico-sdk/src/common/pico_time/time.c.obj
 .bss.target_hi
                0x0000000020000640       0x10 CMakeFiles/lab06.dir/Users/conor/Desktop/pico/pico-sdk/src/rp2_common/hardware_timer/timer.c.obj
 .bss.uart_char_to_line_feed
                0x0000000020000650        0x4 CMakeFiles/lab06.dir/Users/conor/Desktop/pico/pico-sdk/src/rp2_common/hardware_uart/uart.c.obj
                0x0000000020000650                uart_char_to_line_feed
 .bss.uart_instance
                0x0000000020000654        0x4 CMakeFiles/lab06.dir/Users/conor/Desktop/pico/pico-sdk/src/rp2_common/pico_stdio_uart/stdio_uart.c.obj
 .bss.claimed   0x0000000020000658        0x1 CMakeFiles/lab06.dir/Users/conor/Desktop/pico/pico-sdk/src/rp2_common/hardware_timer/timer.c.obj
 .bss.irq_hander_chain_free_slot_head
                0x0000000020000659        0x1 CMakeFiles/lab06.dir/Users/conor/Desktop/pico/pico-sdk/src/rp2_common/hardware_irq/irq.c.obj
 .bss.timer_callbacks_pending
                0x000000002000065a        0x1 CMakeFiles/lab06.dir/Users/conor/Desktop/pico/pico-sdk/src/rp2_common/hardware_timer/timer.c.obj
 *(COMMON)
                0x000000002000065c                . = ALIGN (0x4)
 *fill*         0x000000002000065b        0x1 
                0x000000002000065c                __bss_end__ = .

.heap           0x000000002000065c      0x800
                0x000000002000065c                __end__ = .
                0x000000002000065c                end = __end__
 *(.heap*)
 .heap          0x000000002000065c      0x800 CMakeFiles/lab06.dir/Users/conor/Desktop/pico/pico-sdk/src/rp2_common/pico_standard_link/crt0.S.obj
                0x0000000020000e5c                __HeapLimit = .

.stack1_dummy   0x0000000020040000      0x800
 *(.stack1*)
 .stack1        0x0000000020040000      0x800 CMakeFiles/lab06.dir/Users/conor/Desktop/pico/pico-sdk/src/rp2_common/pico_multicore/multicore.c.obj

.stack_dummy    0x0000000020041000      0x800
 *(.stack*)
 .stack         0x0000000020041000      0x800 CMakeFiles/lab06.dir/Users/conor/Desktop/pico/pico-sdk/src/rp2_common/pico_standard_link/crt0.S.obj

.flash_end      0x00000000100055c4        0x0
                0x00000000100055c4                __flash_binary_end = .
                0x0000000020040000                __StackLimit = (ORIGIN (RAM) + LENGTH (RAM))
                0x0000000020041000                __StackOneTop = (ORIGIN (SCRATCH_X) + LENGTH (SCRATCH_X))
                0x0000000020042000                __StackTop = (ORIGIN (SCRATCH_Y) + LENGTH (SCRATCH_Y))
                0x0000000020040800                __StackOneBottom = (__StackOneTop - SIZEOF (.stack1_dummy))
                0x0000000020041800                __StackBottom = (__StackTop - SIZEOF (.stack_dummy))
                0x0000000020042000                PROVIDE (__stack = __StackTop)
                0x0000000000000001                ASSERT ((__StackLimit >= __HeapLimit), region RAM overflowed)
                0x0000000000000001                ASSERT (((__binary_info_header_end - __logical_binary_start) <= 0x100), Binary info must be in first 256 bytes of the binary)
LOAD CMakeFiles/lab06.dir/lab06.c.obj
LOAD CMakeFiles/lab06.dir/lab06.S.obj
LOAD CMakeFiles/lab06.dir/Users/conor/Desktop/pico/pico-sdk/src/rp2_common/pico_stdlib/stdlib.c.obj
LOAD CMakeFiles/lab06.dir/Users/conor/Desktop/pico/pico-sdk/src/rp2_common/hardware_gpio/gpio.c.obj
LOAD CMakeFiles/lab06.dir/Users/conor/Desktop/pico/pico-sdk/src/rp2_common/hardware_claim/claim.c.obj
LOAD CMakeFiles/lab06.dir/Users/conor/Desktop/pico/pico-sdk/src/rp2_common/pico_platform/platform.c.obj
LOAD CMakeFiles/lab06.dir/Users/conor/Desktop/pico/pico-sdk/src/rp2_common/hardware_sync/sync.c.obj
LOAD CMakeFiles/lab06.dir/Users/conor/Desktop/pico/pico-sdk/src/rp2_common/hardware_irq/irq.c.obj
LOAD CMakeFiles/lab06.dir/Users/conor/Desktop/pico/pico-sdk/src/rp2_common/hardware_irq/irq_handler_chain.S.obj
LOAD CMakeFiles/lab06.dir/Users/conor/Desktop/pico/pico-sdk/src/common/pico_sync/sem.c.obj
LOAD CMakeFiles/lab06.dir/Users/conor/Desktop/pico/pico-sdk/src/common/pico_sync/lock_core.c.obj
LOAD CMakeFiles/lab06.dir/Users/conor/Desktop/pico/pico-sdk/src/common/pico_time/time.c.obj
LOAD CMakeFiles/lab06.dir/Users/conor/Desktop/pico/pico-sdk/src/common/pico_time/timeout_helper.c.obj
LOAD CMakeFiles/lab06.dir/Users/conor/Desktop/pico/pico-sdk/src/rp2_common/hardware_timer/timer.c.obj
LOAD CMakeFiles/lab06.dir/Users/conor/Desktop/pico/pico-sdk/src/common/pico_util/datetime.c.obj
LOAD CMakeFiles/lab06.dir/Users/conor/Desktop/pico/pico-sdk/src/common/pico_util/pheap.c.obj
LOAD CMakeFiles/lab06.dir/Users/conor/Desktop/pico/pico-sdk/src/common/pico_util/queue.c.obj
LOAD CMakeFiles/lab06.dir/Users/conor/Desktop/pico/pico-sdk/src/common/pico_sync/mutex.c.obj
LOAD CMakeFiles/lab06.dir/Users/conor/Desktop/pico/pico-sdk/src/common/pico_sync/critical_section.c.obj
LOAD CMakeFiles/lab06.dir/Users/conor/Desktop/pico/pico-sdk/src/rp2_common/hardware_uart/uart.c.obj
LOAD CMakeFiles/lab06.dir/Users/conor/Desktop/pico/pico-sdk/src/rp2_common/hardware_divider/divider.S.obj
LOAD CMakeFiles/lab06.dir/Users/conor/Desktop/pico/pico-sdk/src/rp2_common/pico_runtime/runtime.c.obj
LOAD CMakeFiles/lab06.dir/Users/conor/Desktop/pico/pico-sdk/src/rp2_common/hardware_clocks/clocks.c.obj
LOAD CMakeFiles/lab06.dir/Users/conor/Desktop/pico/pico-sdk/src/rp2_common/hardware_pll/pll.c.obj
LOAD CMakeFiles/lab06.dir/Users/conor/Desktop/pico/pico-sdk/src/rp2_common/hardware_vreg/vreg.c.obj
LOAD CMakeFiles/lab06.dir/Users/conor/Desktop/pico/pico-sdk/src/rp2_common/hardware_watchdog/watchdog.c.obj
LOAD CMakeFiles/lab06.dir/Users/conor/Desktop/pico/pico-sdk/src/rp2_common/hardware_xosc/xosc.c.obj
LOAD CMakeFiles/lab06.dir/Users/conor/Desktop/pico/pico-sdk/src/rp2_common/pico_printf/printf.c.obj
LOAD CMakeFiles/lab06.dir/Users/conor/Desktop/pico/pico-sdk/src/rp2_common/pico_bit_ops/bit_ops_aeabi.S.obj
LOAD CMakeFiles/lab06.dir/Users/conor/Desktop/pico/pico-sdk/src/rp2_common/pico_bootrom/bootrom.c.obj
LOAD CMakeFiles/lab06.dir/Users/conor/Desktop/pico/pico-sdk/src/rp2_common/pico_divider/divider.S.obj
LOAD CMakeFiles/lab06.dir/Users/conor/Desktop/pico/pico-sdk/src/rp2_common/pico_double/double_aeabi.S.obj
LOAD CMakeFiles/lab06.dir/Users/conor/Desktop/pico/pico-sdk/src/rp2_common/pico_double/double_init_rom.c.obj
LOAD CMakeFiles/lab06.dir/Users/conor/Desktop/pico/pico-sdk/src/rp2_common/pico_double/double_math.c.obj
LOAD CMakeFiles/lab06.dir/Users/conor/Desktop/pico/pico-sdk/src/rp2_common/pico_double/double_v1_rom_shim.S.obj
LOAD CMakeFiles/lab06.dir/Users/conor/Desktop/pico/pico-sdk/src/rp2_common/pico_int64_ops/pico_int64_ops_aeabi.S.obj
LOAD CMakeFiles/lab06.dir/Users/conor/Desktop/pico/pico-sdk/src/rp2_common/pico_float/float_aeabi.S.obj
LOAD CMakeFiles/lab06.dir/Users/conor/Desktop/pico/pico-sdk/src/rp2_common/pico_float/float_init_rom.c.obj
LOAD CMakeFiles/lab06.dir/Users/conor/Desktop/pico/pico-sdk/src/rp2_common/pico_float/float_math.c.obj
LOAD CMakeFiles/lab06.dir/Users/conor/Desktop/pico/pico-sdk/src/rp2_common/pico_float/float_v1_rom_shim.S.obj
LOAD CMakeFiles/lab06.dir/Users/conor/Desktop/pico/pico-sdk/src/rp2_common/pico_malloc/pico_malloc.c.obj
LOAD CMakeFiles/lab06.dir/Users/conor/Desktop/pico/pico-sdk/src/rp2_common/pico_mem_ops/mem_ops_aeabi.S.obj
LOAD CMakeFiles/lab06.dir/Users/conor/Desktop/pico/pico-sdk/src/rp2_common/pico_standard_link/crt0.S.obj
LOAD CMakeFiles/lab06.dir/Users/conor/Desktop/pico/pico-sdk/src/rp2_common/pico_standard_link/new_delete.cpp.obj
LOAD CMakeFiles/lab06.dir/Users/conor/Desktop/pico/pico-sdk/src/rp2_common/pico_standard_link/binary_info.c.obj
LOAD CMakeFiles/lab06.dir/Users/conor/Desktop/pico/pico-sdk/src/rp2_common/pico_stdio/stdio.c.obj
LOAD CMakeFiles/lab06.dir/Users/conor/Desktop/pico/pico-sdk/src/rp2_common/pico_stdio_uart/stdio_uart.c.obj
LOAD CMakeFiles/lab06.dir/Users/conor/Desktop/pico/pico-sdk/src/rp2_common/pico_multicore/multicore.c.obj
LOAD /var/folders/tb/ccwl9r592hn9v_xpq9s1bzlr0000gn/T//ccIVFzix.o
LOAD /Applications/ArmGNUToolchain/12.2.rel1/arm-none-eabi/bin/../lib/gcc/arm-none-eabi/12.2.1/../../../../arm-none-eabi/lib/thumb/v6-m/nofp/libstdc++.a
LOAD /Applications/ArmGNUToolchain/12.2.rel1/arm-none-eabi/bin/../lib/gcc/arm-none-eabi/12.2.1/../../../../arm-none-eabi/lib/thumb/v6-m/nofp/libm.a
START GROUP
LOAD /Applications/ArmGNUToolchain/12.2.rel1/arm-none-eabi/bin/../lib/gcc/arm-none-eabi/12.2.1/thumb/v6-m/nofp/libgcc.a
LOAD /Applications/ArmGNUToolchain/12.2.rel1/arm-none-eabi/bin/../lib/gcc/arm-none-eabi/12.2.1/../../../../arm-none-eabi/lib/thumb/v6-m/nofp/libg.a
LOAD /Applications/ArmGNUToolchain/12.2.rel1/arm-none-eabi/bin/../lib/gcc/arm-none-eabi/12.2.1/../../../../arm-none-eabi/lib/thumb/v6-m/nofp/libc.a
END GROUP
START GROUP
LOAD /Applications/ArmGNUToolchain/12.2.rel1/arm-none-eabi/bin/../lib/gcc/arm-none-eabi/12.2.1/thumb/v6-m/nofp/libgcc.a
LOAD /Applications/ArmGNUToolchain/12.2.rel1/arm-none-eabi/bin/../lib/gcc/arm-none-eabi/12.2.1/../../../../arm-none-eabi/lib/thumb/v6-m/nofp/libc.a
LOAD /Applications/ArmGNUToolchain/12.2.rel1/arm-none-eabi/bin/../lib/gcc/arm-none-eabi/12.2.1/../../../../arm-none-eabi/lib/thumb/v6-m/nofp/libnosys.a
END GROUP
LOAD /Applications/ArmGNUToolchain/12.2.rel1/arm-none-eabi/bin/../lib/gcc/arm-none-eabi/12.2.1/thumb/v6-m/nofp/crtend.o
LOAD /Applications/ArmGNUToolchain/12.2.rel1/arm-none-eabi/bin/../lib/gcc/arm-none-eabi/12.2.1/thumb/v6-m/nofp/crtn.o
OUTPUT(lab06.elf elf32-littlearm)
LOAD linker stubs

.ARM.attributes
                0x0000000000000000       0x28
 .ARM.attributes
                0x0000000000000000       0x1e /Applications/ArmGNUToolchain/12.2.rel1/arm-none-eabi/bin/../lib/gcc/arm-none-eabi/12.2.1/thumb/v6-m/nofp/crti.o
 .ARM.attributes
                0x000000000000001e       0x2c /Applications/ArmGNUToolchain/12.2.rel1/arm-none-eabi/bin/../lib/gcc/arm-none-eabi/12.2.1/thumb/v6-m/nofp/crtbegin.o
 .ARM.attributes
                0x000000000000004a       0x2c CMakeFiles/lab06.dir/lab06.c.obj
 .ARM.attributes
                0x0000000000000076       0x2c CMakeFiles/lab06.dir/Users/conor/Desktop/pico/pico-sdk/src/rp2_common/hardware_gpio/gpio.c.obj
 .ARM.attributes
                0x00000000000000a2       0x2c CMakeFiles/lab06.dir/Users/conor/Desktop/pico/pico-sdk/src/rp2_common/hardware_claim/claim.c.obj
 .ARM.attributes
                0x00000000000000ce       0x2c CMakeFiles/lab06.dir/Users/conor/Desktop/pico/pico-sdk/src/rp2_common/pico_platform/platform.c.obj
 .ARM.attributes
                0x00000000000000fa       0x2c CMakeFiles/lab06.dir/Users/conor/Desktop/pico/pico-sdk/src/rp2_common/hardware_sync/sync.c.obj
 .ARM.attributes
                0x0000000000000126       0x2c CMakeFiles/lab06.dir/Users/conor/Desktop/pico/pico-sdk/src/rp2_common/hardware_irq/irq.c.obj
 .ARM.attributes
                0x0000000000000152       0x22 CMakeFiles/lab06.dir/Users/conor/Desktop/pico/pico-sdk/src/rp2_common/hardware_irq/irq_handler_chain.S.obj
 .ARM.attributes
                0x0000000000000174       0x2c CMakeFiles/lab06.dir/Users/conor/Desktop/pico/pico-sdk/src/common/pico_sync/lock_core.c.obj
 .ARM.attributes
                0x00000000000001a0       0x2c CMakeFiles/lab06.dir/Users/conor/Desktop/pico/pico-sdk/src/common/pico_time/time.c.obj
 .ARM.attributes
                0x00000000000001cc       0x2c CMakeFiles/lab06.dir/Users/conor/Desktop/pico/pico-sdk/src/rp2_common/hardware_timer/timer.c.obj
 .ARM.attributes
                0x00000000000001f8       0x2c CMakeFiles/lab06.dir/Users/conor/Desktop/pico/pico-sdk/src/common/pico_util/pheap.c.obj
 .ARM.attributes
                0x0000000000000224       0x2c CMakeFiles/lab06.dir/Users/conor/Desktop/pico/pico-sdk/src/common/pico_sync/mutex.c.obj
 .ARM.attributes
                0x0000000000000250       0x2c CMakeFiles/lab06.dir/Users/conor/Desktop/pico/pico-sdk/src/rp2_common/hardware_uart/uart.c.obj
 .ARM.attributes
                0x000000000000027c       0x2c CMakeFiles/lab06.dir/Users/conor/Desktop/pico/pico-sdk/src/rp2_common/pico_runtime/runtime.c.obj
 .ARM.attributes
                0x00000000000002a8       0x2c CMakeFiles/lab06.dir/Users/conor/Desktop/pico/pico-sdk/src/rp2_common/hardware_clocks/clocks.c.obj
 .ARM.attributes
                0x00000000000002d4       0x2c CMakeFiles/lab06.dir/Users/conor/Desktop/pico/pico-sdk/src/rp2_common/hardware_pll/pll.c.obj
 .ARM.attributes
                0x0000000000000300       0x2c CMakeFiles/lab06.dir/Users/conor/Desktop/pico/pico-sdk/src/rp2_common/hardware_watchdog/watchdog.c.obj
 .ARM.attributes
                0x000000000000032c       0x2c CMakeFiles/lab06.dir/Users/conor/Desktop/pico/pico-sdk/src/rp2_common/hardware_xosc/xosc.c.obj
 .ARM.attributes
                0x0000000000000358       0x2c CMakeFiles/lab06.dir/Users/conor/Desktop/pico/pico-sdk/src/rp2_common/pico_printf/printf.c.obj
 .ARM.attributes
                0x0000000000000384       0x22 CMakeFiles/lab06.dir/Users/conor/Desktop/pico/pico-sdk/src/rp2_common/pico_bit_ops/bit_ops_aeabi.S.obj
 .ARM.attributes
                0x00000000000003a6       0x2c CMakeFiles/lab06.dir/Users/conor/Desktop/pico/pico-sdk/src/rp2_common/pico_bootrom/bootrom.c.obj
 .ARM.attributes
                0x00000000000003d2       0x22 CMakeFiles/lab06.dir/Users/conor/Desktop/pico/pico-sdk/src/rp2_common/pico_divider/divider.S.obj
 .ARM.attributes
                0x00000000000003f4       0x22 CMakeFiles/lab06.dir/Users/conor/Desktop/pico/pico-sdk/src/rp2_common/pico_double/double_aeabi.S.obj
 .ARM.attributes
                0x0000000000000416       0x2c CMakeFiles/lab06.dir/Users/conor/Desktop/pico/pico-sdk/src/rp2_common/pico_double/double_init_rom.c.obj
 .ARM.attributes
                0x0000000000000442       0x22 CMakeFiles/lab06.dir/Users/conor/Desktop/pico/pico-sdk/src/rp2_common/pico_double/double_v1_rom_shim.S.obj
 .ARM.attributes
                0x0000000000000464       0x22 CMakeFiles/lab06.dir/Users/conor/Desktop/pico/pico-sdk/src/rp2_common/pico_float/float_aeabi.S.obj
 .ARM.attributes
                0x0000000000000486       0x2c CMakeFiles/lab06.dir/Users/conor/Desktop/pico/pico-sdk/src/rp2_common/pico_float/float_init_rom.c.obj
 .ARM.attributes
                0x00000000000004b2       0x22 CMakeFiles/lab06.dir/Users/conor/Desktop/pico/pico-sdk/src/rp2_common/pico_float/float_v1_rom_shim.S.obj
 .ARM.attributes
                0x00000000000004d4       0x2c CMakeFiles/lab06.dir/Users/conor/Desktop/pico/pico-sdk/src/rp2_common/pico_malloc/pico_malloc.c.obj
 .ARM.attributes
                0x0000000000000500       0x22 CMakeFiles/lab06.dir/Users/conor/Desktop/pico/pico-sdk/src/rp2_common/pico_mem_ops/mem_ops_aeabi.S.obj
 .ARM.attributes
                0x0000000000000522       0x22 CMakeFiles/lab06.dir/Users/conor/Desktop/pico/pico-sdk/src/rp2_common/pico_standard_link/crt0.S.obj
 .ARM.attributes
                0x0000000000000544       0x2c CMakeFiles/lab06.dir/Users/conor/Desktop/pico/pico-sdk/src/rp2_common/pico_standard_link/binary_info.c.obj
 .ARM.attributes
                0x0000000000000570       0x2c CMakeFiles/lab06.dir/Users/conor/Desktop/pico/pico-sdk/src/rp2_common/pico_stdio/stdio.c.obj
 .ARM.attributes
                0x000000000000059c       0x2c CMakeFiles/lab06.dir/Users/conor/Desktop/pico/pico-sdk/src/rp2_common/pico_stdio_uart/stdio_uart.c.obj
 .ARM.attributes
                0x00000000000005c8       0x2c CMakeFiles/lab06.dir/Users/conor/Desktop/pico/pico-sdk/src/rp2_common/pico_multicore/multicore.c.obj
 .ARM.attributes
                0x00000000000005f4       0x22 /var/folders/tb/ccwl9r592hn9v_xpq9s1bzlr0000gn/T//ccIVFzix.o
 .ARM.attributes
                0x0000000000000616       0x1e /Applications/ArmGNUToolchain/12.2.rel1/arm-none-eabi/bin/../lib/gcc/arm-none-eabi/12.2.1/thumb/v6-m/nofp/libgcc.a(_dvmd_tls.o)
 .ARM.attributes
                0x0000000000000634       0x2c /Applications/ArmGNUToolchain/12.2.rel1/arm-none-eabi/bin/../lib/gcc/arm-none-eabi/12.2.1/../../../../arm-none-eabi/lib/thumb/v6-m/nofp/libg.a(libc_a-strlen-stub.o)
 .ARM.attributes
                0x0000000000000660       0x2c /Applications/ArmGNUToolchain/12.2.rel1/arm-none-eabi/bin/../lib/gcc/arm-none-eabi/12.2.1/thumb/v6-m/nofp/crtend.o

.comment        0x0000000000000000       0x40
 .comment       0x0000000000000000       0x40 CMakeFiles/lab06.dir/lab06.c.obj
                                         0x41 (size before relaxing)
 .comment       0x0000000000000040       0x41 CMakeFiles/lab06.dir/Users/conor/Desktop/pico/pico-sdk/src/rp2_common/hardware_gpio/gpio.c.obj
 .comment       0x0000000000000040       0x41 CMakeFiles/lab06.dir/Users/conor/Desktop/pico/pico-sdk/src/rp2_common/hardware_claim/claim.c.obj
 .comment       0x0000000000000040       0x41 CMakeFiles/lab06.dir/Users/conor/Desktop/pico/pico-sdk/src/rp2_common/pico_platform/platform.c.obj
 .comment       0x0000000000000040       0x41 CMakeFiles/lab06.dir/Users/conor/Desktop/pico/pico-sdk/src/rp2_common/hardware_sync/sync.c.obj
 .comment       0x0000000000000040       0x41 CMakeFiles/lab06.dir/Users/conor/Desktop/pico/pico-sdk/src/rp2_common/hardware_irq/irq.c.obj
 .comment       0x0000000000000040       0x41 CMakeFiles/lab06.dir/Users/conor/Desktop/pico/pico-sdk/src/common/pico_sync/lock_core.c.obj
 .comment       0x0000000000000040       0x41 CMakeFiles/lab06.dir/Users/conor/Desktop/pico/pico-sdk/src/common/pico_time/time.c.obj
 .comment       0x0000000000000040       0x41 CMakeFiles/lab06.dir/Users/conor/Desktop/pico/pico-sdk/src/rp2_common/hardware_timer/timer.c.obj
 .comment       0x0000000000000040       0x41 CMakeFiles/lab06.dir/Users/conor/Desktop/pico/pico-sdk/src/common/pico_util/pheap.c.obj
 .comment       0x0000000000000040       0x41 CMakeFiles/lab06.dir/Users/conor/Desktop/pico/pico-sdk/src/common/pico_sync/mutex.c.obj
 .comment       0x0000000000000040       0x41 CMakeFiles/lab06.dir/Users/conor/Desktop/pico/pico-sdk/src/rp2_common/hardware_uart/uart.c.obj
 .comment       0x0000000000000040       0x41 CMakeFiles/lab06.dir/Users/conor/Desktop/pico/pico-sdk/src/rp2_common/pico_runtime/runtime.c.obj
 .comment       0x0000000000000040       0x41 CMakeFiles/lab06.dir/Users/conor/Desktop/pico/pico-sdk/src/rp2_common/hardware_clocks/clocks.c.obj
 .comment       0x0000000000000040       0x41 CMakeFiles/lab06.dir/Users/conor/Desktop/pico/pico-sdk/src/rp2_common/hardware_pll/pll.c.obj
 .comment       0x0000000000000040       0x41 CMakeFiles/lab06.dir/Users/conor/Desktop/pico/pico-sdk/src/rp2_common/hardware_watchdog/watchdog.c.obj
 .comment       0x0000000000000040       0x41 CMakeFiles/lab06.dir/Users/conor/Desktop/pico/pico-sdk/src/rp2_common/hardware_xosc/xosc.c.obj
 .comment       0x0000000000000040       0x41 CMakeFiles/lab06.dir/Users/conor/Desktop/pico/pico-sdk/src/rp2_common/pico_printf/printf.c.obj
 .comment       0x0000000000000040       0x41 CMakeFiles/lab06.dir/Users/conor/Desktop/pico/pico-sdk/src/rp2_common/pico_bootrom/bootrom.c.obj
 .comment       0x0000000000000040       0x41 CMakeFiles/lab06.dir/Users/conor/Desktop/pico/pico-sdk/src/rp2_common/pico_double/double_init_rom.c.obj
 .comment       0x0000000000000040       0x41 CMakeFiles/lab06.dir/Users/conor/Desktop/pico/pico-sdk/src/rp2_common/pico_float/float_init_rom.c.obj
 .comment       0x0000000000000040       0x41 CMakeFiles/lab06.dir/Users/conor/Desktop/pico/pico-sdk/src/rp2_common/pico_malloc/pico_malloc.c.obj
 .comment       0x0000000000000040       0x41 CMakeFiles/lab06.dir/Users/conor/Desktop/pico/pico-sdk/src/rp2_common/pico_standard_link/binary_info.c.obj
 .comment       0x0000000000000040       0x41 CMakeFiles/lab06.dir/Users/conor/Desktop/pico/pico-sdk/src/rp2_common/pico_stdio/stdio.c.obj
 .comment       0x0000000000000040       0x41 CMakeFiles/lab06.dir/Users/conor/Desktop/pico/pico-sdk/src/rp2_common/pico_stdio_uart/stdio_uart.c.obj
 .comment       0x0000000000000040       0x41 CMakeFiles/lab06.dir/Users/conor/Desktop/pico/pico-sdk/src/rp2_common/pico_multicore/multicore.c.obj

.debug_info     0x0000000000000000    0x14985
 .debug_info    0x0000000000000000      0x9ae CMakeFiles/lab06.dir/lab06.c.obj
 .debug_info    0x00000000000009ae     0x166e CMakeFiles/lab06.dir/Users/conor/Desktop/pico/pico-sdk/src/rp2_common/hardware_gpio/gpio.c.obj
 .debug_info    0x000000000000201c      0x69a CMakeFiles/lab06.dir/Users/conor/Desktop/pico/pico-sdk/src/rp2_common/hardware_claim/claim.c.obj
 .debug_info    0x00000000000026b6      0x1fb CMakeFiles/lab06.dir/Users/conor/Desktop/pico/pico-sdk/src/rp2_common/pico_platform/platform.c.obj
 .debug_info    0x00000000000028b1      0x5db CMakeFiles/lab06.dir/Users/conor/Desktop/pico/pico-sdk/src/rp2_common/hardware_sync/sync.c.obj
 .debug_info    0x0000000000002e8c     0x1bd4 CMakeFiles/lab06.dir/Users/conor/Desktop/pico/pico-sdk/src/rp2_common/hardware_irq/irq.c.obj
 .debug_info    0x0000000000004a60      0x1a3 CMakeFiles/lab06.dir/Users/conor/Desktop/pico/pico-sdk/src/common/pico_sync/lock_core.c.obj
 .debug_info    0x0000000000004c03     0x2f53 CMakeFiles/lab06.dir/Users/conor/Desktop/pico/pico-sdk/src/common/pico_time/time.c.obj
 .debug_info    0x0000000000007b56     0x1165 CMakeFiles/lab06.dir/Users/conor/Desktop/pico/pico-sdk/src/rp2_common/hardware_timer/timer.c.obj
 .debug_info    0x0000000000008cbb      0xe34 CMakeFiles/lab06.dir/Users/conor/Desktop/pico/pico-sdk/src/common/pico_util/pheap.c.obj
 .debug_info    0x0000000000009aef     0x1c83 CMakeFiles/lab06.dir/Users/conor/Desktop/pico/pico-sdk/src/common/pico_sync/mutex.c.obj
 .debug_info    0x000000000000b772      0xb20 CMakeFiles/lab06.dir/Users/conor/Desktop/pico/pico-sdk/src/rp2_common/hardware_uart/uart.c.obj
 .debug_info    0x000000000000c292      0xa56 CMakeFiles/lab06.dir/Users/conor/Desktop/pico/pico-sdk/src/rp2_common/pico_runtime/runtime.c.obj
 .debug_info    0x000000000000cce8      0xf78 CMakeFiles/lab06.dir/Users/conor/Desktop/pico/pico-sdk/src/rp2_common/hardware_clocks/clocks.c.obj
 .debug_info    0x000000000000dc60      0x534 CMakeFiles/lab06.dir/Users/conor/Desktop/pico/pico-sdk/src/rp2_common/hardware_pll/pll.c.obj
 .debug_info    0x000000000000e194      0x4c5 CMakeFiles/lab06.dir/Users/conor/Desktop/pico/pico-sdk/src/rp2_common/hardware_watchdog/watchdog.c.obj
 .debug_info    0x000000000000e659      0x1c7 CMakeFiles/lab06.dir/Users/conor/Desktop/pico/pico-sdk/src/rp2_common/hardware_xosc/xosc.c.obj
 .debug_info    0x000000000000e820     0x19a2 CMakeFiles/lab06.dir/Users/conor/Desktop/pico/pico-sdk/src/rp2_common/pico_printf/printf.c.obj
 .debug_info    0x00000000000101c2       0x23 CMakeFiles/lab06.dir/Users/conor/Desktop/pico/pico-sdk/src/rp2_common/pico_bit_ops/bit_ops_aeabi.S.obj
 .debug_info    0x00000000000101e5      0x325 CMakeFiles/lab06.dir/Users/conor/Desktop/pico/pico-sdk/src/rp2_common/pico_bootrom/bootrom.c.obj
 .debug_info    0x000000000001050a       0x23 CMakeFiles/lab06.dir/Users/conor/Desktop/pico/pico-sdk/src/rp2_common/pico_divider/divider.S.obj
 .debug_info    0x000000000001052d       0x23 CMakeFiles/lab06.dir/Users/conor/Desktop/pico/pico-sdk/src/rp2_common/pico_double/double_aeabi.S.obj
 .debug_info    0x0000000000010550      0x33b CMakeFiles/lab06.dir/Users/conor/Desktop/pico/pico-sdk/src/rp2_common/pico_double/double_init_rom.c.obj
 .debug_info    0x000000000001088b       0x23 CMakeFiles/lab06.dir/Users/conor/Desktop/pico/pico-sdk/src/rp2_common/pico_double/double_v1_rom_shim.S.obj
 .debug_info    0x00000000000108ae       0x23 CMakeFiles/lab06.dir/Users/conor/Desktop/pico/pico-sdk/src/rp2_common/pico_float/float_aeabi.S.obj
 .debug_info    0x00000000000108d1      0x34f CMakeFiles/lab06.dir/Users/conor/Desktop/pico/pico-sdk/src/rp2_common/pico_float/float_init_rom.c.obj
 .debug_info    0x0000000000010c20       0x23 CMakeFiles/lab06.dir/Users/conor/Desktop/pico/pico-sdk/src/rp2_common/pico_float/float_v1_rom_shim.S.obj
 .debug_info    0x0000000000010c43      0x489 CMakeFiles/lab06.dir/Users/conor/Desktop/pico/pico-sdk/src/rp2_common/pico_malloc/pico_malloc.c.obj
 .debug_info    0x00000000000110cc       0x23 CMakeFiles/lab06.dir/Users/conor/Desktop/pico/pico-sdk/src/rp2_common/pico_mem_ops/mem_ops_aeabi.S.obj
 .debug_info    0x00000000000110ef       0x23 CMakeFiles/lab06.dir/Users/conor/Desktop/pico/pico-sdk/src/rp2_common/pico_standard_link/crt0.S.obj
 .debug_info    0x0000000000011112      0x2b3 CMakeFiles/lab06.dir/Users/conor/Desktop/pico/pico-sdk/src/rp2_common/pico_standard_link/binary_info.c.obj
 .debug_info    0x00000000000113c5     0x12b8 CMakeFiles/lab06.dir/Users/conor/Desktop/pico/pico-sdk/src/rp2_common/pico_stdio/stdio.c.obj
 .debug_info    0x000000000001267d      0xc0a CMakeFiles/lab06.dir/Users/conor/Desktop/pico/pico-sdk/src/rp2_common/pico_stdio_uart/stdio_uart.c.obj
 .debug_info    0x0000000000013287     0x16fe CMakeFiles/lab06.dir/Users/conor/Desktop/pico/pico-sdk/src/rp2_common/pico_multicore/multicore.c.obj

.debug_abbrev   0x0000000000000000     0x49e1
 .debug_abbrev  0x0000000000000000      0x25f CMakeFiles/lab06.dir/lab06.c.obj
 .debug_abbrev  0x000000000000025f      0x34c CMakeFiles/lab06.dir/Users/conor/Desktop/pico/pico-sdk/src/rp2_common/hardware_gpio/gpio.c.obj
 .debug_abbrev  0x00000000000005ab      0x2d0 CMakeFiles/lab06.dir/Users/conor/Desktop/pico/pico-sdk/src/rp2_common/hardware_claim/claim.c.obj
 .debug_abbrev  0x000000000000087b       0xf8 CMakeFiles/lab06.dir/Users/conor/Desktop/pico/pico-sdk/src/rp2_common/pico_platform/platform.c.obj
 .debug_abbrev  0x0000000000000973      0x249 CMakeFiles/lab06.dir/Users/conor/Desktop/pico/pico-sdk/src/rp2_common/hardware_sync/sync.c.obj
 .debug_abbrev  0x0000000000000bbc      0x513 CMakeFiles/lab06.dir/Users/conor/Desktop/pico/pico-sdk/src/rp2_common/hardware_irq/irq.c.obj
 .debug_abbrev  0x00000000000010cf      0x116 CMakeFiles/lab06.dir/Users/conor/Desktop/pico/pico-sdk/src/common/pico_sync/lock_core.c.obj
 .debug_abbrev  0x00000000000011e5      0x5b5 CMakeFiles/lab06.dir/Users/conor/Desktop/pico/pico-sdk/src/common/pico_time/time.c.obj
 .debug_abbrev  0x000000000000179a      0x3bd CMakeFiles/lab06.dir/Users/conor/Desktop/pico/pico-sdk/src/rp2_common/hardware_timer/timer.c.obj